Data Structures for Stress Analysis Run : Fri Jul 30 16:58:48 2021


CMaxStruct --->
devName = C
devType = CAP
topLevelRefDes = C1
refDes = C1
spiceDesig = C
scaldPath = C1
simTemp = 27
simTime = 1
        CMaxParam ------>
        keyword = CV
        description = Maximum voltage
        maxOpStatus = 100
        maxOpValue = 50
        maxOpMask = 7
        errorLevel = 0
        peakDeratedMax = 50
        averageDeratedMax = 50
        rmsDeratedMax = 50
        peak = 333.999
        average = 0.0144705
        rms = 240.364
        peakPercent = 667.999
        averagePercent = 0.0289409
        rmsPercent = 480.727
        node1Index = -1
        node1 = 1
        node2Index = -1
        node2 = 2
        currentIndex = -1
        lastValue = 0
        CMaxParam ------>
        keyword = CI
        description = Maximum current
        maxOpStatus = 100
        maxOpValue = 1
        maxOpMask = 7
        errorLevel = 0
        peakDeratedMax = 1
        averageDeratedMax = 1
        rmsDeratedMax = 1
        peak = 0.00111955
        average = 1.33516e-08
        rms = 0.000796701
        peakPercent = 0.111955
        averagePercent = 1.33516e-06
        rmsPercent = 0.0796701
        node1Index = -1
        node2Index = -1
        currentIndex = 0
        portName = 1
        lastValue = 0
CMaxStruct --->
devName = C
devType = CAP
topLevelRefDes = C2
refDes = C2
spiceDesig = C
scaldPath = C2
simTemp = 27
simTime = 1
        CMaxParam ------>
        keyword = CV
        description = Maximum voltage
        maxOpStatus = 100
        maxOpValue = 50
        maxOpMask = 7
        errorLevel = 0
        peakDeratedMax = 50
        averageDeratedMax = 50
        rmsDeratedMax = 50
        peak = 336.409
        average = 0.0169388
        rms = 240.065
        peakPercent = 672.818
        averagePercent = 0.0338775
        rmsPercent = 480.13
        node1Index = -1
        node1 = 1
        node2Index = -1
        node2 = 2
        currentIndex = -1
        lastValue = 0
        CMaxParam ------>
        keyword = CI
        description = Maximum current
        maxOpStatus = 100
        maxOpValue = 1
        maxOpMask = 7
        errorLevel = 0
        peakDeratedMax = 1
        averageDeratedMax = 1
        rmsDeratedMax = 1
        peak = 0.0167664
        average = 2.4683e-06
        rms = 0.0119321
        peakPercent = 1.67664
        averagePercent = 0.00024683
        rmsPercent = 1.19321
        node1Index = -1
        node2Index = -1
        currentIndex = 0
        portName = 1
        lastValue = 0
CMaxStruct --->
devName = R
devType = RES
topLevelRefDes = R1
refDes = R1
spiceDesig = R
scaldPath = R1
simTemp = 27
simTime = 1
        CMaxParam ------>
        keyword = PDM
        description = Maximum power dissipation
        maxOpStatus = 100
        maxOpValue = 0.6
        maxOpMask = 6
        errorLevel = 0
        peakDeratedMax = 0.237888
        averageDeratedMax = 0.376626
        rmsDeratedMax = 0.344651
        peak = 0.281112
        average = 0.142374
        rms = 0.174349
        peakPercent = 118.169
        averagePercent = 37.8026
        rmsPercent = 50.5873
        node1Index = -1
        node2Index = -1
        currentIndex = -1
        lastValue = 0
        CMaxParam ------>
        keyword = RV
        description = Maximum voltage
        maxOpStatus = 101
        maxOpValue = 1e+35
        maxOpMask = 7
        errorLevel = 1
        peakDeratedMax = 1e+35
        averageDeratedMax = 1e+35
        rmsDeratedMax = 1e+35
        peak = -1e+100
        average = 0
        rms = 0
        peakPercent = 0
        averagePercent = 0
        rmsPercent = 0
        node1Index = -1
        node1 = 1
        node2Index = -1
        node2 = 2
        currentIndex = -1
        lastValue = 0
        CMaxParam ------>
        keyword = TB
        description = Maximum breakdown temperature
        maxOpStatus = 100
        maxOpValue = 200
        maxOpMask = 3
        errorLevel = 0
        peakDeratedMax = 200
        averageDeratedMax = 200
        rmsDeratedMax = 200
        peak = 120.704
        average = 74.4581
        rms = 85.1165
        peakPercent = 60.3519
        averagePercent = 37.2291
        rmsPercent = 42.5582
        node1Index = -1
        node2Index = -1
        currentIndex = -1
        lastValue = 0
