Data Structures for Stress Analysis Run : Fri Feb 11 04:47:37 2022


CMaxStruct --->
devName = R
devType = RES
topLevelRefDes = R1
refDes = R1
spiceDesig = R
scaldPath = R1
simTemp = 27
simTime = 5
        CMaxParam ------>
        keyword = PDM
        description = Maximum power dissipation
        maxOpStatus = 100
        maxOpValue = 0.25
        maxOpMask = 6
        errorLevel = 0
        peakDeratedMax = 0.16464
        averageDeratedMax = 0.206555
        rmsDeratedMax = 0.196938
        peak = 0.0516103
        average = 0.0096955
        rms = 0.019312
        peakPercent = 31.3474
        averagePercent = 4.69392
        rmsPercent = 9.80612
        node1Index = -1
        node2Index = -1
        currentIndex = -1
        lastValue = 0
        CMaxParam ------>
        keyword = RV
        description = Maximum voltage
        maxOpStatus = 101
        maxOpValue = 1e+35
        maxOpMask = 7
        errorLevel = 1
        peakDeratedMax = 1e+35
        averageDeratedMax = 1e+35
        rmsDeratedMax = 1e+35
        peak = -1e+100
        average = 0
        rms = 0
        peakPercent = 0
        averagePercent = 0
        rmsPercent = 0
        node1Index = -1
        node1 = 1
        node2Index = -1
        node2 = 2
        currentIndex = -1
        lastValue = 0
        CMaxParam ------>
        keyword = TB
        description = Maximum breakdown temperature
        maxOpStatus = 100
        maxOpValue = 200
        maxOpMask = 3
        errorLevel = 0
        peakDeratedMax = 200
        averageDeratedMax = 200
        rmsDeratedMax = 200
        peak = 68.2882
        average = 34.7564
        rms = 42.4496
        peakPercent = 34.1441
        averagePercent = 17.3782
        rmsPercent = 21.2248
        node1Index = -1
        node2Index = -1
        currentIndex = -1
        lastValue = 0
CMaxStruct --->
devName = R
devType = RES
topLevelRefDes = R2
refDes = R2
spiceDesig = R
scaldPath = R2
simTemp = 27
simTime = 5
        CMaxParam ------>
        keyword = PDM
        description = Maximum power dissipation
        maxOpStatus = 100
        maxOpValue = 0.25
        maxOpMask = 6
        errorLevel = 0
        peakDeratedMax = 0.16464
        averageDeratedMax = 0.206566
        rmsDeratedMax = 0.196962
        peak = 0.05161
        average = 0.0096844
        rms = 0.0192879
        peakPercent = 31.3471
        averagePercent = 4.68829
        rmsPercent = 9.7927
        node1Index = -1
        node2Index = -1
        currentIndex = -1
        lastValue = 0
        CMaxParam ------>
        keyword = RV
        description = Maximum voltage
        maxOpStatus = 101
        maxOpValue = 1e+35
        maxOpMask = 7
        errorLevel = 1
        peakDeratedMax = 1e+35
        averageDeratedMax = 1e+35
        rmsDeratedMax = 1e+35
        peak = -1e+100
        average = 0
        rms = 0
        peakPercent = 0
        averagePercent = 0
        rmsPercent = 0
        node1Index = -1
        node1 = 1
        node2Index = -1
        node2 = 2
        currentIndex = -1
        lastValue = 0
        CMaxParam ------>
        keyword = TB
        description = Maximum breakdown temperature
        maxOpStatus = 100
        maxOpValue = 200
        maxOpMask = 3
        errorLevel = 0
        peakDeratedMax = 200
        averageDeratedMax = 200
        rmsDeratedMax = 200
        peak = 68.288
        average = 34.7475
        rms = 42.4303
        peakPercent = 34.144
        averagePercent = 17.3738
        rmsPercent = 21.2152
        node1Index = -1
        node2Index = -1
        currentIndex = -1
        lastValue = 0
CMaxStruct --->
devName = D1N4004
devType = DIODE
topLevelRefDes = D1
refDes = D1
spiceDesig = X
scaldPath = D1
simTemp = 27
simTime = 5
        CMaxParam ------>
        keyword = IF
        description = Max forward current
        maxOpStatus = 100
        maxOpValue = 1
        maxOpMask = 3
        errorLevel = 0
        peakDeratedMax = 1
        averageDeratedMax = 1
        rmsDeratedMax = 1
        peak = 0.00153186
        average = 0.000372439
        rms = 0.000663943
        peakPercent = 0.153186
        averagePercent = 0.0372439
        rmsPercent = 0.0663943
        node1Index = -1
        node2Index = -1
        currentIndex = -1
        portName = 1
        lastValue = 0
        CMaxParam ------>
        keyword = PDM
        description = Maximum power dissipation
        maxOpStatus = 100
        maxOpValue = 1.48
        maxOpMask = 6
        errorLevel = 0
        peakDeratedMax = 1.48
        averageDeratedMax = 1.48
        rmsDeratedMax = 1.48
        peak = 0.000911518
        average = 0.000215147
        rms = 0.000388405
        peakPercent = 0.061589
        averagePercent = 0.014537
        rmsPercent = 0.0262436
        node1Index = -1
        node2Index = -1
        currentIndex = -1
        lastValue = 0
        CMaxParam ------>
        keyword = TJ
        description = Maximum junction temperature
        maxOpStatus = 100
        maxOpValue = 175
        maxOpMask = 3
        errorLevel = 0
        peakDeratedMax = 175
        averageDeratedMax = 175
        rmsDeratedMax = 175
        peak = 27.0912
        average = 27.0215
        rms = 27.0388
        peakPercent = 15.4807
        averagePercent = 15.4409
        rmsPercent = 15.4508
        node1Index = -1
        node2Index = -1
        currentIndex = -1
        lastValue = 0
        CMaxParam ------>
        keyword = VR
        description = Peak reverse voltage
        maxOpStatus = 100
        maxOpValue = 400
        maxOpMask = 4
        errorLevel = 0
        peakDeratedMax = 400
        averageDeratedMax = 400
        rmsDeratedMax = 400
        peak = 35.7084
        average = 10.8312
        rms = 17.5281
        peakPercent = 8.9271
        averagePercent = 2.70779
        rmsPercent = 4.38202
        node1Index = -1
        node1 = 2
        node2Index = -1
        node2 = 1
        currentIndex = -1
        lastValue = 0
CMaxStruct --->
devName = D1N4004
devType = DIODE
topLevelRefDes = D2
refDes = D2
spiceDesig = X
scaldPath = D2
simTemp = 27
simTime = 5
        CMaxParam ------>
        keyword = IF
        description = Max forward current
        maxOpStatus = 100
        maxOpValue = 1
        maxOpMask = 3
        errorLevel = 0
        peakDeratedMax = 1
        averageDeratedMax = 1
        rmsDeratedMax = 1
        peak = 0.00153201
        average = 0.00037238
        rms = 0.000663567
        peakPercent = 0.153201
        averagePercent = 0.037238
        rmsPercent = 0.0663567
        node1Index = -1
        node2Index = -1
        currentIndex = -1
        portName = 1
        lastValue = 0
        CMaxParam ------>
        keyword = PDM
        description = Maximum power dissipation
        maxOpStatus = 100
        maxOpValue = 1.48
        maxOpMask = 6
        errorLevel = 0
        peakDeratedMax = 1.48
        averageDeratedMax = 1.48
        rmsDeratedMax = 1.48
        peak = 0.000911612
        average = 0.000215089
        rms = 0.000388156
        peakPercent = 0.0615954
        averagePercent = 0.0145331
        rmsPercent = 0.0262268
        node1Index = -1
        node2Index = -1
        currentIndex = -1
        lastValue = 0
        CMaxParam ------>
        keyword = TJ
        description = Maximum junction temperature
        maxOpStatus = 100
        maxOpValue = 175
        maxOpMask = 3
        errorLevel = 0
        peakDeratedMax = 175
        averageDeratedMax = 175
        rmsDeratedMax = 175
        peak = 27.0912
        average = 27.0215
        rms = 27.0388
        peakPercent = 15.4807
        averagePercent = 15.4409
        rmsPercent = 15.4508
        node1Index = -1
        node2Index = -1
        currentIndex = -1
        lastValue = 0
        CMaxParam ------>
        keyword = VR
        description = Peak reverse voltage
        maxOpStatus = 100
        maxOpValue = 400
        maxOpMask = 4
        errorLevel = 0
        peakDeratedMax = 400
        averageDeratedMax = 400
        rmsDeratedMax = 400
        peak = 35.7085
        average = 10.8332
        rms = 17.5389
        peakPercent = 8.92713
        averagePercent = 2.70831
        rmsPercent = 4.38471
        node1Index = -1
        node1 = 2
        node2Index = -1
        node2 = 1
        currentIndex = -1
        lastValue = 0
CMaxStruct --->
devName = R
devType = RES
topLevelRefDes = R3
refDes = R3
spiceDesig = R
scaldPath = R3
simTemp = 27
simTime = 5
        CMaxParam ------>
        keyword = PDM
        description = Maximum power dissipation
        maxOpStatus = 100
        maxOpValue = 0.25
        maxOpMask = 6
        errorLevel = 0
        peakDeratedMax = 0.2162
        averageDeratedMax = 0.216213
        rmsDeratedMax = 0.216209
        peak = 5.02471e-05
        average = 3.7484e-05
        rms = 4.14524e-05
        peakPercent = 0.0232411
        averagePercent = 0.0173366
        rmsPercent = 0.0191724
        node1Index = -1
        node2Index = -1
        currentIndex = -1
        lastValue = 0
        CMaxParam ------>
        keyword = RV
        description = Maximum voltage
        maxOpStatus = 101
        maxOpValue = 1e+35
        maxOpMask = 7
        errorLevel = 1
        peakDeratedMax = 1e+35
        averageDeratedMax = 1e+35
        rmsDeratedMax = 1e+35
        peak = -1e+100
        average = 0
        rms = 0
        peakPercent = 0
        averagePercent = 0
        rmsPercent = 0
        node1Index = -1
        node1 = 1
        node2Index = -1
        node2 = 2
        currentIndex = -1
        lastValue = 0
        CMaxParam ------>
        keyword = TB
        description = Maximum breakdown temperature
        maxOpStatus = 100
        maxOpValue = 200
        maxOpMask = 3
        errorLevel = 0
        peakDeratedMax = 200
        averageDeratedMax = 200
        rmsDeratedMax = 200
        peak = 27.0402
        average = 27.03
        rms = 27.0332
        peakPercent = 13.5201
        averagePercent = 13.515
        rmsPercent = 13.5166
        node1Index = -1
        node2Index = -1
        currentIndex = -1
        lastValue = 0
CMaxStruct --->
devName = MPSA42
devType = NPN
topLevelRefDes = Q1
refDes = Q1
spiceDesig = X
scaldPath = Q1
simTemp = 27
simTime = 5
        CMaxParam ------>
        keyword = IC
        description = Max collector current
        maxOpStatus = 100
        maxOpValue = 0.5
        maxOpMask = 3
        errorLevel = 0
        peakDeratedMax = 0.5
        averageDeratedMax = 0.5
        rmsDeratedMax = 0.5
        peak = 0.00319092
        average = 0.000400077
        rms = 0.000481264
        peakPercent = 0.638185
        averagePercent = 0.0800154
        rmsPercent = 0.0962528
        node1Index = -1
        node2Index = -1
        currentIndex = -1
        portName = C
        lastValue = 0
        CMaxParam ------>
        keyword = IB
        description = Max base current
        maxOpStatus = 101
        maxOpValue = 1e+35
        maxOpMask = 2
        errorLevel = 1
        peakDeratedMax = 1e+35
        averageDeratedMax = 1e+35
        rmsDeratedMax = 1e+35
        peak = -1e+100
        average = 0
        rms = 0
        peakPercent = 0
        averagePercent = 0
        rmsPercent = 0
        node1Index = -1
        node2Index = -1
        currentIndex = -1
        portName = B
        lastValue = 0
        CMaxParam ------>
        keyword = PDM
        description = Maximum power dissipation
        maxOpStatus = 100
        maxOpValue = 0.615
        maxOpMask = 6
        errorLevel = 0
        peakDeratedMax = 0.615
        averageDeratedMax = 0.615
        rmsDeratedMax = 0.615
        peak = 0.00103981
        average = 0.000486996
        rms = 0.000624751
        peakPercent = 0.169075
        averagePercent = 0.0791863
        rmsPercent = 0.101586
        node1Index = -1
        node2Index = -1
        currentIndex = -1
        lastValue = 0
        CMaxParam ------>
        keyword = SB
        description = Maximum secondary breakdown
        maxOpStatus = 101
        maxOpValue = 1e+35
        maxOpMask = 2
        errorLevel = 1
        peakDeratedMax = 1e+35
        averageDeratedMax = 1e+35
        rmsDeratedMax = 1e+35
        peak = -1e+100
        average = 0
        rms = 0
        peakPercent = 0
        averagePercent = 0
        rmsPercent = 0
        node1Index = -1
        node1 = C
        node2Index = -1
        node2 = E
        currentIndex = -1
        portName = C
        lastValue = 0
        CMaxParam ------>
        keyword = TJ
        description = Maximum junction temperature
        maxOpStatus = 100
        maxOpValue = 150
        maxOpMask = 3
        errorLevel = 0
        peakDeratedMax = 150
        averageDeratedMax = 150
        rmsDeratedMax = 150
        peak = 27.208
        average = 27.0974
        rms = 27.125
        peakPercent = 18.1386
        averagePercent = 18.0649
        rmsPercent = 18.0833
        node1Index = -1
        node2Index = -1
        currentIndex = -1
        lastValue = 0
        CMaxParam ------>
        keyword = VCB
        description = Max C-B voltage
        maxOpStatus = 100
        maxOpValue = 300
        maxOpMask = 1
        errorLevel = 0
        peakDeratedMax = 300
        averageDeratedMax = 300
        rmsDeratedMax = 300
        peak = 0.704844
        average = -0.417911
        rms = 0.62817
        peakPercent = 0.234948
        averagePercent = 0
        rmsPercent = 0.20939
        node1Index = -1
        node1 = C
        node2Index = -1
        node2 = B
        currentIndex = -1
        lastValue = 0
        CMaxParam ------>
        keyword = VCE
        description = Max C-E voltage
        maxOpStatus = 100
        maxOpValue = 300
        maxOpMask = 1
        errorLevel = 0
        peakDeratedMax = 300
        averageDeratedMax = 300
        rmsDeratedMax = 300
        peak = 0.764095
        average = 0.157627
        rms = 0.310745
        peakPercent = 0.254698
        averagePercent = 0.0525422
        rmsPercent = 0.103582
        node1Index = -1
        node1 = C
        node2Index = -1
        node2 = E
        currentIndex = -1
        lastValue = 0
        CMaxParam ------>
        keyword = VEB
        description = Max E-B voltage
        maxOpStatus = 100
        maxOpValue = 6
        maxOpMask = 1
        errorLevel = 0
        peakDeratedMax = 6
        averageDeratedMax = 6
        rmsDeratedMax = 6
        peak = 0.0157624
        average = -0.575538
        rms = 0.612242
        peakPercent = 0.262706
        averagePercent = 0
        rmsPercent = 10.204
        node1Index = -1
        node1 = E
        node2Index = -1
        node2 = B
        currentIndex = -1
        lastValue = 0
CMaxStruct --->
devName = R
devType = RES
topLevelRefDes = R4
refDes = R4
spiceDesig = R
scaldPath = R4
simTemp = 27
simTime = 5
        CMaxParam ------>
        keyword = PDM
        description = Maximum power dissipation
        maxOpStatus = 100
        maxOpValue = 0.25
        maxOpMask = 6
        errorLevel = 0
        peakDeratedMax = 0.215232
        averageDeratedMax = 0.216227
        rmsDeratedMax = 0.216202
        peak = 0.00101804
        average = 2.3168e-05
        rms = 4.82153e-05
        peakPercent = 0.472995
        averagePercent = 0.0107147
        rmsPercent = 0.0223011
        node1Index = -1
        node2Index = -1
        currentIndex = -1
        lastValue = 0
        CMaxParam ------>
        keyword = RV
        description = Maximum voltage
        maxOpStatus = 101
        maxOpValue = 1e+35
        maxOpMask = 7
        errorLevel = 1
        peakDeratedMax = 1e+35
        averageDeratedMax = 1e+35
        rmsDeratedMax = 1e+35
        peak = -1e+100
        average = 0
        rms = 0
        peakPercent = 0
        averagePercent = 0
        rmsPercent = 0
        node1Index = -1
        node1 = 1
        node2Index = -1
        node2 = 2
        currentIndex = -1
        lastValue = 0
        CMaxParam ------>
        keyword = TB
        description = Maximum breakdown temperature
        maxOpStatus = 100
        maxOpValue = 200
        maxOpMask = 3
        errorLevel = 0
        peakDeratedMax = 200
        averageDeratedMax = 200
        rmsDeratedMax = 200
        peak = 27.8144
        average = 27.0185
        rms = 27.0386
        peakPercent = 13.9072
        averagePercent = 13.5093
        rmsPercent = 13.5193
        node1Index = -1
        node2Index = -1
        currentIndex = -1
        lastValue = 0
CMaxStruct --->
devName = R
devType = RES
topLevelRefDes = R5
refDes = R5
spiceDesig = R
scaldPath = R5
simTemp = 27
simTime = 5
        CMaxParam ------>
        keyword = PDM
        description = Maximum power dissipation
        maxOpStatus = 100
        maxOpValue = 0.25
        maxOpMask = 6
        errorLevel = 0
        peakDeratedMax = 0.191305
        averageDeratedMax = 0.191447
        rmsDeratedMax = 0.191445
        peak = 0.024945
        average = 0.0248034
        rms = 0.0248046
        peakPercent = 13.0394
        averagePercent = 12.9558
        rmsPercent = 12.9565
        node1Index = -1
        node2Index = -1
        currentIndex = -1
        lastValue = 0
        CMaxParam ------>
        keyword = RV
        description = Maximum voltage
        maxOpStatus = 101
        maxOpValue = 1e+35
        maxOpMask = 7
        errorLevel = 1
        peakDeratedMax = 1e+35
        averageDeratedMax = 1e+35
        rmsDeratedMax = 1e+35
        peak = -1e+100
        average = 0
        rms = 0
        peakPercent = 0
        averagePercent = 0
        rmsPercent = 0
        node1Index = -1
        node1 = 1
        node2Index = -1
        node2 = 2
        currentIndex = -1
        lastValue = 0
        CMaxParam ------>
        keyword = TB
        description = Maximum breakdown temperature
        maxOpStatus = 100
        maxOpValue = 200
        maxOpMask = 3
        errorLevel = 0
        peakDeratedMax = 200
        averageDeratedMax = 200
        rmsDeratedMax = 200
        peak = 46.956
        average = 46.8427
        rms = 46.8437
        peakPercent = 23.478
        averagePercent = 23.4213
        rmsPercent = 23.4218
        node1Index = -1
        node2Index = -1
        currentIndex = -1
        lastValue = 0
CMaxStruct --->
devName = C
devType = CAP
topLevelRefDes = C1
refDes = C1
spiceDesig = C
scaldPath = C1
simTemp = 27
simTime = 5
        CMaxParam ------>
        keyword = CV
        description = Maximum voltage
        maxOpStatus = 100
        maxOpValue = 50
        maxOpMask = 7
        errorLevel = 0
        peakDeratedMax = 50
        averageDeratedMax = 50
        rmsDeratedMax = 50
        peak = 0.764095
        average = 0.197641
        rms = 0.316935
        peakPercent = 1.52819
        averagePercent = 0.395282
        rmsPercent = 0.63387
        node1Index = -1
        node1 = 1
        node2Index = -1
        node2 = 2
        currentIndex = -1
        lastValue = 0
        CMaxParam ------>
        keyword = CI
        description = Maximum current
        maxOpStatus = 100
        maxOpValue = 1
        maxOpMask = 7
        errorLevel = 0
        peakDeratedMax = 1
        averageDeratedMax = 1
        rmsDeratedMax = 1
        peak = 0.00269553
        average = 1.0766e-06
        rms = 0.000177271
        peakPercent = 0.269553
        averagePercent = 0.00010766
        rmsPercent = 0.0177271
        node1Index = -1
        node2Index = -1
        currentIndex = 0
        portName = 1
        lastValue = 0
CMaxStruct --->
devName = MPSA42
devType = NPN
topLevelRefDes = Q2
refDes = Q2
spiceDesig = X
scaldPath = Q2
simTemp = 27
simTime = 5
        CMaxParam ------>
        keyword = IC
        description = Max collector current
        maxOpStatus = 100
        maxOpValue = 0.5
        maxOpMask = 3
        errorLevel = 0
        peakDeratedMax = 0.5
        averageDeratedMax = 0.5
        rmsDeratedMax = 0.5
        peak = 0.060845
        average = 0.000127125
        rms = 0.00188847
        peakPercent = 12.169
        averagePercent = 0.0254249
        rmsPercent = 0.377695
        node1Index = -1
        node2Index = -1
        currentIndex = -1
        portName = C
        lastValue = 0
        CMaxParam ------>
        keyword = IB
        description = Max base current
        maxOpStatus = 101
        maxOpValue = 1e+35
        maxOpMask = 2
        errorLevel = 1
        peakDeratedMax = 1e+35
        averageDeratedMax = 1e+35
        rmsDeratedMax = 1e+35
        peak = -1e+100
        average = 0
        rms = 0
        peakPercent = 0
        averagePercent = 0
        rmsPercent = 0
        node1Index = -1
        node2Index = -1
        currentIndex = -1
        portName = B
        lastValue = 0
        CMaxParam ------>
        keyword = PDM
        description = Maximum power dissipation
        maxOpStatus = 100
        maxOpValue = 0.615
        maxOpMask = 6
        errorLevel = 0
        peakDeratedMax = 0.615
        averageDeratedMax = 0.615
        rmsDeratedMax = 0.615
        peak = 0.545198
        average = 0.000601653
        rms = 0.0126008
        peakPercent = 88.65
        averagePercent = 0.0978297
        rmsPercent = 2.0489
        node1Index = -1
        node2Index = -1
        currentIndex = -1
        lastValue = 0
        CMaxParam ------>
        keyword = SB
        description = Maximum secondary breakdown
        maxOpStatus = 101
        maxOpValue = 1e+35
        maxOpMask = 2
        errorLevel = 1
        peakDeratedMax = 1e+35
        averageDeratedMax = 1e+35
        rmsDeratedMax = 1e+35
        peak = -1e+100
        average = 0
        rms = 0
        peakPercent = 0
        averagePercent = 0
        rmsPercent = 0
        node1Index = -1
        node1 = C
        node2Index = -1
        node2 = E
        currentIndex = -1
        portName = C
        lastValue = 0
        CMaxParam ------>
        keyword = TJ
        description = Maximum junction temperature
        maxOpStatus = 100
        maxOpValue = 150
        maxOpMask = 3
        errorLevel = 0
        peakDeratedMax = 150
        averageDeratedMax = 150
        rmsDeratedMax = 150
        peak = 136.04
        average = 27.1203
        rms = 29.5202
        peakPercent = 90.693
        averagePercent = 18.0802
        rmsPercent = 19.6801
        node1Index = -1
        node2Index = -1
        currentIndex = -1
        lastValue = 0
        CMaxParam ------>
        keyword = VCB
        description = Max C-B voltage
        maxOpStatus = 100
        maxOpValue = 300
        maxOpMask = 1
        errorLevel = 0
        peakDeratedMax = 300
        averageDeratedMax = 300
        rmsDeratedMax = 300
        peak = 16.4198
        average = 9.58622
        rms = 11.7666
        peakPercent = 5.47327
        averagePercent = 3.19541
        rmsPercent = 3.92219
        node1Index = -1
        node1 = C
        node2Index = -1
        node2 = B
        currentIndex = -1
        lastValue = 0
        CMaxParam ------>
        keyword = VCE
        description = Max C-E voltage
        maxOpStatus = 100
        maxOpValue = 300
        maxOpMask = 1
        errorLevel = 0
        peakDeratedMax = 300
        averageDeratedMax = 300
        rmsDeratedMax = 300
        peak = 16.4782
        average = 9.78387
        rms = 11.8287
        peakPercent = 5.49272
        averagePercent = 3.26129
        rmsPercent = 3.94289
        node1Index = -1
        node1 = C
        node2Index = -1
        node2 = E
        currentIndex = -1
        lastValue = 0
        CMaxParam ------>
        keyword = VEB
        description = Max E-B voltage
        maxOpStatus = 100
        maxOpValue = 6
        maxOpMask = 1
        errorLevel = 0
        peakDeratedMax = 6
        averageDeratedMax = 6
        rmsDeratedMax = 6
        peak = -0.0550722
        average = -0.197641
        rms = 0.316935
        peakPercent = 0
        averagePercent = 0
        rmsPercent = 5.28225
        node1Index = -1
        node1 = E
        node2Index = -1
        node2 = B
        currentIndex = -1
        lastValue = 0
CMaxStruct --->
devName = C
devType = CAP
topLevelRefDes = C2
refDes = C2
spiceDesig = C
scaldPath = C2
simTemp = 27
simTime = 5
        CMaxParam ------>
        keyword = CV
        description = Maximum voltage
        maxOpStatus = 100
        maxOpValue = 50
        maxOpMask = 7
        errorLevel = 0
        peakDeratedMax = 50
        averageDeratedMax = 50
        rmsDeratedMax = 50
        peak = 16.4782
        average = 9.79658
        rms = 11.8347
        peakPercent = 32.9563
        averagePercent = 19.5932
        rmsPercent = 23.6694
        node1Index = -1
        node1 = 1
        node2Index = -1
        node2 = 2
        currentIndex = -1
        lastValue = 0
        CMaxParam ------>
        keyword = CI
        description = Maximum current
        maxOpStatus = 100
        maxOpValue = 1
        maxOpMask = 7
        errorLevel = 0
        peakDeratedMax = 1
        averageDeratedMax = 1
        rmsDeratedMax = 1
        peak = 0.0609674
        average = 1.25283e-06
        rms = 0.00189215
        peakPercent = 6.09674
        averagePercent = 0.000125283
        rmsPercent = 0.189215
        node1Index = -1
        node2Index = -1
        currentIndex = 0
        portName = 1
        lastValue = 0
CMaxStruct --->
devName = R
devType = RES
topLevelRefDes = R6
refDes = R6
spiceDesig = R
scaldPath = R6
simTemp = 27
simTime = 5
        CMaxParam ------>
        keyword = PDM
        description = Maximum power dissipation
        maxOpStatus = 100
        maxOpValue = 0.25
        maxOpMask = 6
        errorLevel = 0
        peakDeratedMax = 0.204896
        averageDeratedMax = 0.208703
        rmsDeratedMax = 0.208296
        peak = 0.0113543
        average = 0.00754728
        rms = 0.00795401
        peakPercent = 5.54152
        averagePercent = 3.61628
        rmsPercent = 3.81861
        node1Index = -1
        node2Index = -1
        currentIndex = -1
        lastValue = 0
        CMaxParam ------>
        keyword = RV
        description = Maximum voltage
        maxOpStatus = 101
        maxOpValue = 1e+35
        maxOpMask = 7
        errorLevel = 1
        peakDeratedMax = 1e+35
        averageDeratedMax = 1e+35
        rmsDeratedMax = 1e+35
        peak = -1e+100
        average = 0
        rms = 0
        peakPercent = 0
        averagePercent = 0
        rmsPercent = 0
        node1Index = -1
        node1 = 1
        node2Index = -1
        node2 = 2
        currentIndex = -1
        lastValue = 0
        CMaxParam ------>
        keyword = TB
        description = Maximum breakdown temperature
        maxOpStatus = 100
        maxOpValue = 200
        maxOpMask = 3
        errorLevel = 0
        peakDeratedMax = 200
        averageDeratedMax = 200
        rmsDeratedMax = 200
        peak = 36.0835
        average = 33.0378
        rms = 33.3632
        peakPercent = 18.0417
        averagePercent = 16.5189
        rmsPercent = 16.6816
        node1Index = -1
        node2Index = -1
        currentIndex = -1
        lastValue = 0
CMaxStruct --->
devName = R
devType = RES
topLevelRefDes = R7
refDes = R7
spiceDesig = R
scaldPath = R7
simTemp = 27
simTime = 5
        CMaxParam ------>
        keyword = PDM
        description = Maximum power dissipation
        maxOpStatus = 100
        maxOpValue = 0.25
        maxOpMask = 6
        errorLevel = 0
        peakDeratedMax = 0
        averageDeratedMax = 0.215893
        rmsDeratedMax = 0.20717
        peak = 0.37009
        average = 0.000356579
        rms = 0.00908029
        peakPercent = 1e+35
        averagePercent = 0.165164
        rmsPercent = 4.38302
        node1Index = -1
        node2Index = -1
        currentIndex = -1
        lastValue = 0
        CMaxParam ------>
        keyword = RV
        description = Maximum voltage
        maxOpStatus = 101
        maxOpValue = 1e+35
        maxOpMask = 7
        errorLevel = 1
        peakDeratedMax = 1e+35
        averageDeratedMax = 1e+35
        rmsDeratedMax = 1e+35
        peak = -1e+100
        average = 0
        rms = 0
        peakPercent = 0
        averagePercent = 0
        rmsPercent = 0
        node1Index = -1
        node1 = 1
        node2Index = -1
        node2 = 2
        currentIndex = -1
        lastValue = 0
        CMaxParam ------>
        keyword = TB
        description = Maximum breakdown temperature
        maxOpStatus = 100
        maxOpValue = 200
        maxOpMask = 3
        errorLevel = 0
        peakDeratedMax = 200
        averageDeratedMax = 200
        rmsDeratedMax = 200
        peak = 323.072
        average = 27.2853
        rms = 34.2642
        peakPercent = 161.536
        averagePercent = 13.6426
        rmsPercent = 17.1321
        node1Index = -1
        node2Index = -1
        currentIndex = -1
        lastValue = 0
CMaxStruct --->
devName = MPSA42
devType = NPN
topLevelRefDes = Q3
refDes = Q3
spiceDesig = X
scaldPath = Q3
simTemp = 27
simTime = 5
        CMaxParam ------>
        keyword = IC
        description = Max collector current
        maxOpStatus = 100
        maxOpValue = 0.5
        maxOpMask = 3
        errorLevel = 0
        peakDeratedMax = 0.5
        averageDeratedMax = 0.5
        rmsDeratedMax = 0.5
        peak = 0.0202042
        average = 0.00449126
        rms = 0.00858789
        peakPercent = 4.04083
        averagePercent = 0.898253
        rmsPercent = 1.71758
        node1Index = -1
        node2Index = -1
        currentIndex = -1
        portName = C
        lastValue = 0
        CMaxParam ------>
        keyword = IB
        description = Max base current
        maxOpStatus = 101
        maxOpValue = 1e+35
        maxOpMask = 2
        errorLevel = 1
        peakDeratedMax = 1e+35
        averageDeratedMax = 1e+35
        rmsDeratedMax = 1e+35
        peak = -1e+100
        average = 0
        rms = 0
        peakPercent = 0
        averagePercent = 0
        rmsPercent = 0
        node1Index = -1
        node2Index = -1
        currentIndex = -1
        portName = B
        lastValue = 0
        CMaxParam ------>
        keyword = PDM
        description = Maximum power dissipation
        maxOpStatus = 100
        maxOpValue = 0.615
        maxOpMask = 6
        errorLevel = 0
        peakDeratedMax = 0.534527
        averageDeratedMax = 0.615
        rmsDeratedMax = 0.615
        peak = 0.672441
        average = 0.149759
        rms = 0.286196
        peakPercent = 125.801
        averagePercent = 24.3511
        rmsPercent = 46.5359
        node1Index = -1
        node2Index = -1
        currentIndex = -1
        lastValue = 0
        CMaxParam ------>
        keyword = SB
        description = Maximum secondary breakdown
        maxOpStatus = 101
        maxOpValue = 1e+35
        maxOpMask = 2
        errorLevel = 1
        peakDeratedMax = 1e+35
        averageDeratedMax = 1e+35
        rmsDeratedMax = 1e+35
        peak = -1e+100
        average = 0
        rms = 0
        peakPercent = 0
        averagePercent = 0
        rmsPercent = 0
        node1Index = -1
        node1 = C
        node2Index = -1
        node2 = E
        currentIndex = -1
        portName = C
        lastValue = 0
        CMaxParam ------>
        keyword = TJ
        description = Maximum junction temperature
        maxOpStatus = 100
        maxOpValue = 150
        maxOpMask = 3
        errorLevel = 0
        peakDeratedMax = 150
        averageDeratedMax = 150
        rmsDeratedMax = 150
        peak = 161.488
        average = 56.9519
        rms = 84.2391
        peakPercent = 107.659
        averagePercent = 37.9679
        rmsPercent = 56.1594
        node1Index = -1
        node2Index = -1
        currentIndex = -1
        lastValue = 0
        CMaxParam ------>
        keyword = VCB
        description = Max C-B voltage
        maxOpStatus = 100
        maxOpValue = 300
        maxOpMask = 1
        errorLevel = 0
        peakDeratedMax = 300
        averageDeratedMax = 300
        rmsDeratedMax = 300
        peak = 49.9796
        average = 39.9033
        rms = 40.503
        peakPercent = 16.6599
        averagePercent = 13.3011
        rmsPercent = 13.501
        node1Index = -1
        node1 = C
        node2Index = -1
        node2 = B
        currentIndex = -1
        lastValue = 0
        CMaxParam ------>
        keyword = VCE
        description = Max C-E voltage
        maxOpStatus = 100
        maxOpValue = 300
        maxOpMask = 1
        errorLevel = 0
        peakDeratedMax = 300
        averageDeratedMax = 300
        rmsDeratedMax = 300
        peak = 42.7802
        average = 34.496
        rms = 34.5067
        peakPercent = 14.2601
        averagePercent = 11.4987
        rmsPercent = 11.5022
        node1Index = -1
        node1 = C
        node2Index = -1
        node2 = E
        currentIndex = -1
        lastValue = 0
        CMaxParam ------>
        keyword = VEB
        description = Max E-B voltage
        maxOpStatus = 100
        maxOpValue = 6
        maxOpMask = 1
        errorLevel = 0
        peakDeratedMax = 6
        averageDeratedMax = 6
        rmsDeratedMax = 6
        peak = 14.9331
        average = 5.40729
        rms = 8.34887
        peakPercent = 248.885
        averagePercent = 90.1215
        rmsPercent = 139.148
        node1Index = -1
        node1 = E
        node2Index = -1
        node2 = B
        currentIndex = -1
        lastValue = 0
CMaxStruct --->
devName = D1N4004
devType = DIODE
topLevelRefDes = D3
refDes = D3
spiceDesig = X
scaldPath = D3
simTemp = 27
simTime = 5
        CMaxParam ------>
        keyword = IF
        description = Max forward current
        maxOpStatus = 100
        maxOpValue = 1
        maxOpMask = 3
        errorLevel = 0
        peakDeratedMax = 1
        averageDeratedMax = 1
        rmsDeratedMax = 1
        peak = 0.020355
        average = 0.00452719
        rms = 0.0086546
        peakPercent = 2.0355
        averagePercent = 0.452719
        rmsPercent = 0.86546
        node1Index = -1
        node2Index = -1
        currentIndex = -1
        portName = 1
        lastValue = 0
        CMaxParam ------>
        keyword = PDM
        description = Maximum power dissipation
        maxOpStatus = 100
        maxOpValue = 1.48
        maxOpMask = 6
        errorLevel = 0
        peakDeratedMax = 1.48
        averageDeratedMax = 1.48
        rmsDeratedMax = 1.48
        peak = 0.0148276
        average = 0.00323613
        rms = 0.00622954
        peakPercent = 1.00187
        averagePercent = 0.218657
        rmsPercent = 0.420915
        node1Index = -1
        node2Index = -1
        currentIndex = -1
        lastValue = 0
        CMaxParam ------>
        keyword = TJ
        description = Maximum junction temperature
        maxOpStatus = 100
        maxOpValue = 175
        maxOpMask = 3
        errorLevel = 0
        peakDeratedMax = 175
        averageDeratedMax = 175
        rmsDeratedMax = 175
        peak = 28.4828
        average = 27.3236
        rms = 27.623
        peakPercent = 16.2759
        averagePercent = 15.6135
        rmsPercent = 15.7845
        node1Index = -1
        node2Index = -1
        currentIndex = -1
        lastValue = 0
        CMaxParam ------>
        keyword = VR
        description = Peak reverse voltage
        maxOpStatus = 100
        maxOpValue = 400
        maxOpMask = 4
        errorLevel = 0
        peakDeratedMax = 400
        averageDeratedMax = 400
        rmsDeratedMax = 400
        peak = 7.73364
        average = -0.226121
        rms = 0.53406
        peakPercent = 1.93341
        averagePercent = 0
        rmsPercent = 0.133515
        node1Index = -1
        node1 = 2
        node2Index = -1
        node2 = 1
        currentIndex = -1
        lastValue = 0
CMaxStruct --->
devName = BZX84C15/ZTX
devType = DIODE
topLevelRefDes = D4
refDes = D4
spiceDesig = X
scaldPath = D4
simTemp = 27
simTime = 5
        CMaxParam ------>
        keyword = IF
        description = Max Forward Current
        maxOpStatus = 100
        maxOpValue = 0.25
        maxOpMask = 3
        errorLevel = 0
        peakDeratedMax = 0.25
        averageDeratedMax = 0.25
        rmsDeratedMax = 0.25
        peak = -0.000745333
        average = -0.0052725
        rms = 0.0090662
        peakPercent = 0
        averagePercent = 0
        rmsPercent = 3.62648
        node1Index = -1
        node2Index = -1
        currentIndex = -1
        portName = 1
        lastValue = 0
        CMaxParam ------>
        keyword = IRMX
        description = Max Reverse Current
        maxOpStatus = 100
        maxOpValue = 0.02096
        maxOpMask = 1
        errorLevel = 0
        peakDeratedMax = 0.02096
        averageDeratedMax = 0.02096
        rmsDeratedMax = 0.02096
        peak = 0.0210997
        average = 0.0052725
        rms = 0.0090662
        peakPercent = 100.666
        averagePercent = 25.1551
        rmsPercent = 43.2548
        node1Index = -1
        node2Index = -1
        currentIndex = -1
        portName = 1
        lastValue = 0
        CMaxParam ------>
        keyword = PDM
        description = Maximum power dissipation
        maxOpStatus = 100
        maxOpValue = 0.33
        maxOpMask = 6
        errorLevel = 2
        peakDeratedMax = 0.33
        averageDeratedMax = 0.33
        rmsDeratedMax = 0.33
        peak = 0.317384
        average = 0.0792308
        rms = 0.136329
        peakPercent = 96.1769
        averagePercent = 24.0093
        rmsPercent = 41.3118
        node1Index = -1
        node2Index = -1
        currentIndex = -1
        lastValue = 0
        CMaxParam ------>
        keyword = TJ
        description = Maximum junction temperature
        maxOpStatus = 100
        maxOpValue = 150
        maxOpMask = 3
        errorLevel = 0
        peakDeratedMax = 150
        averageDeratedMax = 150
        rmsDeratedMax = 150
        peak = 27
        average = 27
        rms = 27
        peakPercent = 18
        averagePercent = 18
        rmsPercent = 18
        node1Index = -1
        node2Index = -1
        currentIndex = -1
        lastValue = 0
CMaxStruct --->
devName = R
devType = RES
topLevelRefDes = R8
refDes = R8
spiceDesig = R
scaldPath = R8
simTemp = 27
simTime = 5
        CMaxParam ------>
        keyword = PDM
        description = Maximum power dissipation
        maxOpStatus = 100
        maxOpValue = 0.25
        maxOpMask = 6
        errorLevel = 0
        peakDeratedMax = 0.216117
        averageDeratedMax = 0.216212
        rmsDeratedMax = 0.216183
        peak = 0.000133439
        average = 3.83478e-05
        rms = 6.65144e-05
        peakPercent = 0.0617441
        averagePercent = 0.0177362
        rmsPercent = 0.0307676
        node1Index = -1
        node2Index = -1
        currentIndex = -1
        lastValue = 0
        CMaxParam ------>
        keyword = RV
        description = Maximum voltage
        maxOpStatus = 101
        maxOpValue = 1e+35
        maxOpMask = 7
        errorLevel = 1
        peakDeratedMax = 1e+35
        averageDeratedMax = 1e+35
        rmsDeratedMax = 1e+35
        peak = -1e+100
        average = 0
        rms = 0
        peakPercent = 0
        averagePercent = 0
        rmsPercent = 0
        node1Index = -1
        node1 = 1
        node2Index = -1
        node2 = 2
        currentIndex = -1
        lastValue = 0
        CMaxParam ------>
        keyword = TB
        description = Maximum breakdown temperature
        maxOpStatus = 100
        maxOpValue = 200
        maxOpMask = 3
        errorLevel = 0
        peakDeratedMax = 200
        averageDeratedMax = 200
        rmsDeratedMax = 200
        peak = 27.1068
        average = 27.0307
        rms = 27.0532
        peakPercent = 13.5534
        averagePercent = 13.5153
        rmsPercent = 13.5266
        node1Index = -1
        node2Index = -1
        currentIndex = -1
        lastValue = 0
CMaxStruct --->
devName = R
devType = RES
topLevelRefDes = R9
refDes = R9
spiceDesig = R
scaldPath = R9
simTemp = 27
simTime = 5
        CMaxParam ------>
        keyword = PDM
        description = Maximum power dissipation
        maxOpStatus = 100
        maxOpValue = 0.25
        maxOpMask = 6
        errorLevel = 0
        peakDeratedMax = 0.190117
        averageDeratedMax = 0.190153
        rmsDeratedMax = 0.190153
        peak = 0.0261333
        average = 0.026097
        rms = 0.0260971
        peakPercent = 13.7459
        averagePercent = 13.7242
        rmsPercent = 13.7243
        node1Index = -1
        node2Index = -1
        currentIndex = -1
        lastValue = 0
        CMaxParam ------>
        keyword = RV
        description = Maximum voltage
        maxOpStatus = 101
        maxOpValue = 1e+35
        maxOpMask = 7
        errorLevel = 1
        peakDeratedMax = 1e+35
        averageDeratedMax = 1e+35
        rmsDeratedMax = 1e+35
        peak = -1e+100
        average = 0
        rms = 0
        peakPercent = 0
        averagePercent = 0
        rmsPercent = 0
        node1Index = -1
        node1 = 1
        node2Index = -1
        node2 = 2
        currentIndex = -1
        lastValue = 0
        CMaxParam ------>
        keyword = TB
        description = Maximum breakdown temperature
        maxOpStatus = 100
        maxOpValue = 200
        maxOpMask = 3
        errorLevel = 0
        peakDeratedMax = 200
        averageDeratedMax = 200
        rmsDeratedMax = 200
        peak = 47.9066
        average = 47.8776
        rms = 47.8777
        peakPercent = 23.9533
        averagePercent = 23.9388
        rmsPercent = 23.9388
        node1Index = -1
        node2Index = -1
        currentIndex = -1
        lastValue = 0
CMaxStruct --->
devName = MPSA92
devType = PNP
topLevelRefDes = Q4
refDes = Q4
spiceDesig = X
scaldPath = Q4
simTemp = 27
simTime = 5
        CMaxParam ------>
        keyword = IC
        description = Max collector current
        maxOpStatus = 100
        maxOpValue = 0.5
        maxOpMask = 3
        errorLevel = 0
        peakDeratedMax = 0.5
        averageDeratedMax = 0.5
        rmsDeratedMax = 0.5
        peak = 0.241576
        average = 0.0739456
        rms = 0.131509
        peakPercent = 48.3153
        averagePercent = 14.7891
        rmsPercent = 26.3017
        node1Index = -1
        node2Index = -1
        currentIndex = -1
        portName = C
        lastValue = 0
        CMaxParam ------>
        keyword = IB
        description = Max base current
        maxOpStatus = 101
        maxOpValue = 1e+35
        maxOpMask = 2
        errorLevel = 1
        peakDeratedMax = 1e+35
        averageDeratedMax = 1e+35
        rmsDeratedMax = 1e+35
        peak = -1e+100
        average = 0
        rms = 0
        peakPercent = 0
        averagePercent = 0
        rmsPercent = 0
        node1Index = -1
        node2Index = -1
        currentIndex = -1
        portName = B
        lastValue = 0
        CMaxParam ------>
        keyword = PDM
        description = Maximum power dissipation
        maxOpStatus = 100
        maxOpValue = 0.615
        maxOpMask = 6
        errorLevel = 0
        peakDeratedMax = 0
        averageDeratedMax = 0.615
        rmsDeratedMax = 0.615
        peak = 4.56943
        average = 0.242349
        rms = 0.581303
        peakPercent = 1e+35
        averagePercent = 39.4063
        rmsPercent = 94.5208
        node1Index = -1
        node2Index = -1
        currentIndex = -1
        lastValue = 0
        CMaxParam ------>
        keyword = SB
        description = Maximum secondary breakdown
        maxOpStatus = 101
        maxOpValue = 1e+35
        maxOpMask = 2
        errorLevel = 1
        peakDeratedMax = 1e+35
        averageDeratedMax = 1e+35
        rmsDeratedMax = 1e+35
        peak = -1e+100
        average = 0
        rms = 0
        peakPercent = 0
        averagePercent = 0
        rmsPercent = 0
        node1Index = -1
        node1 = C
        node2Index = -1
        node2 = E
        currentIndex = -1
        portName = C
        lastValue = 0
        CMaxParam ------>
        keyword = TJ
        description = Maximum junction temperature
        maxOpStatus = 100
        maxOpValue = 150
        maxOpMask = 3
        errorLevel = 0
        peakDeratedMax = 150
        averageDeratedMax = 150
        rmsDeratedMax = 150
        peak = 940.885
        average = 75.4698
        rms = 143.261
        peakPercent = 627.257
        averagePercent = 50.3132
        rmsPercent = 95.5071
        node1Index = -1
        node2Index = -1
        currentIndex = -1
        lastValue = 0
        CMaxParam ------>
        keyword = VCB
        description = Max C-B voltage
        maxOpStatus = 100
        maxOpValue = 300
        maxOpMask = 1
        errorLevel = 0
        peakDeratedMax = 300
        averageDeratedMax = 300
        rmsDeratedMax = 300
        peak = 50
        average = 34.9104
        rms = 41.345
        peakPercent = 16.6667
        averagePercent = 11.6368
        rmsPercent = 13.7817
        node1Index = -1
        node1 = B
        node2Index = -1
        node2 = C
        currentIndex = -1
        lastValue = 0
        CMaxParam ------>
        keyword = VCE
        description = Max C-E voltage
        maxOpStatus = 100
        maxOpValue = 300
        maxOpMask = 1
        errorLevel = 0
        peakDeratedMax = 300
        averageDeratedMax = 300
        rmsDeratedMax = 300
        peak = 50.1653
        average = 35.2106
        rms = 41.3869
        peakPercent = 16.7218
        averagePercent = 11.7369
        rmsPercent = 13.7956
        node1Index = -1
        node1 = E
        node2Index = -1
        node2 = C
        currentIndex = -1
        lastValue = 0
        CMaxParam ------>
        keyword = VEB
        description = Max E-B voltage
        maxOpStatus = 100
        maxOpValue = 5
        maxOpMask = 1
        errorLevel = 0
        peakDeratedMax = 5
        averageDeratedMax = 5
        rmsDeratedMax = 5
        peak = -1.92977e-07
        average = -0.300154
        rms = 0.510651
        peakPercent = 0
        averagePercent = 0
        rmsPercent = 10.213
        node1Index = -1
        node1 = B
        node2Index = -1
        node2 = E
        currentIndex = -1
        lastValue = 0
CMaxStruct --->
devName = R
devType = RES
topLevelRefDes = R10
refDes = R10
spiceDesig = R
scaldPath = R10
simTemp = 27
simTime = 5
        CMaxParam ------>
        keyword = PDM
        description = Maximum power dissipation
        maxOpStatus = 100
        maxOpValue = 0.25
        maxOpMask = 6
        errorLevel = 0
        peakDeratedMax = 0
        averageDeratedMax = 0
        rmsDeratedMax = 0
        peak = 5.82633
        average = 1.72953
        rms = 3.12736
        peakPercent = 1e+35
        averagePercent = 1e+35
        rmsPercent = 1e+35
        node1Index = -1
        node2Index = -1
        currentIndex = -1
        lastValue = 0
        CMaxParam ------>
        keyword = RV
        description = Maximum voltage
        maxOpStatus = 101
        maxOpValue = 1e+35
        maxOpMask = 7
        errorLevel = 1
        peakDeratedMax = 1e+35
        averageDeratedMax = 1e+35
        rmsDeratedMax = 1e+35
        peak = -1e+100
        average = 0
        rms = 0
        peakPercent = 0
        averagePercent = 0
        rmsPercent = 0
        node1Index = -1
        node1 = 1
        node2Index = -1
        node2 = 2
        currentIndex = -1
        lastValue = 0
        CMaxParam ------>
        keyword = TB
        description = Maximum breakdown temperature
        maxOpStatus = 100
        maxOpValue = 200
        maxOpMask = 3
        errorLevel = 0
        peakDeratedMax = 200
        averageDeratedMax = 200
        rmsDeratedMax = 200
        peak = 4688.06
        average = 1410.62
        rms = 2528.89
        peakPercent = 2344.03
        averagePercent = 705.311
        rmsPercent = 1264.44
        node1Index = -1
        node2Index = -1
        currentIndex = -1
        lastValue = 0
CMaxStruct --->
devName = R
devType = RES
topLevelRefDes = R11
refDes = R11
spiceDesig = R
scaldPath = R11
simTemp = 27
simTime = 5
        CMaxParam ------>
        keyword = PDM
        description = Maximum power dissipation
        maxOpStatus = 100
        maxOpValue = 0.25
        maxOpMask = 6
        errorLevel = 0
        peakDeratedMax = 0.215718
        averageDeratedMax = 0.216079
        rmsDeratedMax = 0.215949
        peak = 0.000531914
        average = 0.000170727
        rms = 0.00030135
        peakPercent = 0.246578
        averagePercent = 0.0790114
        rmsPercent = 0.139547
        node1Index = -1
        node2Index = -1
        currentIndex = -1
        lastValue = 0
        CMaxParam ------>
        keyword = RV
        description = Maximum voltage
        maxOpStatus = 101
        maxOpValue = 1e+35
        maxOpMask = 7
        errorLevel = 1
        peakDeratedMax = 1e+35
        averageDeratedMax = 1e+35
        rmsDeratedMax = 1e+35
        peak = -1e+100
        average = 0
        rms = 0
        peakPercent = 0
        averagePercent = 0
        rmsPercent = 0
        node1Index = -1
        node1 = 1
        node2Index = -1
        node2 = 2
        currentIndex = -1
        lastValue = 0
        CMaxParam ------>
        keyword = TB
        description = Maximum breakdown temperature
        maxOpStatus = 100
        maxOpValue = 200
        maxOpMask = 3
        errorLevel = 0
        peakDeratedMax = 200
        averageDeratedMax = 200
        rmsDeratedMax = 200
        peak = 27.4255
        average = 27.1366
        rms = 27.2411
        peakPercent = 13.7128
        averagePercent = 13.5683
        rmsPercent = 13.6205
        node1Index = -1
        node2Index = -1
        currentIndex = -1
        lastValue = 0
CMaxStruct --->
devName = R
devType = RES
topLevelRefDes = R12
refDes = R12
spiceDesig = R
scaldPath = R12
simTemp = 27
simTime = 5
        CMaxParam ------>
        keyword = PDM
        description = Maximum power dissipation
        maxOpStatus = 100
        maxOpValue = 0.25
        maxOpMask = 6
        errorLevel = 0
        peakDeratedMax = 0.215718
        averageDeratedMax = 0.215892
        rmsDeratedMax = 0.215814
        peak = 0.000531914
        average = 0.00035806
        rms = 0.000436413
        peakPercent = 0.246578
        averagePercent = 0.165851
        rmsPercent = 0.202218
        node1Index = -1
        node2Index = -1
        currentIndex = -1
        lastValue = 0
        CMaxParam ------>
        keyword = RV
        description = Maximum voltage
        maxOpStatus = 101
        maxOpValue = 1e+35
        maxOpMask = 7
        errorLevel = 1
        peakDeratedMax = 1e+35
        averageDeratedMax = 1e+35
        rmsDeratedMax = 1e+35
        peak = -1e+100
        average = 0
        rms = 0
        peakPercent = 0
        averagePercent = 0
        rmsPercent = 0
        node1Index = -1
        node1 = 1
        node2Index = -1
        node2 = 2
        currentIndex = -1
        lastValue = 0
        CMaxParam ------>
        keyword = TB
        description = Maximum breakdown temperature
        maxOpStatus = 100
        maxOpValue = 200
        maxOpMask = 3
        errorLevel = 0
        peakDeratedMax = 200
        averageDeratedMax = 200
        rmsDeratedMax = 200
        peak = 27.4255
        average = 27.2864
        rms = 27.3491
        peakPercent = 13.7128
        averagePercent = 13.6432
        rmsPercent = 13.6746
        node1Index = -1
        node2Index = -1
        currentIndex = -1
        lastValue = 0
CMaxStruct --->
devName = C
devType = CAP
topLevelRefDes = C3
refDes = C3
spiceDesig = C
scaldPath = C3
simTemp = 27
simTime = 5
        CMaxParam ------>
        keyword = CV
        description = Maximum voltage
        maxOpStatus = 100
        maxOpValue = 50
        maxOpMask = 7
        errorLevel = 0
        peakDeratedMax = 50
        averageDeratedMax = 50
        rmsDeratedMax = 50
        peak = 0.516204
        average = 0.190069
        rms = 0.276218
        peakPercent = 1.03241
        averagePercent = 0.380139
        rmsPercent = 0.552436
        node1Index = -1
        node1 = 1
        node2Index = -1
        node2 = 2
        currentIndex = -1
        lastValue = 0
        CMaxParam ------>
        keyword = CI
        description = Maximum current
        maxOpStatus = 100
        maxOpValue = 1
        maxOpMask = 7
        errorLevel = 0
        peakDeratedMax = 1
        averageDeratedMax = 1
        rmsDeratedMax = 1
        peak = 3.98064e-05
        average = 4.46159e-06
        rms = 1.01891e-05
        peakPercent = 0.00398064
        averagePercent = 0.000446159
        rmsPercent = 0.00101891
        node1Index = -1
        node2Index = -1
        currentIndex = 0
        portName = 1
        lastValue = 0
CMaxStruct --->
devName = R
devType = RES
topLevelRefDes = R15
refDes = R15
spiceDesig = R
scaldPath = R15
simTemp = 27
simTime = 5
        CMaxParam ------>
        keyword = PDM
        description = Maximum power dissipation
        maxOpStatus = 100
        maxOpValue = 0.25
        maxOpMask = 6
        errorLevel = 0
        peakDeratedMax = 0.216168
        averageDeratedMax = 0.216228
        rmsDeratedMax = 0.216215
        peak = 8.16395e-05
        average = 2.16685e-05
        rms = 3.46124e-05
        peakPercent = 0.0377666
        averagePercent = 0.0100211
        rmsPercent = 0.0160083
        node1Index = -1
        node2Index = -1
        currentIndex = -1
        lastValue = 0
        CMaxParam ------>
        keyword = RV
        description = Maximum voltage
        maxOpStatus = 101
        maxOpValue = 1e+35
        maxOpMask = 7
        errorLevel = 1
        peakDeratedMax = 1e+35
        averageDeratedMax = 1e+35
        rmsDeratedMax = 1e+35
        peak = -1e+100
        average = 0
        rms = 0
        peakPercent = 0
        averagePercent = 0
        rmsPercent = 0
        node1Index = -1
        node1 = 1
        node2Index = -1
        node2 = 2
        currentIndex = -1
        lastValue = 0
        CMaxParam ------>
        keyword = TB
        description = Maximum breakdown temperature
        maxOpStatus = 100
        maxOpValue = 200
        maxOpMask = 3
        errorLevel = 0
        peakDeratedMax = 200
        averageDeratedMax = 200
        rmsDeratedMax = 200
        peak = 27.0653
        average = 27.0173
        rms = 27.0277
        peakPercent = 13.5327
        averagePercent = 13.5087
        rmsPercent = 13.5138
        node1Index = -1
        node2Index = -1
        currentIndex = -1
        lastValue = 0
CMaxStruct --->
devName = MPSA42
devType = NPN
topLevelRefDes = Q9
refDes = Q9
spiceDesig = X
scaldPath = Q9
simTemp = 27
simTime = 5
        CMaxParam ------>
        keyword = IC
        description = Max collector current
        maxOpStatus = 100
        maxOpValue = 0.5
        maxOpMask = 3
        errorLevel = 0
        peakDeratedMax = 0.5
        averageDeratedMax = 0.5
        rmsDeratedMax = 0.5
        peak = 5.1162e-06
        average = 9.82594e-07
        rms = 2.05305e-06
        peakPercent = 0.00102324
        averagePercent = 0.000196519
        rmsPercent = 0.000410609
        node1Index = -1
        node2Index = -1
        currentIndex = -1
        portName = C
        lastValue = 0
        CMaxParam ------>
        keyword = IB
        description = Max base current
        maxOpStatus = 101
        maxOpValue = 1e+35
        maxOpMask = 2
        errorLevel = 1
        peakDeratedMax = 1e+35
        averageDeratedMax = 1e+35
        rmsDeratedMax = 1e+35
        peak = -1e+100
        average = 0
        rms = 0
        peakPercent = 0
        averagePercent = 0
        rmsPercent = 0
        node1Index = -1
        node2Index = -1
        currentIndex = -1
        portName = B
        lastValue = 0
        CMaxParam ------>
        keyword = PDM
        description = Maximum power dissipation
        maxOpStatus = 100
        maxOpValue = 0.615
        maxOpMask = 6
        errorLevel = 0
        peakDeratedMax = 0.615
        averageDeratedMax = 0.615
        rmsDeratedMax = 0.615
        peak = 6.9243e-05
        average = 2.35008e-06
        rms = 9.34086e-06
        peakPercent = 0.011259
        averagePercent = 0.000382127
        rmsPercent = 0.00151884
        node1Index = -1
        node2Index = -1
        currentIndex = -1
        lastValue = 0
        CMaxParam ------>
        keyword = SB
        description = Maximum secondary breakdown
        maxOpStatus = 101
        maxOpValue = 1e+35
        maxOpMask = 2
        errorLevel = 1
        peakDeratedMax = 1e+35
        averageDeratedMax = 1e+35
        rmsDeratedMax = 1e+35
        peak = -1e+100
        average = 0
        rms = 0
        peakPercent = 0
        averagePercent = 0
        rmsPercent = 0
        node1Index = -1
        node1 = C
        node2Index = -1
        node2 = E
        currentIndex = -1
        portName = C
        lastValue = 0
        CMaxParam ------>
        keyword = TJ
        description = Maximum junction temperature
        maxOpStatus = 100
        maxOpValue = 150
        maxOpMask = 3
        errorLevel = 0
        peakDeratedMax = 150
        averageDeratedMax = 150
        rmsDeratedMax = 150
        peak = 27.0138
        average = 27.0005
        rms = 27.0019
        peakPercent = 18.0092
        averagePercent = 18.0003
        rmsPercent = 18.0012
        node1Index = -1
        node2Index = -1
        currentIndex = -1
        lastValue = 0
        CMaxParam ------>
        keyword = VCB
        description = Max C-B voltage
        maxOpStatus = 100
        maxOpValue = 300
        maxOpMask = 1
        errorLevel = 0
        peakDeratedMax = 300
        averageDeratedMax = 300
        rmsDeratedMax = 300
        peak = 16.3223
        average = 9.50894
        rms = 11.6386
        peakPercent = 5.44077
        averagePercent = 3.16965
        rmsPercent = 3.87953
        node1Index = -1
        node1 = C
        node2Index = -1
        node2 = B
        currentIndex = -1
        lastValue = 0
        CMaxParam ------>
        keyword = VCE
        description = Max C-E voltage
        maxOpStatus = 100
        maxOpValue = 300
        maxOpMask = 1
        errorLevel = 0
        peakDeratedMax = 300
        averageDeratedMax = 300
        rmsDeratedMax = 300
        peak = 16.4897
        average = 9.69901
        rms = 11.7469
        peakPercent = 5.49655
        averagePercent = 3.233
        rmsPercent = 3.91565
        node1Index = -1
        node1 = C
        node2Index = -1
        node2 = E
        currentIndex = -1
        lastValue = 0
        CMaxParam ------>
        keyword = VEB
        description = Max E-B voltage
        maxOpStatus = 100
        maxOpValue = 6
        maxOpMask = 1
        errorLevel = 0
        peakDeratedMax = 6
        averageDeratedMax = 6
        rmsDeratedMax = 6
        peak = -0.0411585
        average = -0.190069
        rms = 0.276218
        peakPercent = 0
        averagePercent = 0
        rmsPercent = 4.60364
        node1Index = -1
        node1 = E
        node2Index = -1
        node2 = B
        currentIndex = -1
        lastValue = 0
CMaxStruct --->
devName = MPSA92
devType = PNP
topLevelRefDes = Q10
refDes = Q10
spiceDesig = X
scaldPath = Q10
simTemp = 27
simTime = 5
        CMaxParam ------>
        keyword = IC
        description = Max collector current
        maxOpStatus = 100
        maxOpValue = 0.5
        maxOpMask = 3
        errorLevel = 0
        peakDeratedMax = 0.5
        averageDeratedMax = 0.5
        rmsDeratedMax = 0.5
        peak = 0.000293368
        average = 1.99372e-05
        rms = 4.68866e-05
        peakPercent = 0.0586736
        averagePercent = 0.00398744
        rmsPercent = 0.00937732
        node1Index = -1
        node2Index = -1
        currentIndex = -1
        portName = C
        lastValue = 0
        CMaxParam ------>
        keyword = IB
        description = Max base current
        maxOpStatus = 101
        maxOpValue = 1e+35
        maxOpMask = 2
        errorLevel = 1
        peakDeratedMax = 1e+35
        averageDeratedMax = 1e+35
        rmsDeratedMax = 1e+35
        peak = -1e+100
        average = 0
        rms = 0
        peakPercent = 0
        averagePercent = 0
        rmsPercent = 0
        node1Index = -1
        node2Index = -1
        currentIndex = -1
        portName = B
        lastValue = 0
        CMaxParam ------>
        keyword = PDM
        description = Maximum power dissipation
        maxOpStatus = 100
        maxOpValue = 0.615
        maxOpMask = 6
        errorLevel = 0
        peakDeratedMax = 0.615
        averageDeratedMax = 0.615
        rmsDeratedMax = 0.615
        peak = 0.00452769
        average = 0.000125772
        rms = 0.000584792
        peakPercent = 0.73621
        averagePercent = 0.0204508
        rmsPercent = 0.0950882
        node1Index = -1
        node2Index = -1
        currentIndex = -1
        lastValue = 0
        CMaxParam ------>
        keyword = SB
        description = Maximum secondary breakdown
        maxOpStatus = 101
        maxOpValue = 1e+35
        maxOpMask = 2
        errorLevel = 1
        peakDeratedMax = 1e+35
        averageDeratedMax = 1e+35
        rmsDeratedMax = 1e+35
        peak = -1e+100
        average = 0
        rms = 0
        peakPercent = 0
        averagePercent = 0
        rmsPercent = 0
        node1Index = -1
        node1 = C
        node2Index = -1
        node2 = E
        currentIndex = -1
        portName = C
        lastValue = 0
        CMaxParam ------>
        keyword = TJ
        description = Maximum junction temperature
        maxOpStatus = 100
        maxOpValue = 150
        maxOpMask = 3
        errorLevel = 0
        peakDeratedMax = 150
        averageDeratedMax = 150
        rmsDeratedMax = 150
        peak = 27.9055
        average = 27.0252
        rms = 27.117
        peakPercent = 18.6037
        averagePercent = 18.0168
        rmsPercent = 18.078
        node1Index = -1
        node2Index = -1
        currentIndex = -1
        lastValue = 0
        CMaxParam ------>
        keyword = VCB
        description = Max C-B voltage
        maxOpStatus = 100
        maxOpValue = 300
        maxOpMask = 1
        errorLevel = 0
        peakDeratedMax = 300
        averageDeratedMax = 300
        rmsDeratedMax = 300
        peak = 16.3223
        average = 9.50894
        rms = 11.6386
        peakPercent = 5.44077
        averagePercent = 3.16965
        rmsPercent = 3.87953
        node1Index = -1
        node1 = B
        node2Index = -1
        node2 = C
        currentIndex = -1
        lastValue = 0
        CMaxParam ------>
        keyword = VCE
        description = Max C-E voltage
        maxOpStatus = 100
        maxOpValue = 300
        maxOpMask = 1
        errorLevel = 0
        peakDeratedMax = 300
        averageDeratedMax = 300
        rmsDeratedMax = 300
        peak = 16.4782
        average = 9.79637
        rms = 11.8346
        peakPercent = 5.49272
        averagePercent = 3.26546
        rmsPercent = 3.94486
        node1Index = -1
        node1 = E
        node2Index = -1
        node2 = C
        currentIndex = -1
        lastValue = 0
        CMaxParam ------>
        keyword = VEB
        description = Max E-B voltage
        maxOpStatus = 100
        maxOpValue = 5
        maxOpMask = 1
        errorLevel = 0
        peakDeratedMax = 5
        averageDeratedMax = 5
        rmsDeratedMax = 5
        peak = -0.0214795
        average = -0.287425
        rms = 0.323114
        peakPercent = 0
        averagePercent = 0
        rmsPercent = 6.46228
        node1Index = -1
        node1 = B
        node2Index = -1
        node2 = E
        currentIndex = -1
        lastValue = 0
CMaxStruct --->
devName = MPSA42
devType = NPN
topLevelRefDes = Q11
refDes = Q11
spiceDesig = X
scaldPath = Q11
simTemp = 27
simTime = 5
        CMaxParam ------>
        keyword = IC
        description = Max collector current
        maxOpStatus = 100
        maxOpValue = 0.5
        maxOpMask = 3
        errorLevel = 0
        peakDeratedMax = 0.5
        averageDeratedMax = 0.5
        rmsDeratedMax = 0.5
        peak = 1.47411e-08
        average = 1.31872e-11
        rms = 3.17303e-10
        peakPercent = 2.94823e-06
        averagePercent = 2.63745e-09
        rmsPercent = 6.34607e-08
        node1Index = -1
        node2Index = -1
        currentIndex = -1
        portName = C
        lastValue = 0
        CMaxParam ------>
        keyword = IB
        description = Max base current
        maxOpStatus = 101
        maxOpValue = 1e+35
        maxOpMask = 2
        errorLevel = 1
        peakDeratedMax = 1e+35
        averageDeratedMax = 1e+35
        rmsDeratedMax = 1e+35
        peak = -1e+100
        average = 0
        rms = 0
        peakPercent = 0
        averagePercent = 0
        rmsPercent = 0
        node1Index = -1
        node2Index = -1
        currentIndex = -1
        portName = B
        lastValue = 0
        CMaxParam ------>
        keyword = PDM
        description = Maximum power dissipation
        maxOpStatus = 100
        maxOpValue = 0.615
        maxOpMask = 6
        errorLevel = 0
        peakDeratedMax = 0.615
        averageDeratedMax = 0.615
        rmsDeratedMax = 0.615
        peak = 2.36823e-07
        average = 1.78099e-10
        rms = 2.8733e-09
        peakPercent = 3.85079e-05
        averagePercent = 2.89591e-08
        rmsPercent = 4.67203e-07
        node1Index = -1
        node2Index = -1
        currentIndex = -1
        lastValue = 0
        CMaxParam ------>
        keyword = SB
        description = Maximum secondary breakdown
        maxOpStatus = 101
        maxOpValue = 1e+35
        maxOpMask = 2
        errorLevel = 1
        peakDeratedMax = 1e+35
        averageDeratedMax = 1e+35
        rmsDeratedMax = 1e+35
        peak = -1e+100
        average = 0
        rms = 0
        peakPercent = 0
        averagePercent = 0
        rmsPercent = 0
        node1Index = -1
        node1 = C
        node2Index = -1
        node2 = E
        currentIndex = -1
        portName = C
        lastValue = 0
        CMaxParam ------>
        keyword = TJ
        description = Maximum junction temperature
        maxOpStatus = 100
        maxOpValue = 150
        maxOpMask = 3
        errorLevel = 0
        peakDeratedMax = 150
        averageDeratedMax = 150
        rmsDeratedMax = 150
        peak = 27
        average = 27
        rms = 27
        peakPercent = 18
        averagePercent = 18
        rmsPercent = 18
        node1Index = -1
        node2Index = -1
        currentIndex = -1
        lastValue = 0
        CMaxParam ------>
        keyword = VCB
        description = Max C-B voltage
        maxOpStatus = 100
        maxOpValue = 300
        maxOpMask = 1
        errorLevel = 0
        peakDeratedMax = 300
        averageDeratedMax = 300
        rmsDeratedMax = 300
        peak = 16.8814
        average = 9.98644
        rms = 11.9481
        peakPercent = 5.62714
        averagePercent = 3.32881
        rmsPercent = 3.98271
        node1Index = -1
        node1 = C
        node2Index = -1
        node2 = B
        currentIndex = -1
        lastValue = 0
        CMaxParam ------>
        keyword = VCE
        description = Max C-E voltage
        maxOpStatus = 100
        maxOpValue = 300
        maxOpMask = 1
        errorLevel = 0
        peakDeratedMax = 300
        averageDeratedMax = 300
        rmsDeratedMax = 300
        peak = 16.4782
        average = 9.79637
        rms = 11.8346
        peakPercent = 5.49272
        averagePercent = 3.26546
        rmsPercent = 3.94486
        node1Index = -1
        node1 = C
        node2Index = -1
        node2 = E
        currentIndex = -1
        lastValue = 0
        CMaxParam ------>
        keyword = VEB
        description = Max E-B voltage
        maxOpStatus = 100
        maxOpValue = 6
        maxOpMask = 1
        errorLevel = 0
        peakDeratedMax = 6
        averageDeratedMax = 6
        rmsDeratedMax = 6
        peak = 0.516204
        average = 0.190069
        rms = 0.276218
        peakPercent = 8.6034
        averagePercent = 3.16782
        rmsPercent = 4.60364
        node1Index = -1
        node1 = E
        node2Index = -1
        node2 = B
        currentIndex = -1
        lastValue = 0
CMaxStruct --->
devName = R
devType = RES
topLevelRefDes = R20
refDes = R20
spiceDesig = R
scaldPath = R20
simTemp = 27
simTime = 5
        CMaxParam ------>
        keyword = PDM
        description = Maximum power dissipation
        maxOpStatus = 100
        maxOpValue = 0.25
        maxOpMask = 6
        errorLevel = 0
        peakDeratedMax = 0.216238
        averageDeratedMax = 0.216247
        rmsDeratedMax = 0.216244
        peak = 1.21121e-05
        average = 3.46802e-06
        rms = 5.97975e-06
        peakPercent = 0.00560129
        averagePercent = 0.00160373
        rmsPercent = 0.00276528
        node1Index = -1
        node2Index = -1
        currentIndex = -1
        lastValue = 0
        CMaxParam ------>
        keyword = RV
        description = Maximum voltage
        maxOpStatus = 101
        maxOpValue = 1e+35
        maxOpMask = 7
        errorLevel = 1
        peakDeratedMax = 1e+35
        averageDeratedMax = 1e+35
        rmsDeratedMax = 1e+35
        peak = -1e+100
        average = 0
        rms = 0
        peakPercent = 0
        averagePercent = 0
        rmsPercent = 0
        node1Index = -1
        node1 = 1
        node2Index = -1
        node2 = 2
        currentIndex = -1
        lastValue = 0
        CMaxParam ------>
        keyword = TB
        description = Maximum breakdown temperature
        maxOpStatus = 100
        maxOpValue = 200
        maxOpMask = 3
        errorLevel = 0
        peakDeratedMax = 200
        averageDeratedMax = 200
        rmsDeratedMax = 200
        peak = 27.0097
        average = 27.0028
        rms = 27.0048
        peakPercent = 13.5048
        averagePercent = 13.5014
        rmsPercent = 13.5024
        node1Index = -1
        node2Index = -1
        currentIndex = -1
        lastValue = 0
CMaxStruct --->
devName = R
devType = RES
topLevelRefDes = R21
refDes = R21
spiceDesig = R
scaldPath = R21
simTemp = 27
simTime = 5
        CMaxParam ------>
        keyword = PDM
        description = Maximum power dissipation
        maxOpStatus = 100
        maxOpValue = 0.25
        maxOpMask = 6
        errorLevel = 0
        peakDeratedMax = 0.216249
        averageDeratedMax = 0.21625
        rmsDeratedMax = 0.21625
        peak = 8.87435e-07
        average = 2.35424e-08
        rms = 9.12829e-08
        peakPercent = 0.000410376
        averagePercent = 1.08866e-05
        rmsPercent = 4.22118e-05
        node1Index = -1
        node2Index = -1
        currentIndex = -1
        lastValue = 0
        CMaxParam ------>
        keyword = RV
        description = Maximum voltage
        maxOpStatus = 101
        maxOpValue = 1e+35
        maxOpMask = 7
        errorLevel = 1
        peakDeratedMax = 1e+35
        averageDeratedMax = 1e+35
        rmsDeratedMax = 1e+35
        peak = -1e+100
        average = 0
        rms = 0
        peakPercent = 0
        averagePercent = 0
        rmsPercent = 0
        node1Index = -1
        node1 = 1
        node2Index = -1
        node2 = 2
        currentIndex = -1
        lastValue = 0
        CMaxParam ------>
        keyword = TB
        description = Maximum breakdown temperature
        maxOpStatus = 100
        maxOpValue = 200
        maxOpMask = 3
        errorLevel = 0
        peakDeratedMax = 200
        averageDeratedMax = 200
        rmsDeratedMax = 200
        peak = 27.0007
        average = 27
        rms = 27.0001
        peakPercent = 13.5004
        averagePercent = 13.5
        rmsPercent = 13.5
        node1Index = -1
        node2Index = -1
        currentIndex = -1
        lastValue = 0
