Data Structures for Stress Analysis Run : Sun Mar  6 16:39:47 2022


CMaxStruct --->
devName = C
devType = CAP
topLevelRefDes = C2
refDes = C2
spiceDesig = C
scaldPath = C2
simTemp = 27
simTime = 0.2
        CMaxParam ------>
        keyword = CV
        description = Maximum voltage
        maxOpStatus = 100
        maxOpValue = 50
        maxOpMask = 7
        errorLevel = 0
        peakDeratedMax = 50
        averageDeratedMax = 50
        rmsDeratedMax = 50
        peak = 0.221886
        average = 0.0218668
        rms = 0.143055
        peakPercent = 0.443772
        averagePercent = 0.0437337
        rmsPercent = 0.286109
        node1Index = -1
        node1 = 1
        node2Index = -1
        node2 = 2
        currentIndex = -1
        lastValue = 0
        CMaxParam ------>
        keyword = CI
        description = Maximum current
        maxOpStatus = 100
        maxOpValue = 1
        maxOpMask = 7
        errorLevel = 0
        peakDeratedMax = 1
        averageDeratedMax = 1
        rmsDeratedMax = 1
        peak = 1.25814e-06
        average = 4.80332e-12
        rms = 8.8828e-07
        peakPercent = 0.000125814
        averagePercent = 4.80327e-10
        rmsPercent = 8.8828e-05
        node1Index = -1
        node2Index = -1
        currentIndex = 0
        portName = 1
        lastValue = 0
CMaxStruct --->
devName = R
devType = RES
topLevelRefDes = R6
refDes = R6
spiceDesig = R
scaldPath = R6
simTemp = 27
simTime = 0.2
        CMaxParam ------>
        keyword = PDM
        description = Maximum power dissipation
        maxOpStatus = 100
        maxOpValue = 0.25
        maxOpMask = 6
        errorLevel = 0
        peakDeratedMax = 0.21491
        averageDeratedMax = 0.215591
        rmsDeratedMax = 0.215443
        peak = 0.00133973
        average = 0.000659276
        rms = 0.000807477
        peakPercent = 0.62339
        averagePercent = 0.3058
        rmsPercent = 0.374799
        node1Index = -1
        node2Index = -1
        currentIndex = -1
        lastValue = 0
        CMaxParam ------>
        keyword = RV
        description = Maximum voltage
        maxOpStatus = 101
        maxOpValue = 1e+35
        maxOpMask = 7
        errorLevel = 1
        peakDeratedMax = 1e+35
        averageDeratedMax = 1e+35
        rmsDeratedMax = 1e+35
        peak = -1e+100
        average = 0
        rms = 0
        peakPercent = 0
        averagePercent = 0
        rmsPercent = 0
        node1Index = -1
        node1 = 1
        node2Index = -1
        node2 = 2
        currentIndex = -1
        lastValue = 0
        CMaxParam ------>
        keyword = TB
        description = Maximum breakdown temperature
        maxOpStatus = 100
        maxOpValue = 200
        maxOpMask = 3
        errorLevel = 0
        peakDeratedMax = 200
        averageDeratedMax = 200
        rmsDeratedMax = 200
        peak = 28.0718
        average = 27.5274
        rms = 27.646
        peakPercent = 14.0359
        averagePercent = 13.7637
        rmsPercent = 13.823
        node1Index = -1
        node2Index = -1
        currentIndex = -1
        lastValue = 0
CMaxStruct --->
devName = R
devType = RES
topLevelRefDes = R7
refDes = R7
spiceDesig = R
scaldPath = R7
simTemp = 27
simTime = 0.2
        CMaxParam ------>
        keyword = PDM
        description = Maximum power dissipation
        maxOpStatus = 100
        maxOpValue = 0.25
        maxOpMask = 6
        errorLevel = 0
        peakDeratedMax = 0.21621
        averageDeratedMax = 0.21623
        rmsDeratedMax = 0.216226
        peak = 4.0335e-05
        average = 1.99771e-05
        rms = 2.44671e-05
        peakPercent = 0.0186555
        averagePercent = 0.00923883
        rmsPercent = 0.0113155
        node1Index = -1
        node2Index = -1
        currentIndex = -1
        lastValue = 0
        CMaxParam ------>
        keyword = RV
        description = Maximum voltage
        maxOpStatus = 101
        maxOpValue = 1e+35
        maxOpMask = 7
        errorLevel = 1
        peakDeratedMax = 1e+35
        averageDeratedMax = 1e+35
        rmsDeratedMax = 1e+35
        peak = -1e+100
        average = 0
        rms = 0
        peakPercent = 0
        averagePercent = 0
        rmsPercent = 0
        node1Index = -1
        node1 = 1
        node2Index = -1
        node2 = 2
        currentIndex = -1
        lastValue = 0
        CMaxParam ------>
        keyword = TB
        description = Maximum breakdown temperature
        maxOpStatus = 100
        maxOpValue = 200
        maxOpMask = 3
        errorLevel = 0
        peakDeratedMax = 200
        averageDeratedMax = 200
        rmsDeratedMax = 200
        peak = 27.0323
        average = 27.016
        rms = 27.0196
        peakPercent = 13.5161
        averagePercent = 13.508
        rmsPercent = 13.5098
        node1Index = -1
        node2Index = -1
        currentIndex = -1
        lastValue = 0
CMaxStruct --->
devName = C
devType = CAP
topLevelRefDes = C3
refDes = C3
spiceDesig = C
scaldPath = C3
simTemp = 27
simTime = 0.2
        CMaxParam ------>
        keyword = CV
        description = Maximum voltage
        maxOpStatus = 100
        maxOpValue = 50
        maxOpMask = 7
        errorLevel = 0
        peakDeratedMax = 50
        averageDeratedMax = 50
        rmsDeratedMax = 50
        peak = 0.0231209
        average = 0.0218187
        rms = 0.0218247
        peakPercent = 0.0462419
        averagePercent = 0.0436374
        rmsPercent = 0.0436494
        node1Index = -1
        node1 = 1
        node2Index = -1
        node2 = 2
        currentIndex = -1
        lastValue = 0
        CMaxParam ------>
        keyword = CI
        description = Maximum current
        maxOpStatus = 100
        maxOpValue = 1
        maxOpMask = 7
        errorLevel = 0
        peakDeratedMax = 1
        averageDeratedMax = 1
        rmsDeratedMax = 1
        peak = 0.000200836
        average = 1.74125e-07
        rms = 0.00014134
        peakPercent = 0.0200836
        averagePercent = 1.74125e-05
        rmsPercent = 0.014134
        node1Index = -1
        node2Index = -1
        currentIndex = 0
        portName = 1
        lastValue = 0
CMaxStruct --->
devName = BC556B
devType = PNP
topLevelRefDes = Q6
refDes = Q6
spiceDesig = X
scaldPath = Q6
simTemp = 27
simTime = 0.2
        CMaxParam ------>
        keyword = IC
        description = Max collector current
        maxOpStatus = 100
        maxOpValue = 0.1
        maxOpMask = 3
        errorLevel = 0
        peakDeratedMax = 0.1
        averageDeratedMax = 0.1
        rmsDeratedMax = 0.1
        peak = 0.00108412
        average = 0.00108303
        rms = 0.00108303
        peakPercent = 1.08412
        averagePercent = 1.08303
        rmsPercent = 1.08303
        node1Index = -1
        node2Index = -1
        currentIndex = -1
        portName = C
        lastValue = 0
        CMaxParam ------>
        keyword = IB
        description = Max base current
        maxOpStatus = 101
        maxOpValue = 1e+35
        maxOpMask = 2
        errorLevel = 1
        peakDeratedMax = 1e+35
        averageDeratedMax = 1e+35
        rmsDeratedMax = 1e+35
        peak = -1e+100
        average = 0
        rms = 0
        peakPercent = 0
        averagePercent = 0
        rmsPercent = 0
        node1Index = -1
        node2Index = -1
        currentIndex = -1
        portName = B
        lastValue = 0
        CMaxParam ------>
        keyword = PDM
        description = Maximum power dissipation
        maxOpStatus = 100
        maxOpValue = 0.615
        maxOpMask = 6
        errorLevel = 0
        peakDeratedMax = 0.615
        averageDeratedMax = 0.615
        rmsDeratedMax = 0.615
        peak = 0.0243666
        average = 0.02415
        rms = 0.0241505
        peakPercent = 3.96205
        averagePercent = 3.92683
        rmsPercent = 3.92691
        node1Index = -1
        node2Index = -1
        currentIndex = -1
        lastValue = 0
        CMaxParam ------>
        keyword = SB
        description = Maximum secondary breakdown
        maxOpStatus = 101
        maxOpValue = 1e+35
        maxOpMask = 2
        errorLevel = 1
        peakDeratedMax = 1e+35
        averageDeratedMax = 1e+35
        rmsDeratedMax = 1e+35
        peak = -1e+100
        average = 0
        rms = 0
        peakPercent = 0
        averagePercent = 0
        rmsPercent = 0
        node1Index = -1
        node1 = C
        node2Index = -1
        node2 = E
        currentIndex = -1
        portName = C
        lastValue = 0
        CMaxParam ------>
        keyword = TJ
        description = Maximum junction temperature
        maxOpStatus = 100
        maxOpValue = 150
        maxOpMask = 3
        errorLevel = 0
        peakDeratedMax = 150
        averageDeratedMax = 150
        rmsDeratedMax = 150
        peak = 31.8733
        average = 31.83
        rms = 31.8301
        peakPercent = 21.2489
        averagePercent = 21.22
        rmsPercent = 21.2201
        node1Index = -1
        node2Index = -1
        currentIndex = -1
        lastValue = 0
        CMaxParam ------>
        keyword = VCB
        description = Max C-B voltage
        maxOpStatus = 100
        maxOpValue = 80
        maxOpMask = 1
        errorLevel = 0
        peakDeratedMax = 80
        averageDeratedMax = 80
        rmsDeratedMax = 80
        peak = 21.7894
        average = 21.5894
        rms = 21.5899
        peakPercent = 27.2367
        averagePercent = 26.9868
        rmsPercent = 26.9874
        node1Index = -1
        node1 = B
        node2Index = -1
        node2 = C
        currentIndex = -1
        lastValue = 0
        CMaxParam ------>
        keyword = VCE
        description = Max C-E voltage
        maxOpStatus = 100
        maxOpValue = 65
        maxOpMask = 1
        errorLevel = 0
        peakDeratedMax = 65
        averageDeratedMax = 65
        rmsDeratedMax = 65
        peak = 22.4968
        average = 22.2969
        rms = 22.2974
        peakPercent = 34.6105
        averagePercent = 34.303
        rmsPercent = 34.3037
        node1Index = -1
        node1 = E
        node2Index = -1
        node2 = C
        currentIndex = -1
        lastValue = 0
        CMaxParam ------>
        keyword = VEB
        description = Max E-B voltage
        maxOpStatus = 100
        maxOpValue = 5
        maxOpMask = 1
        errorLevel = 0
        peakDeratedMax = 5
        averageDeratedMax = 5
        rmsDeratedMax = 5
        peak = -0.707429
        average = -0.707499
        rms = 0.707499
        peakPercent = 0
        averagePercent = 0
        rmsPercent = 14.15
        node1Index = -1
        node1 = B
        node2Index = -1
        node2 = E
        currentIndex = -1
        lastValue = 0
CMaxStruct --->
devName = BC556B
devType = PNP
topLevelRefDes = Q7
refDes = Q7
spiceDesig = X
scaldPath = Q7
simTemp = 27
simTime = 0.2
        CMaxParam ------>
        keyword = IC
        description = Max collector current
        maxOpStatus = 100
        maxOpValue = 0.1
        maxOpMask = 3
        errorLevel = 0
        peakDeratedMax = 0.1
        averageDeratedMax = 0.1
        rmsDeratedMax = 0.1
        peak = 0.00208886
        average = 0.00208886
        rms = 0.00208886
        peakPercent = 2.08886
        averagePercent = 2.08886
        rmsPercent = 2.08886
        node1Index = -1
        node2Index = -1
        currentIndex = -1
        portName = C
        lastValue = 0
        CMaxParam ------>
        keyword = IB
        description = Max base current
        maxOpStatus = 101
        maxOpValue = 1e+35
        maxOpMask = 2
        errorLevel = 1
        peakDeratedMax = 1e+35
        averageDeratedMax = 1e+35
        rmsDeratedMax = 1e+35
        peak = -1e+100
        average = 0
        rms = 0
        peakPercent = 0
        averagePercent = 0
        rmsPercent = 0
        node1Index = -1
        node2Index = -1
        currentIndex = -1
        portName = B
        lastValue = 0
        CMaxParam ------>
        keyword = PDM
        description = Maximum power dissipation
        maxOpStatus = 100
        maxOpValue = 0.615
        maxOpMask = 6
        errorLevel = 0
        peakDeratedMax = 0.615
        averageDeratedMax = 0.615
        rmsDeratedMax = 0.615
        peak = 0.00301524
        average = 0.00301509
        rms = 0.00301509
        peakPercent = 0.490283
        averagePercent = 0.490259
        rmsPercent = 0.490259
        node1Index = -1
        node2Index = -1
        currentIndex = -1
        lastValue = 0
        CMaxParam ------>
        keyword = SB
        description = Maximum secondary breakdown
        maxOpStatus = 101
        maxOpValue = 1e+35
        maxOpMask = 2
        errorLevel = 1
        peakDeratedMax = 1e+35
        averageDeratedMax = 1e+35
        rmsDeratedMax = 1e+35
        peak = -1e+100
        average = 0
        rms = 0
        peakPercent = 0
        averagePercent = 0
        rmsPercent = 0
        node1Index = -1
        node1 = C
        node2Index = -1
        node2 = E
        currentIndex = -1
        portName = C
        lastValue = 0
        CMaxParam ------>
        keyword = TJ
        description = Maximum junction temperature
        maxOpStatus = 100
        maxOpValue = 150
        maxOpMask = 3
        errorLevel = 0
        peakDeratedMax = 150
        averageDeratedMax = 150
        rmsDeratedMax = 150
        peak = 27.603
        average = 27.603
        rms = 27.603
        peakPercent = 18.402
        averagePercent = 18.402
        rmsPercent = 18.402
        node1Index = -1
        node2Index = -1
        currentIndex = -1
        lastValue = 0
        CMaxParam ------>
        keyword = VCB
        description = Max C-B voltage
        maxOpStatus = 100
        maxOpValue = 80
        maxOpMask = 1
        errorLevel = 0
        peakDeratedMax = 80
        averageDeratedMax = 80
        rmsDeratedMax = 80
        peak = 0.707569
        average = 0.707499
        rms = 0.707499
        peakPercent = 0.884462
        averagePercent = 0.884374
        rmsPercent = 0.884374
        node1Index = -1
        node1 = B
        node2Index = -1
        node2 = C
        currentIndex = -1
        lastValue = 0
        CMaxParam ------>
        keyword = VCE
        description = Max C-E voltage
        maxOpStatus = 100
        maxOpValue = 65
        maxOpMask = 1
        errorLevel = 0
        peakDeratedMax = 65
        averageDeratedMax = 65
        rmsDeratedMax = 65
        peak = 1.44103
        average = 1.44096
        rms = 1.44096
        peakPercent = 2.21697
        averagePercent = 2.21686
        rmsPercent = 2.21686
        node1Index = -1
        node1 = E
        node2Index = -1
        node2 = C
        currentIndex = -1
        lastValue = 0
        CMaxParam ------>
        keyword = VEB
        description = Max E-B voltage
        maxOpStatus = 100
        maxOpValue = 5
        maxOpMask = 1
        errorLevel = 0
        peakDeratedMax = 5
        averageDeratedMax = 5
        rmsDeratedMax = 5
        peak = -0.733463
        average = -0.733463
        rms = 0.733463
        peakPercent = 0
        averagePercent = 0
        rmsPercent = 14.6693
        node1Index = -1
        node1 = B
        node2Index = -1
        node2 = E
        currentIndex = -1
        lastValue = 0
CMaxStruct --->
devName = R
devType = RES
topLevelRefDes = R8
refDes = R8
spiceDesig = R
scaldPath = R8
simTemp = 27
simTime = 0.2
        CMaxParam ------>
        keyword = PDM
        description = Maximum power dissipation
        maxOpStatus = 100
        maxOpValue = 0.25
        maxOpMask = 6
        errorLevel = 0
        peakDeratedMax = 0.215459
        averageDeratedMax = 0.215459
        rmsDeratedMax = 0.215459
        peak = 0.00079113
        average = 0.00079113
        rms = 0.00079113
        peakPercent = 0.367184
        averagePercent = 0.367184
        rmsPercent = 0.367184
        node1Index = -1
        node2Index = -1
        currentIndex = -1
        lastValue = 0
        CMaxParam ------>
        keyword = RV
        description = Maximum voltage
        maxOpStatus = 101
        maxOpValue = 1e+35
        maxOpMask = 7
        errorLevel = 1
        peakDeratedMax = 1e+35
        averageDeratedMax = 1e+35
        rmsDeratedMax = 1e+35
        peak = -1e+100
        average = 0
        rms = 0
        peakPercent = 0
        averagePercent = 0
        rmsPercent = 0
        node1Index = -1
        node1 = 1
        node2Index = -1
        node2 = 2
        currentIndex = -1
        lastValue = 0
        CMaxParam ------>
        keyword = TB
        description = Maximum breakdown temperature
        maxOpStatus = 100
        maxOpValue = 200
        maxOpMask = 3
        errorLevel = 0
        peakDeratedMax = 200
        averageDeratedMax = 200
        rmsDeratedMax = 200
        peak = 27.6329
        average = 27.6329
        rms = 27.6329
        peakPercent = 13.8165
        averagePercent = 13.8165
        rmsPercent = 13.8165
        node1Index = -1
        node2Index = -1
        currentIndex = -1
        lastValue = 0
CMaxStruct --->
devName = R
devType = RES
topLevelRefDes = R9
refDes = R9
spiceDesig = R
scaldPath = R9
simTemp = 27
simTime = 0.2
        CMaxParam ------>
        keyword = PDM
        description = Maximum power dissipation
        maxOpStatus = 100
        maxOpValue = 0.25
        maxOpMask = 6
        errorLevel = 0
        peakDeratedMax = 0.120019
        averageDeratedMax = 0.120019
        rmsDeratedMax = 0.120019
        peak = 0.0962313
        average = 0.0962308
        rms = 0.0962308
        peakPercent = 80.1803
        averagePercent = 80.1796
        rmsPercent = 80.1796
        node1Index = -1
        node2Index = -1
        currentIndex = -1
        lastValue = 0
        CMaxParam ------>
        keyword = RV
        description = Maximum voltage
        maxOpStatus = 101
        maxOpValue = 1e+35
        maxOpMask = 7
        errorLevel = 1
        peakDeratedMax = 1e+35
        averageDeratedMax = 1e+35
        rmsDeratedMax = 1e+35
        peak = -1e+100
        average = 0
        rms = 0
        peakPercent = 0
        averagePercent = 0
        rmsPercent = 0
        node1Index = -1
        node1 = 1
        node2Index = -1
        node2 = 2
        currentIndex = -1
        lastValue = 0
        CMaxParam ------>
        keyword = TB
        description = Maximum breakdown temperature
        maxOpStatus = 100
        maxOpValue = 200
        maxOpMask = 3
        errorLevel = 0
        peakDeratedMax = 200
        averageDeratedMax = 200
        rmsDeratedMax = 200
        peak = 103.985
        average = 103.985
        rms = 103.985
        peakPercent = 51.9925
        averagePercent = 51.9923
        rmsPercent = 51.9923
        node1Index = -1
        node2Index = -1
        currentIndex = -1
        lastValue = 0
CMaxStruct --->
devName = D1N4002
devType = DIODE
topLevelRefDes = D1
refDes = D1
spiceDesig = X
scaldPath = D1
simTemp = 27
simTime = 0.2
        CMaxParam ------>
        keyword = IF
        description = Max forward current
        maxOpStatus = 100
        maxOpValue = 1
        maxOpMask = 3
        errorLevel = 0
        peakDeratedMax = 1
        averageDeratedMax = 1
        rmsDeratedMax = 1
        peak = 0.0182489
        average = 0.0182489
        rms = 0.0182489
        peakPercent = 1.82489
        averagePercent = 1.82489
        rmsPercent = 1.82489
        node1Index = -1
        node2Index = -1
        currentIndex = -1
        portName = 1
        lastValue = 0
        CMaxParam ------>
        keyword = PDM
        description = Maximum power dissipation
        maxOpStatus = 100
        maxOpValue = 1.48
        maxOpMask = 6
        errorLevel = 0
        peakDeratedMax = 1.48
        averageDeratedMax = 1.48
        rmsDeratedMax = 1.48
        peak = 0.0131839
        average = 0.0131839
        rms = 0.0131839
        peakPercent = 0.890806
        averagePercent = 0.890806
        rmsPercent = 0.890806
        node1Index = -1
        node2Index = -1
        currentIndex = -1
        lastValue = 0
        CMaxParam ------>
        keyword = TJ
        description = Maximum junction temperature
        maxOpStatus = 100
        maxOpValue = 175
        maxOpMask = 3
        errorLevel = 0
        peakDeratedMax = 175
        averageDeratedMax = 175
        rmsDeratedMax = 175
        peak = 28.3184
        average = 28.3184
        rms = 28.3184
        peakPercent = 16.1819
        averagePercent = 16.1819
        rmsPercent = 16.1819
        node1Index = -1
        node2Index = -1
        currentIndex = -1
        lastValue = 0
        CMaxParam ------>
        keyword = VR
        description = Peak reverse voltage
        maxOpStatus = 100
        maxOpValue = 100
        maxOpMask = 4
        errorLevel = 0
        peakDeratedMax = 100
        averageDeratedMax = 100
        rmsDeratedMax = 100
        peak = -0.722449
        average = -0.722449
        rms = 0.722449
        peakPercent = 0
        averagePercent = 0
        rmsPercent = 0.722449
        node1Index = -1
        node1 = 2
        node2Index = -1
        node2 = 1
        currentIndex = -1
        lastValue = 0
CMaxStruct --->
devName = R
devType = RES
topLevelRefDes = R10
refDes = R10
spiceDesig = R
scaldPath = R10
simTemp = 27
simTime = 0.2
        CMaxParam ------>
        keyword = PDM
        description = Maximum power dissipation
        maxOpStatus = 100
        maxOpValue = 0.25
        maxOpMask = 6
        errorLevel = 0
        peakDeratedMax = 0.182945
        averageDeratedMax = 0.182949
        rmsDeratedMax = 0.182949
        peak = 0.033305
        average = 0.0333014
        rms = 0.0333014
        peakPercent = 18.2049
        averagePercent = 18.2026
        rmsPercent = 18.2026
        node1Index = -1
        node2Index = -1
        currentIndex = -1
        lastValue = 0
        CMaxParam ------>
        keyword = RV
        description = Maximum voltage
        maxOpStatus = 101
        maxOpValue = 1e+35
        maxOpMask = 7
        errorLevel = 1
        peakDeratedMax = 1e+35
        averageDeratedMax = 1e+35
        rmsDeratedMax = 1e+35
        peak = -1e+100
        average = 0
        rms = 0
        peakPercent = 0
        averagePercent = 0
        rmsPercent = 0
        node1Index = -1
        node1 = 1
        node2Index = -1
        node2 = 2
        currentIndex = -1
        lastValue = 0
        CMaxParam ------>
        keyword = TB
        description = Maximum breakdown temperature
        maxOpStatus = 100
        maxOpValue = 200
        maxOpMask = 3
        errorLevel = 0
        peakDeratedMax = 200
        averageDeratedMax = 200
        rmsDeratedMax = 200
        peak = 53.644
        average = 53.6411
        rms = 53.6411
        peakPercent = 26.822
        averagePercent = 26.8206
        rmsPercent = 26.8206
        node1Index = -1
        node2Index = -1
        currentIndex = -1
        lastValue = 0
CMaxStruct --->
devName = R
devType = RES
topLevelRefDes = R11
refDes = R11
spiceDesig = R
scaldPath = R11
simTemp = 27
simTime = 0.2
        CMaxParam ------>
        keyword = PDM
        description = Maximum power dissipation
        maxOpStatus = 100
        maxOpValue = 0.25
        maxOpMask = 6
        errorLevel = 0
        peakDeratedMax = 0.210585
        averageDeratedMax = 0.210612
        rmsDeratedMax = 0.210612
        peak = 0.00566524
        average = 0.00563771
        rms = 0.00563775
        peakPercent = 2.69024
        averagePercent = 2.67682
        rmsPercent = 2.67684
        node1Index = -1
        node2Index = -1
        currentIndex = -1
        lastValue = 0
        CMaxParam ------>
        keyword = RV
        description = Maximum voltage
        maxOpStatus = 101
        maxOpValue = 1e+35
        maxOpMask = 7
        errorLevel = 1
        peakDeratedMax = 1e+35
        averageDeratedMax = 1e+35
        rmsDeratedMax = 1e+35
        peak = -1e+100
        average = 0
        rms = 0
        peakPercent = 0
        averagePercent = 0
        rmsPercent = 0
        node1Index = -1
        node1 = 1
        node2Index = -1
        node2 = 2
        currentIndex = -1
        lastValue = 0
        CMaxParam ------>
        keyword = TB
        description = Maximum breakdown temperature
        maxOpStatus = 100
        maxOpValue = 200
        maxOpMask = 3
        errorLevel = 0
        peakDeratedMax = 200
        averageDeratedMax = 200
        rmsDeratedMax = 200
        peak = 31.5322
        average = 31.5102
        rms = 31.5102
        peakPercent = 15.7661
        averagePercent = 15.7551
        rmsPercent = 15.7551
        node1Index = -1
        node2Index = -1
        currentIndex = -1
        lastValue = 0
CMaxStruct --->
devName = C
devType = CAP
topLevelRefDes = C4
refDes = C4
spiceDesig = C
scaldPath = C4
simTemp = 27
simTime = 0.2
        CMaxParam ------>
        keyword = CV
        description = Maximum voltage
        maxOpStatus = 100
        maxOpValue = 50
        maxOpMask = 7
        errorLevel = 0
        peakDeratedMax = 50
        averageDeratedMax = 50
        rmsDeratedMax = 50
        peak = 1.35873
        average = 1.35663
        rms = 1.35663
        peakPercent = 2.71745
        averagePercent = 2.71325
        rmsPercent = 2.71325
        node1Index = -1
        node1 = 1
        node2Index = -1
        node2 = 2
        currentIndex = -1
        lastValue = 0
        CMaxParam ------>
        keyword = CI
        description = Maximum current
        maxOpStatus = 100
        maxOpValue = 1
        maxOpMask = 7
        errorLevel = 0
        peakDeratedMax = 1
        averageDeratedMax = 1
        rmsDeratedMax = 1
        peak = 9.15086e-06
        average = 9.14413e-10
        rms = 8.86245e-07
        peakPercent = 0.000915086
        averagePercent = 9.14413e-08
        rmsPercent = 8.86245e-05
        node1Index = -1
        node2Index = -1
        currentIndex = 0
        portName = 1
        lastValue = 0
CMaxStruct --->
devName = R
devType = RES
topLevelRefDes = R13
refDes = R13
spiceDesig = R
scaldPath = R13
simTemp = 27
simTime = 0.2
        CMaxParam ------>
        keyword = PDM
        description = Maximum power dissipation
        maxOpStatus = 100
        maxOpValue = 1
        maxOpMask = 6
        errorLevel = 0
        peakDeratedMax = 0.180487
        averageDeratedMax = 0.183247
        rmsDeratedMax = 0.183245
        peak = 0.684513
        average = 0.681753
        rms = 0.681755
        peakPercent = 379.258
        averagePercent = 372.039
        rmsPercent = 372.047
        node1Index = -1
        node2Index = -1
        currentIndex = -1
        lastValue = 0
        CMaxParam ------>
        keyword = RV
        description = Maximum voltage
        maxOpStatus = 101
        maxOpValue = 1e+35
        maxOpMask = 7
        errorLevel = 1
        peakDeratedMax = 1e+35
        averageDeratedMax = 1e+35
        rmsDeratedMax = 1e+35
        peak = -1e+100
        average = 0
        rms = 0
        peakPercent = 0
        averagePercent = 0
        rmsPercent = 0
        node1Index = -1
        node1 = 1
        node2Index = -1
        node2 = 2
        currentIndex = -1
        lastValue = 0
        CMaxParam ------>
        keyword = TB
        description = Maximum breakdown temperature
        maxOpStatus = 100
        maxOpValue = 200
        maxOpMask = 3
        errorLevel = 0
        peakDeratedMax = 200
        averageDeratedMax = 200
        rmsDeratedMax = 200
        peak = 163.903
        average = 163.351
        rms = 163.351
        peakPercent = 81.9513
        averagePercent = 81.6753
        rmsPercent = 81.6755
        node1Index = -1
        node2Index = -1
        currentIndex = -1
        lastValue = 0
CMaxStruct --->
devName = C
devType = CAP
topLevelRefDes = C5
refDes = C5
spiceDesig = C
scaldPath = C5
simTemp = 27
simTime = 0.2
        CMaxParam ------>
        keyword = CV
        description = Maximum voltage
        maxOpStatus = 100
        maxOpValue = 100
        maxOpMask = 7
        errorLevel = 0
        peakDeratedMax = 100
        averageDeratedMax = 100
        rmsDeratedMax = 100
        peak = 90.632
        average = 90.449
        rms = 90.4491
        peakPercent = 90.632
        averagePercent = 90.449
        rmsPercent = 90.4491
        node1Index = -1
        node1 = 1
        node2Index = -1
        node2 = 2
        currentIndex = -1
        lastValue = 0
        CMaxParam ------>
        keyword = CI
        description = Maximum current
        maxOpStatus = 100
        maxOpValue = 1
        maxOpMask = 7
        errorLevel = 0
        peakDeratedMax = 1
        averageDeratedMax = 1
        rmsDeratedMax = 1
        peak = 1.51509e-05
        average = 1.6458e-09
        rms = 8.29167e-06
        peakPercent = 0.00151509
        averagePercent = 1.6458e-07
        rmsPercent = 0.000829167
        node1Index = -1
        node2Index = -1
        currentIndex = 0
        portName = 1
        lastValue = 0
CMaxStruct --->
devName = R
devType = RES
topLevelRefDes = R16
refDes = R16
spiceDesig = R
scaldPath = R16
simTemp = 27
simTime = 0.2
        CMaxParam ------>
        keyword = PDM
        description = Maximum power dissipation
        maxOpStatus = 100
        maxOpValue = 0.25
        maxOpMask = 6
        errorLevel = 0
        peakDeratedMax = 0.21625
        averageDeratedMax = 0.21625
        rmsDeratedMax = 0.21625
        peak = 7.50499e-09
        average = 1.09829e-09
        rms = 1.76056e-09
        peakPercent = 3.47052e-06
        averagePercent = 5.07882e-07
        rmsPercent = 8.14132e-07
        node1Index = -1
        node2Index = -1
        currentIndex = -1
        lastValue = 0
        CMaxParam ------>
        keyword = RV
        description = Maximum voltage
        maxOpStatus = 101
        maxOpValue = 1e+35
        maxOpMask = 7
        errorLevel = 1
        peakDeratedMax = 1e+35
        averageDeratedMax = 1e+35
        rmsDeratedMax = 1e+35
        peak = -1e+100
        average = 0
        rms = 0
        peakPercent = 0
        averagePercent = 0
        rmsPercent = 0
        node1Index = -1
        node1 = 1
        node2Index = -1
        node2 = 2
        currentIndex = -1
        lastValue = 0
        CMaxParam ------>
        keyword = TB
        description = Maximum breakdown temperature
        maxOpStatus = 100
        maxOpValue = 200
        maxOpMask = 3
        errorLevel = 0
        peakDeratedMax = 200
        averageDeratedMax = 200
        rmsDeratedMax = 200
        peak = 27
        average = 27
        rms = 27
        peakPercent = 13.5
        averagePercent = 13.5
        rmsPercent = 13.5
        node1Index = -1
        node2Index = -1
        currentIndex = -1
        lastValue = 0
CMaxStruct --->
devName = R
devType = RES
topLevelRefDes = R21
refDes = R21
spiceDesig = R
scaldPath = R21
simTemp = 27
simTime = 0.2
        CMaxParam ------>
        keyword = PDM
        description = Maximum power dissipation
        maxOpStatus = 100
        maxOpValue = 0.25
        maxOpMask = 6
        errorLevel = 0
        peakDeratedMax = 0.21625
        averageDeratedMax = 0.21625
        rmsDeratedMax = 0.21625
        peak = 1.16816e-08
        average = 2.88183e-09
        rms = 3.8491e-09
        peakPercent = 5.40188e-06
        averagePercent = 1.33264e-06
        rmsPercent = 1.77993e-06
        node1Index = -1
        node2Index = -1
        currentIndex = -1
        lastValue = 0
        CMaxParam ------>
        keyword = RV
        description = Maximum voltage
        maxOpStatus = 101
        maxOpValue = 1e+35
        maxOpMask = 7
        errorLevel = 1
        peakDeratedMax = 1e+35
        averageDeratedMax = 1e+35
        rmsDeratedMax = 1e+35
        peak = -1e+100
        average = 0
        rms = 0
        peakPercent = 0
        averagePercent = 0
        rmsPercent = 0
        node1Index = -1
        node1 = 1
        node2Index = -1
        node2 = 2
        currentIndex = -1
        lastValue = 0
        CMaxParam ------>
        keyword = TB
        description = Maximum breakdown temperature
        maxOpStatus = 100
        maxOpValue = 200
        maxOpMask = 3
        errorLevel = 0
        peakDeratedMax = 200
        averageDeratedMax = 200
        rmsDeratedMax = 200
        peak = 27
        average = 27
        rms = 27
        peakPercent = 13.5
        averagePercent = 13.5
        rmsPercent = 13.5
        node1Index = -1
        node2Index = -1
        currentIndex = -1
        lastValue = 0
CMaxStruct --->
devName = BZX84C12V/PLP
devType = DIODE
topLevelRefDes = D2
refDes = D2
spiceDesig = X
scaldPath = D2
simTemp = 27
simTime = 0.2
        CMaxParam ------>
        keyword = IF
        description = Max Forward Current
        maxOpStatus = 101
        maxOpValue = 1e+35
        maxOpMask = 3
        errorLevel = 1
        peakDeratedMax = 1e+35
        averageDeratedMax = 1e+35
        rmsDeratedMax = 1e+35
        peak = -1e+100
        average = 0
        rms = 0
        peakPercent = 0
        averagePercent = 0
        rmsPercent = 0
        node1Index = -1
        node2Index = -1
        currentIndex = -1
        portName = 1
        lastValue = 0
        CMaxParam ------>
        keyword = IRMX
        description = Max Reverse Current
        maxOpStatus = 100
        maxOpValue = 0.01984
        maxOpMask = 1
        errorLevel = 0
        peakDeratedMax = 0.01984
        averageDeratedMax = 0.01984
        rmsDeratedMax = 0.01984
        peak = 2.34052e-07
        average = 2.31834e-10
        rms = 1.75583e-08
        peakPercent = 0.0011797
        averagePercent = 1.16852e-06
        rmsPercent = 8.84997e-05
        node1Index = -1
        node2Index = -1
        currentIndex = -1
        portName = 1
        lastValue = 0
        CMaxParam ------>
        keyword = PDM
        description = Maximum power dissipation
        maxOpStatus = 100
        maxOpValue = 0.25
        maxOpMask = 6
        errorLevel = 2
        peakDeratedMax = 0.25
        averageDeratedMax = 0.25
        rmsDeratedMax = 0.25
        peak = 2.10562e-07
        average = 2.83998e-10
        rms = 2.66701e-08
        peakPercent = 8.42249e-05
        averagePercent = 1.13599e-07
        rmsPercent = 1.06681e-05
        node1Index = -1
        node2Index = -1
        currentIndex = -1
        lastValue = 0
        CMaxParam ------>
        keyword = TJ
        description = Maximum junction temperature
        maxOpStatus = 100
        maxOpValue = 150
        maxOpMask = 3
        errorLevel = 0
        peakDeratedMax = 150
        averageDeratedMax = 150
        rmsDeratedMax = 150
        peak = 27
        average = 27
        rms = 27
        peakPercent = 18
        averagePercent = 18
        rmsPercent = 18
        node1Index = -1
        node2Index = -1
        currentIndex = -1
        lastValue = 0
CMaxStruct --->
devName = D1N914
devType = DIODE
topLevelRefDes = D3
refDes = D3
spiceDesig = X
scaldPath = D3
simTemp = 27
simTime = 0.2
        CMaxParam ------>
        keyword = IF
        description = Max forward current
        maxOpStatus = 100
        maxOpValue = 0.2
        maxOpMask = 3
        errorLevel = 0
        peakDeratedMax = 0.2
        averageDeratedMax = 0.2
        rmsDeratedMax = 0.2
        peak = 2.34053e-07
        average = 2.31832e-10
        rms = 1.75584e-08
        peakPercent = 0.000117026
        averagePercent = 1.15916e-07
        rmsPercent = 8.77918e-06
        node1Index = -1
        node2Index = -1
        currentIndex = -1
        portName = 1
        lastValue = 0
        CMaxParam ------>
        keyword = PDM
        description = Maximum power dissipation
        maxOpStatus = 100
        maxOpValue = 0.5
        maxOpMask = 6
        errorLevel = 2
        peakDeratedMax = 0.5
        averageDeratedMax = 0.5
        rmsDeratedMax = 0.5
        peak = 9.71171e-08
        average = 2.43682e-10
        rms = 1.83146e-08
        peakPercent = 1.94234e-05
        averagePercent = 4.87365e-08
        rmsPercent = 3.66292e-06
        node1Index = -1
        node2Index = -1
        currentIndex = -1
        lastValue = 0
        CMaxParam ------>
        keyword = TJ
        description = Maximum junction temperature
        maxOpStatus = 100
        maxOpValue = 175
        maxOpMask = 3
        errorLevel = 0
        peakDeratedMax = 175
        averageDeratedMax = 175
        rmsDeratedMax = 175
        peak = 27
        average = 27
        rms = 27
        peakPercent = 15.4286
        averagePercent = 15.4286
        rmsPercent = 15.4286
        node1Index = -1
        node2Index = -1
        currentIndex = -1
        lastValue = 0
        CMaxParam ------>
        keyword = VR
        description = Peak reverse voltage
        maxOpStatus = 100
        maxOpValue = 75
        maxOpMask = 4
        errorLevel = 0
        peakDeratedMax = 75
        averageDeratedMax = 75
        rmsDeratedMax = 75
        peak = 2.21031
        average = 0.980481
        rms = 1.30277
        peakPercent = 2.94708
        averagePercent = 1.30731
        rmsPercent = 1.73702
        node1Index = -1
        node1 = 2
        node2Index = -1
        node2 = 1
        currentIndex = -1
        lastValue = 0
CMaxStruct --->
devName = BZX84C12V/PLP
devType = DIODE
topLevelRefDes = D5
refDes = D5
spiceDesig = X
scaldPath = D5
simTemp = 27
simTime = 0.2
        CMaxParam ------>
        keyword = IF
        description = Max Forward Current
        maxOpStatus = 101
        maxOpValue = 1e+35
        maxOpMask = 3
        errorLevel = 1
        peakDeratedMax = 1e+35
        averageDeratedMax = 1e+35
        rmsDeratedMax = 1e+35
        peak = -1e+100
        average = 0
        rms = 0
        peakPercent = 0
        averagePercent = 0
        rmsPercent = 0
        node1Index = -1
        node2Index = -1
        currentIndex = -1
        portName = 1
        lastValue = 0
        CMaxParam ------>
        keyword = IRMX
        description = Max Reverse Current
        maxOpStatus = 100
        maxOpValue = 0.01984
        maxOpMask = 1
        errorLevel = 0
        peakDeratedMax = 0.01984
        averageDeratedMax = 0.01984
        rmsDeratedMax = 0.01984
        peak = 3.05925e-07
        average = 2.66624e-10
        rms = 1.80814e-08
        peakPercent = 0.00154196
        averagePercent = 1.34387e-06
        rmsPercent = 9.11363e-05
        node1Index = -1
        node2Index = -1
        currentIndex = -1
        portName = 1
        lastValue = 0
        CMaxParam ------>
        keyword = PDM
        description = Maximum power dissipation
        maxOpStatus = 100
        maxOpValue = 0.25
        maxOpMask = 6
        errorLevel = 2
        peakDeratedMax = 0.25
        averageDeratedMax = 0.25
        rmsDeratedMax = 0.25
        peak = 2.9312e-07
        average = 3.71379e-10
        rms = 3.20626e-08
        peakPercent = 0.000117248
        averagePercent = 1.48552e-07
        rmsPercent = 1.2825e-05
        node1Index = -1
        node2Index = -1
        currentIndex = -1
        lastValue = 0
        CMaxParam ------>
        keyword = TJ
        description = Maximum junction temperature
        maxOpStatus = 100
        maxOpValue = 150
        maxOpMask = 3
        errorLevel = 0
        peakDeratedMax = 150
        averageDeratedMax = 150
        rmsDeratedMax = 150
        peak = 27
        average = 27
        rms = 27
        peakPercent = 18
        averagePercent = 18
        rmsPercent = 18
        node1Index = -1
        node2Index = -1
        currentIndex = -1
        lastValue = 0
CMaxStruct --->
devName = D1N914
devType = DIODE
topLevelRefDes = D4
refDes = D4
spiceDesig = X
scaldPath = D4
simTemp = 27
simTime = 0.2
        CMaxParam ------>
        keyword = IF
        description = Max forward current
        maxOpStatus = 100
        maxOpValue = 0.2
        maxOpMask = 3
        errorLevel = 0
        peakDeratedMax = 0.2
        averageDeratedMax = 0.2
        rmsDeratedMax = 0.2
        peak = 3.05925e-07
        average = 2.66633e-10
        rms = 1.80815e-08
        peakPercent = 0.000152963
        averagePercent = 1.33317e-07
        rmsPercent = 9.04074e-06
        node1Index = -1
        node2Index = -1
        currentIndex = -1
        portName = 1
        lastValue = 0
        CMaxParam ------>
        keyword = PDM
        description = Maximum power dissipation
        maxOpStatus = 100
        maxOpValue = 0.5
        maxOpMask = 6
        errorLevel = 2
        peakDeratedMax = 0.5
        averageDeratedMax = 0.5
        rmsDeratedMax = 0.5
        peak = 1.31411e-07
        average = 2.73201e-10
        rms = 1.74848e-08
        peakPercent = 2.62823e-05
        averagePercent = 5.46402e-08
        rmsPercent = 3.49697e-06
        node1Index = -1
        node2Index = -1
        currentIndex = -1
        lastValue = 0
        CMaxParam ------>
        keyword = TJ
        description = Maximum junction temperature
        maxOpStatus = 100
        maxOpValue = 175
        maxOpMask = 3
        errorLevel = 0
        peakDeratedMax = 175
        averageDeratedMax = 175
        rmsDeratedMax = 175
        peak = 27
        average = 27
        rms = 27
        peakPercent = 15.4286
        averagePercent = 15.4286
        rmsPercent = 15.4286
        node1Index = -1
        node2Index = -1
        currentIndex = -1
        lastValue = 0
        CMaxParam ------>
        keyword = VR
        description = Peak reverse voltage
        maxOpStatus = 100
        maxOpValue = 75
        maxOpMask = 4
        errorLevel = 0
        peakDeratedMax = 75
        averageDeratedMax = 75
        rmsDeratedMax = 75
        peak = 2.19634
        average = 1.03289
        rms = 1.34
        peakPercent = 2.92846
        averagePercent = 1.37719
        rmsPercent = 1.78667
        node1Index = -1
        node1 = 2
        node2Index = -1
        node2 = 1
        currentIndex = -1
        lastValue = 0
CMaxStruct --->
devName = R
devType = RES
topLevelRefDes = R22
refDes = R22
spiceDesig = R
scaldPath = R22
simTemp = 27
simTime = 0.2
        CMaxParam ------>
        keyword = PDM
        description = Maximum power dissipation
        maxOpStatus = 100
        maxOpValue = 0.25
        maxOpMask = 6
        errorLevel = 0
        peakDeratedMax = 0.193061
        averageDeratedMax = 0.193135
        rmsDeratedMax = 0.193135
        peak = 0.0231888
        average = 0.0231145
        rms = 0.0231146
        peakPercent = 12.0111
        averagePercent = 11.968
        rmsPercent = 11.9681
        node1Index = -1
        node2Index = -1
        currentIndex = -1
        lastValue = 0
        CMaxParam ------>
        keyword = RV
        description = Maximum voltage
        maxOpStatus = 101
        maxOpValue = 1e+35
        maxOpMask = 7
        errorLevel = 1
        peakDeratedMax = 1e+35
        averageDeratedMax = 1e+35
        rmsDeratedMax = 1e+35
        peak = -1e+100
        average = 0
        rms = 0
        peakPercent = 0
        averagePercent = 0
        rmsPercent = 0
        node1Index = -1
        node1 = 1
        node2Index = -1
        node2 = 2
        currentIndex = -1
        lastValue = 0
        CMaxParam ------>
        keyword = TB
        description = Maximum breakdown temperature
        maxOpStatus = 100
        maxOpValue = 200
        maxOpMask = 3
        errorLevel = 0
        peakDeratedMax = 200
        averageDeratedMax = 200
        rmsDeratedMax = 200
        peak = 45.551
        average = 45.4916
        rms = 45.4917
        peakPercent = 22.7755
        averagePercent = 22.7458
        rmsPercent = 22.7458
        node1Index = -1
        node2Index = -1
        currentIndex = -1
        lastValue = 0
CMaxStruct --->
devName = R
devType = RES
topLevelRefDes = R23
refDes = R23
spiceDesig = R
scaldPath = R23
simTemp = 27
simTime = 0.2
        CMaxParam ------>
        keyword = PDM
        description = Maximum power dissipation
        maxOpStatus = 100
        maxOpValue = 0.25
        maxOpMask = 6
        errorLevel = 0
        peakDeratedMax = 0.215183
        averageDeratedMax = 0.215185
        rmsDeratedMax = 0.215185
        peak = 0.00106704
        average = 0.0010649
        rms = 0.0010649
        peakPercent = 0.495874
        averagePercent = 0.494878
        rmsPercent = 0.494878
        node1Index = -1
        node2Index = -1
        currentIndex = -1
        lastValue = 0
        CMaxParam ------>
        keyword = RV
        description = Maximum voltage
        maxOpStatus = 101
        maxOpValue = 1e+35
        maxOpMask = 7
        errorLevel = 1
        peakDeratedMax = 1e+35
        averageDeratedMax = 1e+35
        rmsDeratedMax = 1e+35
        peak = -1e+100
        average = 0
        rms = 0
        peakPercent = 0
        averagePercent = 0
        rmsPercent = 0
        node1Index = -1
        node1 = 1
        node2Index = -1
        node2 = 2
        currentIndex = -1
        lastValue = 0
        CMaxParam ------>
        keyword = TB
        description = Maximum breakdown temperature
        maxOpStatus = 100
        maxOpValue = 200
        maxOpMask = 3
        errorLevel = 0
        peakDeratedMax = 200
        averageDeratedMax = 200
        rmsDeratedMax = 200
        peak = 27.8536
        average = 27.8519
        rms = 27.8519
        peakPercent = 13.9268
        averagePercent = 13.926
        rmsPercent = 13.926
        node1Index = -1
        node2Index = -1
        currentIndex = -1
        lastValue = 0
CMaxStruct --->
devName = R
devType = RES
topLevelRefDes = R24
refDes = R24
spiceDesig = R
scaldPath = R24
simTemp = 27
simTime = 0.2
        CMaxParam ------>
        keyword = PDM
        description = Maximum power dissipation
        maxOpStatus = 100
        maxOpValue = 0.25
        maxOpMask = 6
        errorLevel = 0
        peakDeratedMax = 0.215181
        averageDeratedMax = 0.215183
        rmsDeratedMax = 0.215183
        peak = 0.00106938
        average = 0.00106696
        rms = 0.00106697
        peakPercent = 0.49697
        averagePercent = 0.49584
        rmsPercent = 0.495841
        node1Index = -1
        node2Index = -1
        currentIndex = -1
        lastValue = 0
        CMaxParam ------>
        keyword = RV
        description = Maximum voltage
        maxOpStatus = 101
        maxOpValue = 1e+35
        maxOpMask = 7
        errorLevel = 1
        peakDeratedMax = 1e+35
        averageDeratedMax = 1e+35
        rmsDeratedMax = 1e+35
        peak = -1e+100
        average = 0
        rms = 0
        peakPercent = 0
        averagePercent = 0
        rmsPercent = 0
        node1Index = -1
        node1 = 1
        node2Index = -1
        node2 = 2
        currentIndex = -1
        lastValue = 0
        CMaxParam ------>
        keyword = TB
        description = Maximum breakdown temperature
        maxOpStatus = 100
        maxOpValue = 200
        maxOpMask = 3
        errorLevel = 0
        peakDeratedMax = 200
        averageDeratedMax = 200
        rmsDeratedMax = 200
        peak = 27.8555
        average = 27.8536
        rms = 27.8536
        peakPercent = 13.9278
        averagePercent = 13.9268
        rmsPercent = 13.9268
        node1Index = -1
        node2Index = -1
        currentIndex = -1
        lastValue = 0
CMaxStruct --->
devName = C
devType = CAP
topLevelRefDes = C10
refDes = C10
spiceDesig = C
scaldPath = C10
simTemp = 27
simTime = 0.2
        CMaxParam ------>
        keyword = CV
        description = Maximum voltage
        maxOpStatus = 100
        maxOpValue = 50
        maxOpMask = 7
        errorLevel = 0
        peakDeratedMax = 50
        averageDeratedMax = 50
        rmsDeratedMax = 50
        peak = 6.82753
        average = 0.00561197
        rms = 4.80561
        peakPercent = 13.6551
        averagePercent = 0.0112239
        rmsPercent = 9.61121
        node1Index = -1
        node1 = 1
        node2Index = -1
        node2 = 2
        currentIndex = -1
        lastValue = 0
        CMaxParam ------>
        keyword = CI
        description = Maximum current
        maxOpStatus = 100
        maxOpValue = 1
        maxOpMask = 7
        errorLevel = 0
        peakDeratedMax = 1
        averageDeratedMax = 1
        rmsDeratedMax = 1
        peak = 0.000942848
        average = 2.13386e-09
        rms = 0.000664294
        peakPercent = 0.0942848
        averagePercent = 2.13386e-07
        rmsPercent = 0.0664294
        node1Index = -1
        node2Index = -1
        currentIndex = 0
        portName = 1
        lastValue = 0
CMaxStruct --->
devName = R
devType = RES
topLevelRefDes = R25
refDes = R25
spiceDesig = R
scaldPath = R25
simTemp = 27
simTime = 0.2
        CMaxParam ------>
        keyword = PDM
        description = Maximum power dissipation
        maxOpStatus = 100
        maxOpValue = 0.25
        maxOpMask = 6
        errorLevel = 0
        peakDeratedMax = 0.216244
        averageDeratedMax = 0.216247
        rmsDeratedMax = 0.216246
        peak = 6.04495e-06
        average = 3.00075e-06
        rms = 3.67514e-06
        peakPercent = 0.00279543
        averagePercent = 0.00138765
        rmsPercent = 0.00169952
        node1Index = -1
        node2Index = -1
        currentIndex = -1
        lastValue = 0
        CMaxParam ------>
        keyword = RV
        description = Maximum voltage
        maxOpStatus = 101
        maxOpValue = 1e+35
        maxOpMask = 7
        errorLevel = 1
        peakDeratedMax = 1e+35
        averageDeratedMax = 1e+35
        rmsDeratedMax = 1e+35
        peak = -1e+100
        average = 0
        rms = 0
        peakPercent = 0
        averagePercent = 0
        rmsPercent = 0
        node1Index = -1
        node1 = 1
        node2Index = -1
        node2 = 2
        currentIndex = -1
        lastValue = 0
        CMaxParam ------>
        keyword = TB
        description = Maximum breakdown temperature
        maxOpStatus = 100
        maxOpValue = 200
        maxOpMask = 3
        errorLevel = 0
        peakDeratedMax = 200
        averageDeratedMax = 200
        rmsDeratedMax = 200
        peak = 27.0048
        average = 27.0024
        rms = 27.0029
        peakPercent = 13.5024
        averagePercent = 13.5012
        rmsPercent = 13.5015
        node1Index = -1
        node2Index = -1
        currentIndex = -1
        lastValue = 0
CMaxStruct --->
devName = C
devType = CAP
topLevelRefDes = C11
refDes = C11
spiceDesig = C
scaldPath = C11
simTemp = 27
simTime = 0.2
        CMaxParam ------>
        keyword = CV
        description = Maximum voltage
        maxOpStatus = 100
        maxOpValue = 50
        maxOpMask = 7
        errorLevel = 0
        peakDeratedMax = 50
        averageDeratedMax = 50
        rmsDeratedMax = 50
        peak = 47.4527
        average = 47.4527
        rms = 47.4527
        peakPercent = 94.9055
        averagePercent = 94.9054
        rmsPercent = 94.9054
        node1Index = -1
        node1 = 1
        node2Index = -1
        node2 = 2
        currentIndex = -1
        lastValue = 0
        CMaxParam ------>
        keyword = CI
        description = Maximum current
        maxOpStatus = 100
        maxOpValue = 1
        maxOpMask = 7
        errorLevel = 0
        peakDeratedMax = 1
        averageDeratedMax = 1
        rmsDeratedMax = 1
        peak = 3.69236e-05
        average = 2.50144e-08
        rms = 2.25149e-05
        peakPercent = 0.00369236
        averagePercent = 2.50144e-06
        rmsPercent = 0.00225149
        node1Index = -1
        node2Index = -1
        currentIndex = 0
        portName = 1
        lastValue = 0
CMaxStruct --->
devName = D1N4002
devType = DIODE
topLevelRefDes = D6
refDes = D6
spiceDesig = X
scaldPath = D6
simTemp = 27
simTime = 0.2
        CMaxParam ------>
        keyword = IF
        description = Max forward current
        maxOpStatus = 100
        maxOpValue = 1
        maxOpMask = 3
        errorLevel = 0
        peakDeratedMax = 1
        averageDeratedMax = 1
        rmsDeratedMax = 1
        peak = 0.0161562
        average = 0.0161562
        rms = 0.0161562
        peakPercent = 1.61562
        averagePercent = 1.61562
        rmsPercent = 1.61562
        node1Index = -1
        node2Index = -1
        currentIndex = -1
        portName = 1
        lastValue = 0
        CMaxParam ------>
        keyword = PDM
        description = Maximum power dissipation
        maxOpStatus = 100
        maxOpValue = 1.48
        maxOpMask = 6
        errorLevel = 0
        peakDeratedMax = 1.48
        averageDeratedMax = 1.48
        rmsDeratedMax = 1.48
        peak = 0.0115699
        average = 0.0115699
        rms = 0.0115699
        peakPercent = 0.781751
        averagePercent = 0.781751
        rmsPercent = 0.781751
        node1Index = -1
        node2Index = -1
        currentIndex = -1
        lastValue = 0
        CMaxParam ------>
        keyword = TJ
        description = Maximum junction temperature
        maxOpStatus = 100
        maxOpValue = 175
        maxOpMask = 3
        errorLevel = 0
        peakDeratedMax = 175
        averageDeratedMax = 175
        rmsDeratedMax = 175
        peak = 28.157
        average = 28.157
        rms = 28.157
        peakPercent = 16.0897
        averagePercent = 16.0897
        rmsPercent = 16.0897
        node1Index = -1
        node2Index = -1
        currentIndex = -1
        lastValue = 0
        CMaxParam ------>
        keyword = VR
        description = Peak reverse voltage
        maxOpStatus = 100
        maxOpValue = 100
        maxOpMask = 4
        errorLevel = 0
        peakDeratedMax = 100
        averageDeratedMax = 100
        rmsDeratedMax = 100
        peak = -0.716129
        average = -0.716129
        rms = 0.716129
        peakPercent = 0
        averagePercent = 0
        rmsPercent = 0.716129
        node1Index = -1
        node1 = 2
        node2Index = -1
        node2 = 1
        currentIndex = -1
        lastValue = 0
CMaxStruct --->
devName = R
devType = RES
topLevelRefDes = R26
refDes = R26
spiceDesig = R
scaldPath = R26
simTemp = 27
simTime = 0.2
        CMaxParam ------>
        keyword = PDM
        description = Maximum power dissipation
        maxOpStatus = 100
        maxOpValue = 0.25
        maxOpMask = 6
        errorLevel = 0
        peakDeratedMax = 0.190146
        averageDeratedMax = 0.190149
        rmsDeratedMax = 0.190149
        peak = 0.0261042
        average = 0.0261014
        rms = 0.0261014
        peakPercent = 13.7285
        averagePercent = 13.7269
        rmsPercent = 13.7269
        node1Index = -1
        node2Index = -1
        currentIndex = -1
        lastValue = 0
        CMaxParam ------>
        keyword = RV
        description = Maximum voltage
        maxOpStatus = 101
        maxOpValue = 1e+35
        maxOpMask = 7
        errorLevel = 1
        peakDeratedMax = 1e+35
        averageDeratedMax = 1e+35
        rmsDeratedMax = 1e+35
        peak = -1e+100
        average = 0
        rms = 0
        peakPercent = 0
        averagePercent = 0
        rmsPercent = 0
        node1Index = -1
        node1 = 1
        node2Index = -1
        node2 = 2
        currentIndex = -1
        lastValue = 0
        CMaxParam ------>
        keyword = TB
        description = Maximum breakdown temperature
        maxOpStatus = 100
        maxOpValue = 200
        maxOpMask = 3
        errorLevel = 0
        peakDeratedMax = 200
        averageDeratedMax = 200
        rmsDeratedMax = 200
        peak = 47.8834
        average = 47.8811
        rms = 47.8811
        peakPercent = 23.9417
        averagePercent = 23.9406
        rmsPercent = 23.9406
        node1Index = -1
        node2Index = -1
        currentIndex = -1
        lastValue = 0
CMaxStruct --->
devName = C
devType = CAP
topLevelRefDes = C12
refDes = C12
spiceDesig = C
scaldPath = C12
simTemp = 27
simTime = 0.2
        CMaxParam ------>
        keyword = CV
        description = Maximum voltage
        maxOpStatus = 100
        maxOpValue = 50
        maxOpMask = 7
        errorLevel = 0
        peakDeratedMax = 50
        averageDeratedMax = 50
        rmsDeratedMax = 50
        peak = 47.6683
        average = 47.6683
        rms = 47.6683
        peakPercent = 95.3366
        averagePercent = 95.3366
        rmsPercent = 95.3366
        node1Index = -1
        node1 = 1
        node2Index = -1
        node2 = 2
        currentIndex = -1
        lastValue = 0
        CMaxParam ------>
        keyword = CI
        description = Maximum current
        maxOpStatus = 100
        maxOpValue = 1
        maxOpMask = 7
        errorLevel = 0
        peakDeratedMax = 1
        averageDeratedMax = 1
        rmsDeratedMax = 1
        peak = 2.68249e-05
        average = 2.55475e-08
        rms = 1.77834e-05
        peakPercent = 0.00268249
        averagePercent = 2.55475e-06
        rmsPercent = 0.00177834
        node1Index = -1
        node2Index = -1
        currentIndex = 0
        portName = 1
        lastValue = 0
CMaxStruct --->
devName = R
devType = RES
topLevelRefDes = R27
refDes = R27
spiceDesig = R
scaldPath = R27
simTemp = 27
simTime = 0.2
        CMaxParam ------>
        keyword = PDM
        description = Maximum power dissipation
        maxOpStatus = 100
        maxOpValue = 0.25
        maxOpMask = 6
        errorLevel = 0
        peakDeratedMax = 0.210501
        averageDeratedMax = 0.210526
        rmsDeratedMax = 0.210526
        peak = 0.00574917
        average = 0.00572403
        rms = 0.00572405
        peakPercent = 2.73119
        averagePercent = 2.71892
        rmsPercent = 2.71893
        node1Index = -1
        node2Index = -1
        currentIndex = -1
        lastValue = 0
        CMaxParam ------>
        keyword = RV
        description = Maximum voltage
        maxOpStatus = 101
        maxOpValue = 1e+35
        maxOpMask = 7
        errorLevel = 1
        peakDeratedMax = 1e+35
        averageDeratedMax = 1e+35
        rmsDeratedMax = 1e+35
        peak = -1e+100
        average = 0
        rms = 0
        peakPercent = 0
        averagePercent = 0
        rmsPercent = 0
        node1Index = -1
        node1 = 1
        node2Index = -1
        node2 = 2
        currentIndex = -1
        lastValue = 0
        CMaxParam ------>
        keyword = TB
        description = Maximum breakdown temperature
        maxOpStatus = 100
        maxOpValue = 200
        maxOpMask = 3
        errorLevel = 0
        peakDeratedMax = 200
        averageDeratedMax = 200
        rmsDeratedMax = 200
        peak = 31.5993
        average = 31.5792
        rms = 31.5792
        peakPercent = 15.7997
        averagePercent = 15.7896
        rmsPercent = 15.7896
        node1Index = -1
        node2Index = -1
        currentIndex = -1
        lastValue = 0
CMaxStruct --->
devName = R
devType = RES
topLevelRefDes = R28
refDes = R28
spiceDesig = R
scaldPath = R28
simTemp = 27
simTime = 0.2
        CMaxParam ------>
        keyword = PDM
        description = Maximum power dissipation
        maxOpStatus = 100
        maxOpValue = 100
        maxOpMask = 6
        errorLevel = 0
        peakDeratedMax = 74.8462
        averageDeratedMax = 80.7265
        rmsDeratedMax = 79.4289
        peak = 11.6538
        average = 5.77347
        rms = 7.07107
        peakPercent = 15.5703
        averagePercent = 7.15189
        rmsPercent = 8.90239
        node1Index = -1
        node2Index = -1
        currentIndex = -1
        lastValue = 0
        CMaxParam ------>
        keyword = RV
        description = Maximum voltage
        maxOpStatus = 101
        maxOpValue = 1e+35
        maxOpMask = 7
        errorLevel = 1
        peakDeratedMax = 1e+35
        averageDeratedMax = 1e+35
        rmsDeratedMax = 1e+35
        peak = -1e+100
        average = 0
        rms = 0
        peakPercent = 0
        averagePercent = 0
        rmsPercent = 0
        node1Index = -1
        node1 = 1
        node2Index = -1
        node2 = 2
        currentIndex = -1
        lastValue = 0
        CMaxParam ------>
        keyword = TB
        description = Maximum breakdown temperature
        maxOpStatus = 100
        maxOpValue = 200
        maxOpMask = 3
        errorLevel = 0
        peakDeratedMax = 200
        averageDeratedMax = 200
        rmsDeratedMax = 200
        peak = 50.3076
        average = 38.5469
        rms = 41.1421
        peakPercent = 25.1538
        averagePercent = 19.2735
        rmsPercent = 20.5711
        node1Index = -1
        node2Index = -1
        currentIndex = -1
        lastValue = 0
CMaxStruct --->
devName = R
devType = RES
topLevelRefDes = R3
refDes = R3
spiceDesig = R
scaldPath = R3
simTemp = 27
simTime = 0.2
        CMaxParam ------>
        keyword = PDM
        description = Maximum power dissipation
        maxOpStatus = 100
        maxOpValue = 0.25
        maxOpMask = 6
        errorLevel = 0
        peakDeratedMax = 0.216249
        averageDeratedMax = 0.216249
        rmsDeratedMax = 0.216249
        peak = 1.48332e-06
        average = 6.19334e-07
        rms = 7.74637e-07
        peakPercent = 0.000685932
        averagePercent = 0.000286398
        rmsPercent = 0.000358215
        node1Index = -1
        node2Index = -1
        currentIndex = -1
        lastValue = 0
        CMaxParam ------>
        keyword = RV
        description = Maximum voltage
        maxOpStatus = 101
        maxOpValue = 1e+35
        maxOpMask = 7
        errorLevel = 1
        peakDeratedMax = 1e+35
        averageDeratedMax = 1e+35
        rmsDeratedMax = 1e+35
        peak = -1e+100
        average = 0
        rms = 0
        peakPercent = 0
        averagePercent = 0
        rmsPercent = 0
        node1Index = -1
        node1 = 1
        node2Index = -1
        node2 = 2
        currentIndex = -1
        lastValue = 0
        CMaxParam ------>
        keyword = TB
        description = Maximum breakdown temperature
        maxOpStatus = 100
        maxOpValue = 200
        maxOpMask = 3
        errorLevel = 0
        peakDeratedMax = 200
        averageDeratedMax = 200
        rmsDeratedMax = 200
        peak = 27.0012
        average = 27.0005
        rms = 27.0006
        peakPercent = 13.5006
        averagePercent = 13.5002
        rmsPercent = 13.5003
        node1Index = -1
        node2Index = -1
        currentIndex = -1
        lastValue = 0
CMaxStruct --->
devName = C
devType = CAP
topLevelRefDes = C1
refDes = C1
spiceDesig = C
scaldPath = C1
simTemp = 27
simTime = 0.2
        CMaxParam ------>
        keyword = CV
        description = Maximum voltage
        maxOpStatus = 100
        maxOpValue = 50
        maxOpMask = 7
        errorLevel = 0
        peakDeratedMax = 50
        averageDeratedMax = 50
        rmsDeratedMax = 50
        peak = 0.021606
        average = 0.0212197
        rms = 0.0212209
        peakPercent = 0.043212
        averagePercent = 0.0424395
        rmsPercent = 0.0424418
        node1Index = -1
        node1 = 1
        node2Index = -1
        node2 = 2
        currentIndex = -1
        lastValue = 0
        CMaxParam ------>
        keyword = CI
        description = Maximum current
        maxOpStatus = 100
        maxOpValue = 1
        maxOpMask = 7
        errorLevel = 0
        peakDeratedMax = 1
        averageDeratedMax = 1
        rmsDeratedMax = 1
        peak = 6.20719e-06
        average = 4.06523e-09
        rms = 4.38276e-06
        peakPercent = 0.000620719
        averagePercent = 4.06523e-07
        rmsPercent = 0.000438276
        node1Index = -1
        node2Index = -1
        currentIndex = 0
        portName = 1
        lastValue = 0
CMaxStruct --->
devName = R
devType = RES
topLevelRefDes = R4
refDes = R4
spiceDesig = R
scaldPath = R4
simTemp = 27
simTime = 0.2
        CMaxParam ------>
        keyword = PDM
        description = Maximum power dissipation
        maxOpStatus = 100
        maxOpValue = 0.25
        maxOpMask = 6
        errorLevel = 0
        peakDeratedMax = 0.21625
        averageDeratedMax = 0.21625
        rmsDeratedMax = 0.21625
        peak = 3.63552e-09
        average = 1.21107e-09
        rms = 1.76287e-09
        peakPercent = 1.68116e-06
        averagePercent = 5.60035e-07
        rmsPercent = 8.15201e-07
        node1Index = -1
        node2Index = -1
        currentIndex = -1
        lastValue = 0
        CMaxParam ------>
        keyword = RV
        description = Maximum voltage
        maxOpStatus = 101
        maxOpValue = 1e+35
        maxOpMask = 7
        errorLevel = 1
        peakDeratedMax = 1e+35
        averageDeratedMax = 1e+35
        rmsDeratedMax = 1e+35
        peak = -1e+100
        average = 0
        rms = 0
        peakPercent = 0
        averagePercent = 0
        rmsPercent = 0
        node1Index = -1
        node1 = 1
        node2Index = -1
        node2 = 2
        currentIndex = -1
        lastValue = 0
        CMaxParam ------>
        keyword = TB
        description = Maximum breakdown temperature
        maxOpStatus = 100
        maxOpValue = 200
        maxOpMask = 3
        errorLevel = 0
        peakDeratedMax = 200
        averageDeratedMax = 200
        rmsDeratedMax = 200
        peak = 27
        average = 27
        rms = 27
        peakPercent = 13.5
        averagePercent = 13.5
        rmsPercent = 13.5
        node1Index = -1
        node2Index = -1
        currentIndex = -1
        lastValue = 0
CMaxStruct --->
devName = R
devType = RES
topLevelRefDes = R5
refDes = R5
spiceDesig = R
scaldPath = R5
simTemp = 27
simTime = 0.2
        CMaxParam ------>
        keyword = PDM
        description = Maximum power dissipation
        maxOpStatus = 100
        maxOpValue = 0.25
        maxOpMask = 6
        errorLevel = 0
        peakDeratedMax = 0.190444
        averageDeratedMax = 0.190445
        rmsDeratedMax = 0.190445
        peak = 0.0258056
        average = 0.0258049
        rms = 0.0258049
        peakPercent = 13.5502
        averagePercent = 13.5498
        rmsPercent = 13.5498
        node1Index = -1
        node2Index = -1
        currentIndex = -1
        lastValue = 0
        CMaxParam ------>
        keyword = RV
        description = Maximum voltage
        maxOpStatus = 101
        maxOpValue = 1e+35
        maxOpMask = 7
        errorLevel = 1
        peakDeratedMax = 1e+35
        averageDeratedMax = 1e+35
        rmsDeratedMax = 1e+35
        peak = -1e+100
        average = 0
        rms = 0
        peakPercent = 0
        averagePercent = 0
        rmsPercent = 0
        node1Index = -1
        node1 = 1
        node2Index = -1
        node2 = 2
        currentIndex = -1
        lastValue = 0
        CMaxParam ------>
        keyword = TB
        description = Maximum breakdown temperature
        maxOpStatus = 100
        maxOpValue = 200
        maxOpMask = 3
        errorLevel = 0
        peakDeratedMax = 200
        averageDeratedMax = 200
        rmsDeratedMax = 200
        peak = 47.6445
        average = 47.6439
        rms = 47.6439
        peakPercent = 23.8222
        averagePercent = 23.822
        rmsPercent = 23.822
        node1Index = -1
        node2Index = -1
        currentIndex = -1
        lastValue = 0
CMaxStruct --->
devName = C
devType = CAP
topLevelRefDes = C13
refDes = C13
spiceDesig = C
scaldPath = C13
simTemp = 27
simTime = 0.2
        CMaxParam ------>
        keyword = CV
        description = Maximum voltage
        maxOpStatus = 100
        maxOpValue = 100
        maxOpMask = 7
        errorLevel = 0
        peakDeratedMax = 100
        averageDeratedMax = 100
        rmsDeratedMax = 100
        peak = 52.7066
        average = 44.6374
        rms = 45.0054
        peakPercent = 52.7066
        averagePercent = 44.6374
        rmsPercent = 45.0054
        node1Index = -1
        node1 = 1
        node2Index = -1
        node2 = 2
        currentIndex = -1
        lastValue = 0
        CMaxParam ------>
        keyword = CI
        description = Maximum current
        maxOpStatus = 100
        maxOpValue = 1
        maxOpMask = 7
        errorLevel = 0
        peakDeratedMax = 1
        averageDeratedMax = 1
        rmsDeratedMax = 1
        peak = 1.00373e-06
        average = 1.24727e-12
        rms = 6.498e-07
        peakPercent = 0.000100373
        averagePercent = 1.24722e-10
        rmsPercent = 6.498e-05
        node1Index = -1
        node2Index = -1
        currentIndex = 0
        portName = 1
        lastValue = 0
