Data Structures for Stress Analysis Run : Sat Apr 30 17:50:02 2022


CMaxStruct --->
devName = R
devType = RES
topLevelRefDes = R6
refDes = R6
spiceDesig = R
scaldPath = R6
simTemp = 27
simTime = 0.1
        CMaxParam ------>
        keyword = PDM
        description = Maximum power dissipation
        maxOpStatus = 100
        maxOpValue = 0.25
        maxOpMask = 6
        errorLevel = 0
        peakDeratedMax = 0.214892
        averageDeratedMax = 0.21559
        rmsDeratedMax = 0.215442
        peak = 0.00135766
        average = 0.000659917
        rms = 0.000808443
        peakPercent = 0.631784
        averagePercent = 0.306098
        rmsPercent = 0.375249
        node1Index = -1
        node2Index = -1
        currentIndex = -1
        lastValue = 0
        CMaxParam ------>
        keyword = RV
        description = Maximum voltage
        maxOpStatus = 101
        maxOpValue = 1e+35
        maxOpMask = 7
        errorLevel = 1
        peakDeratedMax = 1e+35
        averageDeratedMax = 1e+35
        rmsDeratedMax = 1e+35
        peak = -1e+100
        average = 0
        rms = 0
        peakPercent = 0
        averagePercent = 0
        rmsPercent = 0
        node1Index = -1
        node1 = 1
        node2Index = -1
        node2 = 2
        currentIndex = -1
        lastValue = 0
        CMaxParam ------>
        keyword = TB
        description = Maximum breakdown temperature
        maxOpStatus = 100
        maxOpValue = 200
        maxOpMask = 3
        errorLevel = 0
        peakDeratedMax = 200
        averageDeratedMax = 200
        rmsDeratedMax = 200
        peak = 28.0861
        average = 27.5279
        rms = 27.6468
        peakPercent = 14.0431
        averagePercent = 13.764
        rmsPercent = 13.8234
        node1Index = -1
        node2Index = -1
        currentIndex = -1
        lastValue = 0
CMaxStruct --->
devName = R
devType = RES
topLevelRefDes = R7
refDes = R7
spiceDesig = R
scaldPath = R7
simTemp = 27
simTime = 0.1
        CMaxParam ------>
        keyword = PDM
        description = Maximum power dissipation
        maxOpStatus = 100
        maxOpValue = 0.25
        maxOpMask = 6
        errorLevel = 0
        peakDeratedMax = 0.21621
        averageDeratedMax = 0.21623
        rmsDeratedMax = 0.216226
        peak = 4.03656e-05
        average = 1.99916e-05
        rms = 2.44849e-05
        peakPercent = 0.0186697
        averagePercent = 0.00924553
        rmsPercent = 0.0113238
        node1Index = -1
        node2Index = -1
        currentIndex = -1
        lastValue = 0
        CMaxParam ------>
        keyword = RV
        description = Maximum voltage
        maxOpStatus = 101
        maxOpValue = 1e+35
        maxOpMask = 7
        errorLevel = 1
        peakDeratedMax = 1e+35
        averageDeratedMax = 1e+35
        rmsDeratedMax = 1e+35
        peak = -1e+100
        average = 0
        rms = 0
        peakPercent = 0
        averagePercent = 0
        rmsPercent = 0
        node1Index = -1
        node1 = 1
        node2Index = -1
        node2 = 2
        currentIndex = -1
        lastValue = 0
        CMaxParam ------>
        keyword = TB
        description = Maximum breakdown temperature
        maxOpStatus = 100
        maxOpValue = 200
        maxOpMask = 3
        errorLevel = 0
        peakDeratedMax = 200
        averageDeratedMax = 200
        rmsDeratedMax = 200
        peak = 27.0323
        average = 27.016
        rms = 27.0196
        peakPercent = 13.5161
        averagePercent = 13.508
        rmsPercent = 13.5098
        node1Index = -1
        node2Index = -1
        currentIndex = -1
        lastValue = 0
CMaxStruct --->
devName = C
devType = CAP
topLevelRefDes = C3
refDes = C3
spiceDesig = C
scaldPath = C3
simTemp = 27
simTime = 0.1
        CMaxParam ------>
        keyword = CV
        description = Maximum voltage
        maxOpStatus = 100
        maxOpValue = 50
        maxOpMask = 7
        errorLevel = 0
        peakDeratedMax = 50
        averageDeratedMax = 50
        rmsDeratedMax = 50
        peak = 0.0654221
        average = 0.0642349
        rms = 0.064237
        peakPercent = 0.130844
        averagePercent = 0.12847
        rmsPercent = 0.128474
        node1Index = -1
        node1 = 1
        node2Index = -1
        node2 = 2
        currentIndex = -1
        lastValue = 0
        CMaxParam ------>
        keyword = CI
        description = Maximum current
        maxOpStatus = 100
        maxOpValue = 1
        maxOpMask = 7
        errorLevel = 0
        peakDeratedMax = 1
        averageDeratedMax = 1
        rmsDeratedMax = 1
        peak = 0.000200912
        average = 3.47974e-07
        rms = 0.000141392
        peakPercent = 0.0200912
        averagePercent = 3.47974e-05
        rmsPercent = 0.0141392
        node1Index = -1
        node2Index = -1
        currentIndex = 0
        portName = 1
        lastValue = 0
CMaxStruct --->
devName = BC556B
devType = PNP
topLevelRefDes = Q6
refDes = Q6
spiceDesig = X
scaldPath = Q6
simTemp = 27
simTime = 0.1
        CMaxParam ------>
        keyword = IC
        description = Max collector current
        maxOpStatus = 100
        maxOpValue = 0.1
        maxOpMask = 3
        errorLevel = 0
        peakDeratedMax = 0.1
        averageDeratedMax = 0.1
        rmsDeratedMax = 0.1
        peak = 0.00395999
        average = 0.00395991
        rms = 0.00395991
        peakPercent = 3.95999
        averagePercent = 3.95991
        rmsPercent = 3.95991
        node1Index = -1
        node2Index = -1
        currentIndex = -1
        portName = C
        lastValue = 0
        CMaxParam ------>
        keyword = IB
        description = Max base current
        maxOpStatus = 101
        maxOpValue = 1e+35
        maxOpMask = 2
        errorLevel = 1
        peakDeratedMax = 1e+35
        averageDeratedMax = 1e+35
        rmsDeratedMax = 1e+35
        peak = -1e+100
        average = 0
        rms = 0
        peakPercent = 0
        averagePercent = 0
        rmsPercent = 0
        node1Index = -1
        node2Index = -1
        currentIndex = -1
        portName = B
        lastValue = 0
        CMaxParam ------>
        keyword = PDM
        description = Maximum power dissipation
        maxOpStatus = 100
        maxOpValue = 0.615
        maxOpMask = 6
        errorLevel = 0
        peakDeratedMax = 0.615
        averageDeratedMax = 0.615
        rmsDeratedMax = 0.615
        peak = 0.183608
        average = 0.182815
        rms = 0.182816
        peakPercent = 29.855
        averagePercent = 29.726
        rmsPercent = 29.7262
        node1Index = -1
        node2Index = -1
        currentIndex = -1
        lastValue = 0
        CMaxParam ------>
        keyword = SB
        description = Maximum secondary breakdown
        maxOpStatus = 101
        maxOpValue = 1e+35
        maxOpMask = 2
        errorLevel = 1
        peakDeratedMax = 1e+35
        averageDeratedMax = 1e+35
        rmsDeratedMax = 1e+35
        peak = -1e+100
        average = 0
        rms = 0
        peakPercent = 0
        averagePercent = 0
        rmsPercent = 0
        node1Index = -1
        node1 = C
        node2Index = -1
        node2 = E
        currentIndex = -1
        portName = C
        lastValue = 0
        CMaxParam ------>
        keyword = TJ
        description = Maximum junction temperature
        maxOpStatus = 100
        maxOpValue = 150
        maxOpMask = 3
        errorLevel = 0
        peakDeratedMax = 150
        averageDeratedMax = 150
        rmsDeratedMax = 150
        peak = 63.7216
        average = 63.563
        rms = 63.5632
        peakPercent = 42.4811
        averagePercent = 42.3754
        rmsPercent = 42.3755
        node1Index = -1
        node2Index = -1
        currentIndex = -1
        lastValue = 0
        CMaxParam ------>
        keyword = VCB
        description = Max C-B voltage
        maxOpStatus = 100
        maxOpValue = 80
        maxOpMask = 1
        errorLevel = 0
        peakDeratedMax = 80
        averageDeratedMax = 80
        rmsDeratedMax = 80
        peak = 45.631
        average = 45.431
        rms = 45.4312
        peakPercent = 57.0387
        averagePercent = 56.7887
        rmsPercent = 56.789
        node1Index = -1
        node1 = B
        node2Index = -1
        node2 = C
        currentIndex = -1
        lastValue = 0
        CMaxParam ------>
        keyword = VCE
        description = Max C-E voltage
        maxOpStatus = 100
        maxOpValue = 65
        maxOpMask = 1
        errorLevel = 0
        peakDeratedMax = 65
        averageDeratedMax = 65
        rmsDeratedMax = 65
        peak = 46.3651
        average = 46.1652
        rms = 46.1654
        peakPercent = 71.331
        averagePercent = 71.0233
        rmsPercent = 71.0237
        node1Index = -1
        node1 = E
        node2Index = -1
        node2 = C
        currentIndex = -1
        lastValue = 0
        CMaxParam ------>
        keyword = VEB
        description = Max E-B voltage
        maxOpStatus = 100
        maxOpValue = 5
        maxOpMask = 1
        errorLevel = 0
        peakDeratedMax = 5
        averageDeratedMax = 5
        rmsDeratedMax = 5
        peak = -0.734148
        average = -0.734202
        rms = 0.734202
        peakPercent = 0
        averagePercent = 0
        rmsPercent = 14.684
        node1Index = -1
        node1 = B
        node2Index = -1
        node2 = E
        currentIndex = -1
        lastValue = 0
CMaxStruct --->
devName = BC556B
devType = PNP
topLevelRefDes = Q7
refDes = Q7
spiceDesig = X
scaldPath = Q7
simTemp = 27
simTime = 0.1
        CMaxParam ------>
        keyword = IC
        description = Max collector current
        maxOpStatus = 100
        maxOpValue = 0.1
        maxOpMask = 3
        errorLevel = 0
        peakDeratedMax = 0.1
        averageDeratedMax = 0.1
        rmsDeratedMax = 0.1
        peak = 0.00097789
        average = 0.00097789
        rms = 0.00097789
        peakPercent = 0.97789
        averagePercent = 0.97789
        rmsPercent = 0.97789
        node1Index = -1
        node2Index = -1
        currentIndex = -1
        portName = C
        lastValue = 0
        CMaxParam ------>
        keyword = IB
        description = Max base current
        maxOpStatus = 101
        maxOpValue = 1e+35
        maxOpMask = 2
        errorLevel = 1
        peakDeratedMax = 1e+35
        averageDeratedMax = 1e+35
        rmsDeratedMax = 1e+35
        peak = -1e+100
        average = 0
        rms = 0
        peakPercent = 0
        averagePercent = 0
        rmsPercent = 0
        node1Index = -1
        node2Index = -1
        currentIndex = -1
        portName = B
        lastValue = 0
        CMaxParam ------>
        keyword = PDM
        description = Maximum power dissipation
        maxOpStatus = 100
        maxOpValue = 0.615
        maxOpMask = 6
        errorLevel = 0
        peakDeratedMax = 0.615
        averageDeratedMax = 0.615
        rmsDeratedMax = 0.615
        peak = 0.00141805
        average = 0.001418
        rms = 0.001418
        peakPercent = 0.230578
        averagePercent = 0.230569
        rmsPercent = 0.230569
        node1Index = -1
        node2Index = -1
        currentIndex = -1
        lastValue = 0
        CMaxParam ------>
        keyword = SB
        description = Maximum secondary breakdown
        maxOpStatus = 101
        maxOpValue = 1e+35
        maxOpMask = 2
        errorLevel = 1
        peakDeratedMax = 1e+35
        averageDeratedMax = 1e+35
        rmsDeratedMax = 1e+35
        peak = -1e+100
        average = 0
        rms = 0
        peakPercent = 0
        averagePercent = 0
        rmsPercent = 0
        node1Index = -1
        node1 = C
        node2Index = -1
        node2 = E
        currentIndex = -1
        portName = C
        lastValue = 0
        CMaxParam ------>
        keyword = TJ
        description = Maximum junction temperature
        maxOpStatus = 100
        maxOpValue = 150
        maxOpMask = 3
        errorLevel = 0
        peakDeratedMax = 150
        averageDeratedMax = 150
        rmsDeratedMax = 150
        peak = 27.2836
        average = 27.2836
        rms = 27.2836
        peakPercent = 18.1891
        averagePercent = 18.1891
        rmsPercent = 18.1891
        node1Index = -1
        node2Index = -1
        currentIndex = -1
        lastValue = 0
        CMaxParam ------>
        keyword = VCB
        description = Max C-B voltage
        maxOpStatus = 100
        maxOpValue = 80
        maxOpMask = 1
        errorLevel = 0
        peakDeratedMax = 80
        averageDeratedMax = 80
        rmsDeratedMax = 80
        peak = 0.734256
        average = 0.734202
        rms = 0.734202
        peakPercent = 0.91782
        averagePercent = 0.917753
        rmsPercent = 0.917753
        node1Index = -1
        node1 = B
        node2Index = -1
        node2 = C
        currentIndex = -1
        lastValue = 0
        CMaxParam ------>
        keyword = VCE
        description = Max C-E voltage
        maxOpStatus = 100
        maxOpValue = 65
        maxOpMask = 1
        errorLevel = 0
        peakDeratedMax = 65
        averageDeratedMax = 65
        rmsDeratedMax = 65
        peak = 1.44775
        average = 1.4477
        rms = 1.4477
        peakPercent = 2.22731
        averagePercent = 2.22722
        rmsPercent = 2.22722
        node1Index = -1
        node1 = E
        node2Index = -1
        node2 = C
        currentIndex = -1
        lastValue = 0
        CMaxParam ------>
        keyword = VEB
        description = Max E-B voltage
        maxOpStatus = 100
        maxOpValue = 5
        maxOpMask = 1
        errorLevel = 0
        peakDeratedMax = 5
        averageDeratedMax = 5
        rmsDeratedMax = 5
        peak = -0.713492
        average = -0.713493
        rms = 0.713493
        peakPercent = 0
        averagePercent = 0
        rmsPercent = 14.2699
        node1Index = -1
        node1 = B
        node2Index = -1
        node2 = E
        currentIndex = -1
        lastValue = 0
CMaxStruct --->
devName = R
devType = RES
topLevelRefDes = R8
refDes = R8
spiceDesig = R
scaldPath = R8
simTemp = 27
simTime = 0.1
        CMaxParam ------>
        keyword = PDM
        description = Maximum power dissipation
        maxOpStatus = 100
        maxOpValue = 0.25
        maxOpMask = 6
        errorLevel = 0
        peakDeratedMax = 0.213422
        averageDeratedMax = 0.213422
        rmsDeratedMax = 0.213422
        peak = 0.00282818
        average = 0.00282818
        rms = 0.00282818
        peakPercent = 1.32516
        averagePercent = 1.32516
        rmsPercent = 1.32516
        node1Index = -1
        node2Index = -1
        currentIndex = -1
        lastValue = 0
        CMaxParam ------>
        keyword = RV
        description = Maximum voltage
        maxOpStatus = 101
        maxOpValue = 1e+35
        maxOpMask = 7
        errorLevel = 1
        peakDeratedMax = 1e+35
        averageDeratedMax = 1e+35
        rmsDeratedMax = 1e+35
        peak = -1e+100
        average = 0
        rms = 0
        peakPercent = 0
        averagePercent = 0
        rmsPercent = 0
        node1Index = -1
        node1 = 1
        node2Index = -1
        node2 = 2
        currentIndex = -1
        lastValue = 0
        CMaxParam ------>
        keyword = TB
        description = Maximum breakdown temperature
        maxOpStatus = 100
        maxOpValue = 200
        maxOpMask = 3
        errorLevel = 0
        peakDeratedMax = 200
        averageDeratedMax = 200
        rmsDeratedMax = 200
        peak = 29.2625
        average = 29.2625
        rms = 29.2625
        peakPercent = 14.6313
        averagePercent = 14.6313
        rmsPercent = 14.6313
        node1Index = -1
        node2Index = -1
        currentIndex = -1
        lastValue = 0
CMaxStruct --->
devName = R
devType = RES
topLevelRefDes = R9
refDes = R9
spiceDesig = R
scaldPath = R9
simTemp = 27
simTime = 0.1
        CMaxParam ------>
        keyword = PDM
        description = Maximum power dissipation
        maxOpStatus = 100
        maxOpValue = 0.25
        maxOpMask = 6
        errorLevel = 0
        peakDeratedMax = 0.170642
        averageDeratedMax = 0.170642
        rmsDeratedMax = 0.170642
        peak = 0.0456077
        average = 0.0456076
        rms = 0.0456076
        peakPercent = 26.7271
        averagePercent = 26.727
        rmsPercent = 26.727
        node1Index = -1
        node2Index = -1
        currentIndex = -1
        lastValue = 0
        CMaxParam ------>
        keyword = RV
        description = Maximum voltage
        maxOpStatus = 101
        maxOpValue = 1e+35
        maxOpMask = 7
        errorLevel = 1
        peakDeratedMax = 1e+35
        averageDeratedMax = 1e+35
        rmsDeratedMax = 1e+35
        peak = -1e+100
        average = 0
        rms = 0
        peakPercent = 0
        averagePercent = 0
        rmsPercent = 0
        node1Index = -1
        node1 = 1
        node2Index = -1
        node2 = 2
        currentIndex = -1
        lastValue = 0
        CMaxParam ------>
        keyword = TB
        description = Maximum breakdown temperature
        maxOpStatus = 100
        maxOpValue = 200
        maxOpMask = 3
        errorLevel = 0
        peakDeratedMax = 200
        averageDeratedMax = 200
        rmsDeratedMax = 200
        peak = 63.4862
        average = 63.4861
        rms = 63.4861
        peakPercent = 31.7431
        averagePercent = 31.743
        rmsPercent = 31.743
        node1Index = -1
        node2Index = -1
        currentIndex = -1
        lastValue = 0
CMaxStruct --->
devName = D1N4002
devType = DIODE
topLevelRefDes = D1
refDes = D1
spiceDesig = X
scaldPath = D1
simTemp = 27
simTime = 0.1
        CMaxParam ------>
        keyword = IF
        description = Max forward current
        maxOpStatus = 100
        maxOpValue = 1
        maxOpMask = 3
        errorLevel = 0
        peakDeratedMax = 1
        averageDeratedMax = 1
        rmsDeratedMax = 1
        peak = 0.0154009
        average = 0.0154009
        rms = 0.0154009
        peakPercent = 1.54009
        averagePercent = 1.54009
        rmsPercent = 1.54009
        node1Index = -1
        node2Index = -1
        currentIndex = -1
        portName = 1
        lastValue = 0
        CMaxParam ------>
        keyword = PDM
        description = Maximum power dissipation
        maxOpStatus = 100
        maxOpValue = 1.48
        maxOpMask = 6
        errorLevel = 0
        peakDeratedMax = 1.48
        averageDeratedMax = 1.48
        rmsDeratedMax = 1.48
        peak = 0.0109908
        average = 0.0109908
        rms = 0.0109908
        peakPercent = 0.742621
        averagePercent = 0.742621
        rmsPercent = 0.742621
        node1Index = -1
        node2Index = -1
        currentIndex = -1
        lastValue = 0
        CMaxParam ------>
        keyword = TJ
        description = Maximum junction temperature
        maxOpStatus = 100
        maxOpValue = 175
        maxOpMask = 3
        errorLevel = 0
        peakDeratedMax = 175
        averageDeratedMax = 175
        rmsDeratedMax = 175
        peak = 28.0991
        average = 28.0991
        rms = 28.0991
        peakPercent = 16.0566
        averagePercent = 16.0566
        rmsPercent = 16.0566
        node1Index = -1
        node2Index = -1
        currentIndex = -1
        lastValue = 0
        CMaxParam ------>
        keyword = VR
        description = Peak reverse voltage
        maxOpStatus = 100
        maxOpValue = 100
        maxOpMask = 4
        errorLevel = 0
        peakDeratedMax = 100
        averageDeratedMax = 100
        rmsDeratedMax = 100
        peak = -0.713647
        average = -0.713647
        rms = 0.713647
        peakPercent = 0
        averagePercent = 0
        rmsPercent = 0.713647
        node1Index = -1
        node1 = 2
        node2Index = -1
        node2 = 1
        currentIndex = -1
        lastValue = 0
CMaxStruct --->
devName = R
devType = RES
topLevelRefDes = R10
refDes = R10
spiceDesig = R
scaldPath = R10
simTemp = 27
simTime = 0.1
        CMaxParam ------>
        keyword = PDM
        description = Maximum power dissipation
        maxOpStatus = 100
        maxOpValue = 0.25
        maxOpMask = 6
        errorLevel = 0
        peakDeratedMax = 0.192531
        averageDeratedMax = 0.192531
        rmsDeratedMax = 0.192531
        peak = 0.0237188
        average = 0.0237187
        rms = 0.0237187
        peakPercent = 12.3195
        averagePercent = 12.3194
        rmsPercent = 12.3194
        node1Index = -1
        node2Index = -1
        currentIndex = -1
        lastValue = 0
        CMaxParam ------>
        keyword = RV
        description = Maximum voltage
        maxOpStatus = 101
        maxOpValue = 1e+35
        maxOpMask = 7
        errorLevel = 1
        peakDeratedMax = 1e+35
        averageDeratedMax = 1e+35
        rmsDeratedMax = 1e+35
        peak = -1e+100
        average = 0
        rms = 0
        peakPercent = 0
        averagePercent = 0
        rmsPercent = 0
        node1Index = -1
        node1 = 1
        node2Index = -1
        node2 = 2
        currentIndex = -1
        lastValue = 0
        CMaxParam ------>
        keyword = TB
        description = Maximum breakdown temperature
        maxOpStatus = 100
        maxOpValue = 200
        maxOpMask = 3
        errorLevel = 0
        peakDeratedMax = 200
        averageDeratedMax = 200
        rmsDeratedMax = 200
        peak = 45.975
        average = 45.975
        rms = 45.975
        peakPercent = 22.9875
        averagePercent = 22.9875
        rmsPercent = 22.9875
        node1Index = -1
        node2Index = -1
        currentIndex = -1
        lastValue = 0
CMaxStruct --->
devName = C
devType = CAP
topLevelRefDes = C4
refDes = C4
spiceDesig = C
scaldPath = C4
simTemp = 27
simTime = 0.1
        CMaxParam ------>
        keyword = CV
        description = Maximum voltage
        maxOpStatus = 100
        maxOpValue = 50
        maxOpMask = 7
        errorLevel = 0
        peakDeratedMax = 50
        averageDeratedMax = 50
        rmsDeratedMax = 50
        peak = 1.4212
        average = 1.42048
        rms = 1.42048
        peakPercent = 2.8424
        averagePercent = 2.84097
        rmsPercent = 2.84097
        node1Index = -1
        node1 = 1
        node2Index = -1
        node2 = 2
        currentIndex = -1
        lastValue = 0
        CMaxParam ------>
        keyword = CI
        description = Maximum current
        maxOpStatus = 100
        maxOpValue = 1
        maxOpMask = 7
        errorLevel = 0
        peakDeratedMax = 1
        averageDeratedMax = 1
        rmsDeratedMax = 1
        peak = 2.40072e-06
        average = 4.09671e-10
        rms = 3.67307e-07
        peakPercent = 0.000240072
        averagePercent = 4.09671e-08
        rmsPercent = 3.67307e-05
        node1Index = -1
        node2Index = -1
        currentIndex = 0
        portName = 1
        lastValue = 0
CMaxStruct --->
devName = R
devType = RES
topLevelRefDes = R16
refDes = R16
spiceDesig = R
scaldPath = R16
simTemp = 27
simTime = 0.1
        CMaxParam ------>
        keyword = PDM
        description = Maximum power dissipation
        maxOpStatus = 100
        maxOpValue = 0.25
        maxOpMask = 6
        errorLevel = 0
        peakDeratedMax = 0.21625
        averageDeratedMax = 0.21625
        rmsDeratedMax = 0.21625
        peak = 6.33354e-09
        average = 1.02129e-09
        rms = 1.61042e-09
        peakPercent = 2.92881e-06
        averagePercent = 4.72271e-07
        rmsPercent = 7.44701e-07
        node1Index = -1
        node2Index = -1
        currentIndex = -1
        lastValue = 0
        CMaxParam ------>
        keyword = RV
        description = Maximum voltage
        maxOpStatus = 101
        maxOpValue = 1e+35
        maxOpMask = 7
        errorLevel = 1
        peakDeratedMax = 1e+35
        averageDeratedMax = 1e+35
        rmsDeratedMax = 1e+35
        peak = -1e+100
        average = 0
        rms = 0
        peakPercent = 0
        averagePercent = 0
        rmsPercent = 0
        node1Index = -1
        node1 = 1
        node2Index = -1
        node2 = 2
        currentIndex = -1
        lastValue = 0
        CMaxParam ------>
        keyword = TB
        description = Maximum breakdown temperature
        maxOpStatus = 100
        maxOpValue = 200
        maxOpMask = 3
        errorLevel = 0
        peakDeratedMax = 200
        averageDeratedMax = 200
        rmsDeratedMax = 200
        peak = 27
        average = 27
        rms = 27
        peakPercent = 13.5
        averagePercent = 13.5
        rmsPercent = 13.5
        node1Index = -1
        node2Index = -1
        currentIndex = -1
        lastValue = 0
CMaxStruct --->
devName = R
devType = RES
topLevelRefDes = R21
refDes = R21
spiceDesig = R
scaldPath = R21
simTemp = 27
simTime = 0.1
        CMaxParam ------>
        keyword = PDM
        description = Maximum power dissipation
        maxOpStatus = 100
        maxOpValue = 0.25
        maxOpMask = 6
        errorLevel = 0
        peakDeratedMax = 0.21625
        averageDeratedMax = 0.21625
        rmsDeratedMax = 0.21625
        peak = 9.47249e-09
        average = 2.67884e-09
        rms = 3.50497e-09
        peakPercent = 4.38034e-06
        averagePercent = 1.23877e-06
        rmsPercent = 1.6208e-06
        node1Index = -1
        node2Index = -1
        currentIndex = -1
        lastValue = 0
        CMaxParam ------>
        keyword = RV
        description = Maximum voltage
        maxOpStatus = 101
        maxOpValue = 1e+35
        maxOpMask = 7
        errorLevel = 1
        peakDeratedMax = 1e+35
        averageDeratedMax = 1e+35
        rmsDeratedMax = 1e+35
        peak = -1e+100
        average = 0
        rms = 0
        peakPercent = 0
        averagePercent = 0
        rmsPercent = 0
        node1Index = -1
        node1 = 1
        node2Index = -1
        node2 = 2
        currentIndex = -1
        lastValue = 0
        CMaxParam ------>
        keyword = TB
        description = Maximum breakdown temperature
        maxOpStatus = 100
        maxOpValue = 200
        maxOpMask = 3
        errorLevel = 0
        peakDeratedMax = 200
        averageDeratedMax = 200
        rmsDeratedMax = 200
        peak = 27
        average = 27
        rms = 27
        peakPercent = 13.5
        averagePercent = 13.5
        rmsPercent = 13.5
        node1Index = -1
        node2Index = -1
        currentIndex = -1
        lastValue = 0
CMaxStruct --->
devName = BZX84C12V/PLP
devType = DIODE
topLevelRefDes = D2
refDes = D2
spiceDesig = X
scaldPath = D2
simTemp = 27
simTime = 0.1
        CMaxParam ------>
        keyword = IF
        description = Max Forward Current
        maxOpStatus = 101
        maxOpValue = 1e+35
        maxOpMask = 3
        errorLevel = 1
        peakDeratedMax = 1e+35
        averageDeratedMax = 1e+35
        rmsDeratedMax = 1e+35
        peak = -1e+100
        average = 0
        rms = 0
        peakPercent = 0
        averagePercent = 0
        rmsPercent = 0
        node1Index = -1
        node2Index = -1
        currentIndex = -1
        portName = 1
        lastValue = 0
        CMaxParam ------>
        keyword = IRMX
        description = Max Reverse Current
        maxOpStatus = 100
        maxOpValue = 0.01984
        maxOpMask = 1
        errorLevel = 0
        peakDeratedMax = 0.01984
        averageDeratedMax = 0.01984
        rmsDeratedMax = 0.01984
        peak = 2.27929e-07
        average = 3.82133e-10
        rms = 1.77654e-08
        peakPercent = 0.00114884
        averagePercent = 1.92608e-06
        rmsPercent = 8.95433e-05
        node1Index = -1
        node2Index = -1
        currentIndex = -1
        portName = 1
        lastValue = 0
        CMaxParam ------>
        keyword = PDM
        description = Maximum power dissipation
        maxOpStatus = 100
        maxOpValue = 0.25
        maxOpMask = 6
        errorLevel = 2
        peakDeratedMax = 0.25
        averageDeratedMax = 0.25
        rmsDeratedMax = 0.25
        peak = 2.10024e-07
        average = 4.50614e-10
        rms = 2.64586e-08
        peakPercent = 8.40097e-05
        averagePercent = 1.80246e-07
        rmsPercent = 1.05834e-05
        node1Index = -1
        node2Index = -1
        currentIndex = -1
        lastValue = 0
        CMaxParam ------>
        keyword = TJ
        description = Maximum junction temperature
        maxOpStatus = 100
        maxOpValue = 150
        maxOpMask = 3
        errorLevel = 0
        peakDeratedMax = 150
        averageDeratedMax = 150
        rmsDeratedMax = 150
        peak = 27
        average = 27
        rms = 27
        peakPercent = 18
        averagePercent = 18
        rmsPercent = 18
        node1Index = -1
        node2Index = -1
        currentIndex = -1
        lastValue = 0
CMaxStruct --->
devName = D1N914
devType = DIODE
topLevelRefDes = D3
refDes = D3
spiceDesig = X
scaldPath = D3
simTemp = 27
simTime = 0.1
        CMaxParam ------>
        keyword = IF
        description = Max forward current
        maxOpStatus = 100
        maxOpValue = 0.2
        maxOpMask = 3
        errorLevel = 0
        peakDeratedMax = 0.2
        averageDeratedMax = 0.2
        rmsDeratedMax = 0.2
        peak = 2.27929e-07
        average = 3.82135e-10
        rms = 1.77654e-08
        peakPercent = 0.000113965
        averagePercent = 1.91067e-07
        rmsPercent = 8.8827e-06
        node1Index = -1
        node2Index = -1
        currentIndex = -1
        portName = 1
        lastValue = 0
        CMaxParam ------>
        keyword = PDM
        description = Maximum power dissipation
        maxOpStatus = 100
        maxOpValue = 0.5
        maxOpMask = 6
        errorLevel = 2
        peakDeratedMax = 0.5
        averageDeratedMax = 0.5
        rmsDeratedMax = 0.5
        peak = 9.42491e-08
        average = 3.03652e-10
        rms = 1.74626e-08
        peakPercent = 1.88498e-05
        averagePercent = 6.07304e-08
        rmsPercent = 3.49252e-06
        node1Index = -1
        node2Index = -1
        currentIndex = -1
        lastValue = 0
        CMaxParam ------>
        keyword = TJ
        description = Maximum junction temperature
        maxOpStatus = 100
        maxOpValue = 175
        maxOpMask = 3
        errorLevel = 0
        peakDeratedMax = 175
        averageDeratedMax = 175
        rmsDeratedMax = 175
        peak = 27
        average = 27
        rms = 27
        peakPercent = 15.4286
        averagePercent = 15.4286
        rmsPercent = 15.4286
        node1Index = -1
        node2Index = -1
        currentIndex = -1
        lastValue = 0
        CMaxParam ------>
        keyword = VR
        description = Peak reverse voltage
        maxOpStatus = 100
        maxOpValue = 75
        maxOpMask = 4
        errorLevel = 0
        peakDeratedMax = 75
        averageDeratedMax = 75
        rmsDeratedMax = 75
        peak = 2.15108
        average = 0.946818
        rms = 1.26059
        peakPercent = 2.8681
        averagePercent = 1.26242
        rmsPercent = 1.68079
        node1Index = -1
        node1 = 2
        node2Index = -1
        node2 = 1
        currentIndex = -1
        lastValue = 0
CMaxStruct --->
devName = BZX84C12V/PLP
devType = DIODE
topLevelRefDes = D5
refDes = D5
spiceDesig = X
scaldPath = D5
simTemp = 27
simTime = 0.1
        CMaxParam ------>
        keyword = IF
        description = Max Forward Current
        maxOpStatus = 101
        maxOpValue = 1e+35
        maxOpMask = 3
        errorLevel = 1
        peakDeratedMax = 1e+35
        averageDeratedMax = 1e+35
        rmsDeratedMax = 1e+35
        peak = -1e+100
        average = 0
        rms = 0
        peakPercent = 0
        averagePercent = 0
        rmsPercent = 0
        node1Index = -1
        node2Index = -1
        currentIndex = -1
        portName = 1
        lastValue = 0
        CMaxParam ------>
        keyword = IRMX
        description = Max Reverse Current
        maxOpStatus = 100
        maxOpValue = 0.01984
        maxOpMask = 1
        errorLevel = 0
        peakDeratedMax = 0.01984
        averageDeratedMax = 0.01984
        rmsDeratedMax = 0.01984
        peak = 2.95495e-07
        average = 4.4601e-10
        rms = 1.86216e-08
        peakPercent = 0.00148939
        averagePercent = 2.24804e-06
        rmsPercent = 9.3859e-05
        node1Index = -1
        node2Index = -1
        currentIndex = -1
        portName = 1
        lastValue = 0
        CMaxParam ------>
        keyword = PDM
        description = Maximum power dissipation
        maxOpStatus = 100
        maxOpValue = 0.25
        maxOpMask = 6
        errorLevel = 2
        peakDeratedMax = 0.25
        averageDeratedMax = 0.25
        rmsDeratedMax = 0.25
        peak = 2.92757e-07
        average = 5.99113e-10
        rms = 3.2108e-08
        peakPercent = 0.000117103
        averagePercent = 2.39645e-07
        rmsPercent = 1.28432e-05
        node1Index = -1
        node2Index = -1
        currentIndex = -1
        lastValue = 0
        CMaxParam ------>
        keyword = TJ
        description = Maximum junction temperature
        maxOpStatus = 100
        maxOpValue = 150
        maxOpMask = 3
        errorLevel = 0
        peakDeratedMax = 150
        averageDeratedMax = 150
        rmsDeratedMax = 150
        peak = 27
        average = 27
        rms = 27
        peakPercent = 18
        averagePercent = 18
        rmsPercent = 18
        node1Index = -1
        node2Index = -1
        currentIndex = -1
        lastValue = 0
CMaxStruct --->
devName = D1N914
devType = DIODE
topLevelRefDes = D4
refDes = D4
spiceDesig = X
scaldPath = D4
simTemp = 27
simTime = 0.1
        CMaxParam ------>
        keyword = IF
        description = Max forward current
        maxOpStatus = 100
        maxOpValue = 0.2
        maxOpMask = 3
        errorLevel = 0
        peakDeratedMax = 0.2
        averageDeratedMax = 0.2
        rmsDeratedMax = 0.2
        peak = 2.95495e-07
        average = 4.46043e-10
        rms = 1.86217e-08
        peakPercent = 0.000147748
        averagePercent = 2.23022e-07
        rmsPercent = 9.31085e-06
        node1Index = -1
        node2Index = -1
        currentIndex = -1
        portName = 1
        lastValue = 0
        CMaxParam ------>
        keyword = PDM
        description = Maximum power dissipation
        maxOpStatus = 100
        maxOpValue = 0.5
        maxOpMask = 6
        errorLevel = 2
        peakDeratedMax = 0.5
        averageDeratedMax = 0.5
        rmsDeratedMax = 0.5
        peak = 1.26376e-07
        average = 3.50404e-10
        rms = 1.66999e-08
        peakPercent = 2.52752e-05
        averagePercent = 7.00808e-08
        rmsPercent = 3.33998e-06
        node1Index = -1
        node2Index = -1
        currentIndex = -1
        lastValue = 0
        CMaxParam ------>
        keyword = TJ
        description = Maximum junction temperature
        maxOpStatus = 100
        maxOpValue = 175
        maxOpMask = 3
        errorLevel = 0
        peakDeratedMax = 175
        averageDeratedMax = 175
        rmsDeratedMax = 175
        peak = 27
        average = 27
        rms = 27
        peakPercent = 15.4286
        averagePercent = 15.4286
        rmsPercent = 15.4286
        node1Index = -1
        node2Index = -1
        currentIndex = -1
        lastValue = 0
        CMaxParam ------>
        keyword = VR
        description = Peak reverse voltage
        maxOpStatus = 100
        maxOpValue = 75
        maxOpMask = 4
        errorLevel = 0
        peakDeratedMax = 75
        averageDeratedMax = 75
        rmsDeratedMax = 75
        peak = 2.13908
        average = 0.997495
        rms = 1.2965
        peakPercent = 2.85211
        averagePercent = 1.32999
        rmsPercent = 1.72866
        node1Index = -1
        node1 = 2
        node2Index = -1
        node2 = 1
        currentIndex = -1
        lastValue = 0
CMaxStruct --->
devName = R
devType = RES
topLevelRefDes = R23
refDes = R23
spiceDesig = R
scaldPath = R23
simTemp = 27
simTime = 0.1
        CMaxParam ------>
        keyword = PDM
        description = Maximum power dissipation
        maxOpStatus = 100
        maxOpValue = 0.25
        maxOpMask = 6
        errorLevel = 0
        peakDeratedMax = 0.215982
        averageDeratedMax = 0.215983
        rmsDeratedMax = 0.215983
        peak = 0.000267514
        average = 0.000267315
        rms = 0.000267315
        peakPercent = 0.123859
        averagePercent = 0.123767
        rmsPercent = 0.123767
        node1Index = -1
        node2Index = -1
        currentIndex = -1
        lastValue = 0
        CMaxParam ------>
        keyword = RV
        description = Maximum voltage
        maxOpStatus = 101
        maxOpValue = 1e+35
        maxOpMask = 7
        errorLevel = 1
        peakDeratedMax = 1e+35
        averageDeratedMax = 1e+35
        rmsDeratedMax = 1e+35
        peak = -1e+100
        average = 0
        rms = 0
        peakPercent = 0
        averagePercent = 0
        rmsPercent = 0
        node1Index = -1
        node1 = 1
        node2Index = -1
        node2 = 2
        currentIndex = -1
        lastValue = 0
        CMaxParam ------>
        keyword = TB
        description = Maximum breakdown temperature
        maxOpStatus = 100
        maxOpValue = 200
        maxOpMask = 3
        errorLevel = 0
        peakDeratedMax = 200
        averageDeratedMax = 200
        rmsDeratedMax = 200
        peak = 27.214
        average = 27.2139
        rms = 27.2139
        peakPercent = 13.607
        averagePercent = 13.6069
        rmsPercent = 13.6069
        node1Index = -1
        node2Index = -1
        currentIndex = -1
        lastValue = 0
CMaxStruct --->
devName = R
devType = RES
topLevelRefDes = R24
refDes = R24
spiceDesig = R
scaldPath = R24
simTemp = 27
simTime = 0.1
        CMaxParam ------>
        keyword = PDM
        description = Maximum power dissipation
        maxOpStatus = 100
        maxOpValue = 0.25
        maxOpMask = 6
        errorLevel = 0
        peakDeratedMax = 0.215982
        averageDeratedMax = 0.215983
        rmsDeratedMax = 0.215983
        peak = 0.000267557
        average = 0.000267359
        rms = 0.000267359
        peakPercent = 0.123879
        averagePercent = 0.123787
        rmsPercent = 0.123787
        node1Index = -1
        node2Index = -1
        currentIndex = -1
        lastValue = 0
        CMaxParam ------>
        keyword = RV
        description = Maximum voltage
        maxOpStatus = 101
        maxOpValue = 1e+35
        maxOpMask = 7
        errorLevel = 1
        peakDeratedMax = 1e+35
        averageDeratedMax = 1e+35
        rmsDeratedMax = 1e+35
        peak = -1e+100
        average = 0
        rms = 0
        peakPercent = 0
        averagePercent = 0
        rmsPercent = 0
        node1Index = -1
        node1 = 1
        node2Index = -1
        node2 = 2
        currentIndex = -1
        lastValue = 0
        CMaxParam ------>
        keyword = TB
        description = Maximum breakdown temperature
        maxOpStatus = 100
        maxOpValue = 200
        maxOpMask = 3
        errorLevel = 0
        peakDeratedMax = 200
        averageDeratedMax = 200
        rmsDeratedMax = 200
        peak = 27.214
        average = 27.2139
        rms = 27.2139
        peakPercent = 13.607
        averagePercent = 13.6069
        rmsPercent = 13.6069
        node1Index = -1
        node2Index = -1
        currentIndex = -1
        lastValue = 0
CMaxStruct --->
devName = C
devType = CAP
topLevelRefDes = C10
refDes = C10
spiceDesig = C
scaldPath = C10
simTemp = 27
simTime = 0.1
        CMaxParam ------>
        keyword = CV
        description = Maximum voltage
        maxOpStatus = 100
        maxOpValue = 50
        maxOpMask = 7
        errorLevel = 0
        peakDeratedMax = 50
        averageDeratedMax = 50
        rmsDeratedMax = 50
        peak = 6.82966
        average = 0.0108445
        rms = 4.80742
        peakPercent = 13.6593
        averagePercent = 0.021689
        rmsPercent = 9.61483
        node1Index = -1
        node1 = 1
        node2Index = -1
        node2 = 2
        currentIndex = -1
        lastValue = 0
        CMaxParam ------>
        keyword = CI
        description = Maximum current
        maxOpStatus = 100
        maxOpValue = 1
        maxOpMask = 7
        errorLevel = 0
        peakDeratedMax = 1
        averageDeratedMax = 1
        rmsDeratedMax = 1
        peak = 0.000976445
        average = 1.11714e-09
        rms = 0.000664533
        peakPercent = 0.0976445
        averagePercent = 1.11714e-07
        rmsPercent = 0.0664533
        node1Index = -1
        node2Index = -1
        currentIndex = 0
        portName = 1
        lastValue = 0
CMaxStruct --->
devName = R
devType = RES
topLevelRefDes = R25
refDes = R25
spiceDesig = R
scaldPath = R25
simTemp = 27
simTime = 0.1
        CMaxParam ------>
        keyword = PDM
        description = Maximum power dissipation
        maxOpStatus = 100
        maxOpValue = 0.25
        maxOpMask = 6
        errorLevel = 0
        peakDeratedMax = 0.216244
        averageDeratedMax = 0.216247
        rmsDeratedMax = 0.216246
        peak = 6.48342e-06
        average = 3.00291e-06
        rms = 3.67784e-06
        peakPercent = 0.0029982
        averagePercent = 0.00138865
        rmsPercent = 0.00170076
        node1Index = -1
        node2Index = -1
        currentIndex = -1
        lastValue = 0
        CMaxParam ------>
        keyword = RV
        description = Maximum voltage
        maxOpStatus = 101
        maxOpValue = 1e+35
        maxOpMask = 7
        errorLevel = 1
        peakDeratedMax = 1e+35
        averageDeratedMax = 1e+35
        rmsDeratedMax = 1e+35
        peak = -1e+100
        average = 0
        rms = 0
        peakPercent = 0
        averagePercent = 0
        rmsPercent = 0
        node1Index = -1
        node1 = 1
        node2Index = -1
        node2 = 2
        currentIndex = -1
        lastValue = 0
        CMaxParam ------>
        keyword = TB
        description = Maximum breakdown temperature
        maxOpStatus = 100
        maxOpValue = 200
        maxOpMask = 3
        errorLevel = 0
        peakDeratedMax = 200
        averageDeratedMax = 200
        rmsDeratedMax = 200
        peak = 27.0052
        average = 27.0024
        rms = 27.0029
        peakPercent = 13.5026
        averagePercent = 13.5012
        rmsPercent = 13.5015
        node1Index = -1
        node2Index = -1
        currentIndex = -1
        lastValue = 0
CMaxStruct --->
devName = C
devType = CAP
topLevelRefDes = C11
refDes = C11
spiceDesig = C
scaldPath = C11
simTemp = 27
simTime = 0.1
        CMaxParam ------>
        keyword = CV
        description = Maximum voltage
        maxOpStatus = 100
        maxOpValue = 50
        maxOpMask = 7
        errorLevel = 0
        peakDeratedMax = 50
        averageDeratedMax = 50
        rmsDeratedMax = 50
        peak = 47.7463
        average = 47.7463
        rms = 47.7463
        peakPercent = 95.4925
        averagePercent = 95.4925
        rmsPercent = 95.4925
        node1Index = -1
        node1 = 1
        node2Index = -1
        node2 = 2
        currentIndex = -1
        lastValue = 0
        CMaxParam ------>
        keyword = CI
        description = Maximum current
        maxOpStatus = 100
        maxOpValue = 1
        maxOpMask = 7
        errorLevel = 0
        peakDeratedMax = 1
        averageDeratedMax = 1
        rmsDeratedMax = 1
        peak = 1.91893e-06
        average = 1.707e-09
        rms = 1.25786e-06
        peakPercent = 0.000191893
        averagePercent = 1.707e-07
        rmsPercent = 0.000125786
        node1Index = -1
        node2Index = -1
        currentIndex = 0
        portName = 1
        lastValue = 0
CMaxStruct --->
devName = D1N4002
devType = DIODE
topLevelRefDes = D6
refDes = D6
spiceDesig = X
scaldPath = D6
simTemp = 27
simTime = 0.1
        CMaxParam ------>
        keyword = IF
        description = Max forward current
        maxOpStatus = 100
        maxOpValue = 1
        maxOpMask = 3
        errorLevel = 0
        peakDeratedMax = 1
        averageDeratedMax = 1
        rmsDeratedMax = 1
        peak = 0.0150301
        average = 0.0150301
        rms = 0.0150301
        peakPercent = 1.50301
        averagePercent = 1.50301
        rmsPercent = 1.50301
        node1Index = -1
        node2Index = -1
        currentIndex = -1
        portName = 1
        lastValue = 0
        CMaxParam ------>
        keyword = PDM
        description = Maximum power dissipation
        maxOpStatus = 100
        maxOpValue = 1.48
        maxOpMask = 6
        errorLevel = 0
        peakDeratedMax = 1.48
        averageDeratedMax = 1.48
        rmsDeratedMax = 1.48
        peak = 0.0107072
        average = 0.0107072
        rms = 0.0107072
        peakPercent = 0.723459
        averagePercent = 0.723459
        rmsPercent = 0.723459
        node1Index = -1
        node2Index = -1
        currentIndex = -1
        lastValue = 0
        CMaxParam ------>
        keyword = TJ
        description = Maximum junction temperature
        maxOpStatus = 100
        maxOpValue = 175
        maxOpMask = 3
        errorLevel = 0
        peakDeratedMax = 175
        averageDeratedMax = 175
        rmsDeratedMax = 175
        peak = 28.0707
        average = 28.0707
        rms = 28.0707
        peakPercent = 16.0404
        averagePercent = 16.0404
        rmsPercent = 16.0404
        node1Index = -1
        node2Index = -1
        currentIndex = -1
        lastValue = 0
        CMaxParam ------>
        keyword = VR
        description = Peak reverse voltage
        maxOpStatus = 100
        maxOpValue = 100
        maxOpMask = 4
        errorLevel = 0
        peakDeratedMax = 100
        averageDeratedMax = 100
        rmsDeratedMax = 100
        peak = -0.712384
        average = -0.712384
        rms = 0.712384
        peakPercent = 0
        averagePercent = 0
        rmsPercent = 0.712384
        node1Index = -1
        node1 = 2
        node2Index = -1
        node2 = 1
        currentIndex = -1
        lastValue = 0
CMaxStruct --->
devName = R
devType = RES
topLevelRefDes = R26
refDes = R26
spiceDesig = R
scaldPath = R26
simTemp = 27
simTime = 0.1
        CMaxParam ------>
        keyword = PDM
        description = Maximum power dissipation
        maxOpStatus = 100
        maxOpValue = 0.25
        maxOpMask = 6
        errorLevel = 0
        peakDeratedMax = 0.193659
        averageDeratedMax = 0.19366
        rmsDeratedMax = 0.19366
        peak = 0.0225908
        average = 0.0225904
        rms = 0.0225904
        peakPercent = 11.6652
        averagePercent = 11.665
        rmsPercent = 11.665
        node1Index = -1
        node2Index = -1
        currentIndex = -1
        lastValue = 0
        CMaxParam ------>
        keyword = RV
        description = Maximum voltage
        maxOpStatus = 101
        maxOpValue = 1e+35
        maxOpMask = 7
        errorLevel = 1
        peakDeratedMax = 1e+35
        averageDeratedMax = 1e+35
        rmsDeratedMax = 1e+35
        peak = -1e+100
        average = 0
        rms = 0
        peakPercent = 0
        averagePercent = 0
        rmsPercent = 0
        node1Index = -1
        node1 = 1
        node2Index = -1
        node2 = 2
        currentIndex = -1
        lastValue = 0
        CMaxParam ------>
        keyword = TB
        description = Maximum breakdown temperature
        maxOpStatus = 100
        maxOpValue = 200
        maxOpMask = 3
        errorLevel = 0
        peakDeratedMax = 200
        averageDeratedMax = 200
        rmsDeratedMax = 200
        peak = 45.0727
        average = 45.0723
        rms = 45.0723
        peakPercent = 22.5363
        averagePercent = 22.5362
        rmsPercent = 22.5362
        node1Index = -1
        node2Index = -1
        currentIndex = -1
        lastValue = 0
CMaxStruct --->
devName = C
devType = CAP
topLevelRefDes = C12
refDes = C12
spiceDesig = C
scaldPath = C12
simTemp = 27
simTime = 0.1
        CMaxParam ------>
        keyword = CV
        description = Maximum voltage
        maxOpStatus = 100
        maxOpValue = 50
        maxOpMask = 7
        errorLevel = 0
        peakDeratedMax = 50
        averageDeratedMax = 50
        rmsDeratedMax = 50
        peak = 47.7846
        average = 47.7846
        rms = 47.7846
        peakPercent = 95.5692
        averagePercent = 95.5692
        rmsPercent = 95.5692
        node1Index = -1
        node1 = 1
        node2Index = -1
        node2 = 2
        currentIndex = -1
        lastValue = 0
        CMaxParam ------>
        keyword = CI
        description = Maximum current
        maxOpStatus = 100
        maxOpValue = 1
        maxOpMask = 7
        errorLevel = 0
        peakDeratedMax = 1
        averageDeratedMax = 1
        rmsDeratedMax = 1
        peak = 1.28563e-05
        average = 5.15734e-09
        rms = 6.15316e-06
        peakPercent = 0.00128563
        averagePercent = 5.15734e-07
        rmsPercent = 0.000615316
        node1Index = -1
        node2Index = -1
        currentIndex = 0
        portName = 1
        lastValue = 0
CMaxStruct --->
devName = R
devType = RES
topLevelRefDes = R28
refDes = R28
spiceDesig = R
scaldPath = R28
simTemp = 27
simTime = 0.1
        CMaxParam ------>
        keyword = PDM
        description = Maximum power dissipation
        maxOpStatus = 100
        maxOpValue = 0.25
        maxOpMask = 6
        errorLevel = 0
        peakDeratedMax = 0
        averageDeratedMax = 0
        rmsDeratedMax = 0
        peak = 11.661
        average = 5.77782
        rms = 7.07643
        peakPercent = 1e+35
        averagePercent = 1e+35
        rmsPercent = 1e+35
        node1Index = -1
        node2Index = -1
        currentIndex = -1
        lastValue = 0
        CMaxParam ------>
        keyword = RV
        description = Maximum voltage
        maxOpStatus = 101
        maxOpValue = 1e+35
        maxOpMask = 7
        errorLevel = 1
        peakDeratedMax = 1e+35
        averageDeratedMax = 1e+35
        rmsDeratedMax = 1e+35
        peak = -1e+100
        average = 0
        rms = 0
        peakPercent = 0
        averagePercent = 0
        rmsPercent = 0
        node1Index = -1
        node1 = 1
        node2Index = -1
        node2 = 2
        currentIndex = -1
        lastValue = 0
        CMaxParam ------>
        keyword = TB
        description = Maximum breakdown temperature
        maxOpStatus = 100
        maxOpValue = 200
        maxOpMask = 3
        errorLevel = 0
        peakDeratedMax = 200
        averageDeratedMax = 200
        rmsDeratedMax = 200
        peak = 9355.82
        average = 4649.25
        rms = 5688.15
        peakPercent = 4677.91
        averagePercent = 2324.63
        rmsPercent = 2844.07
        node1Index = -1
        node2Index = -1
        currentIndex = -1
        lastValue = 0
CMaxStruct --->
devName = R
devType = RES
topLevelRefDes = R5
refDes = R5
spiceDesig = R
scaldPath = R5
simTemp = 27
simTime = 0.1
        CMaxParam ------>
        keyword = PDM
        description = Maximum power dissipation
        maxOpStatus = 100
        maxOpValue = 0.25
        maxOpMask = 6
        errorLevel = 0
        peakDeratedMax = 0.215858
        averageDeratedMax = 0.215858
        rmsDeratedMax = 0.215858
        peak = 0.000392299
        average = 0.000392005
        rms = 0.000392005
        peakPercent = 0.181739
        averagePercent = 0.181603
        rmsPercent = 0.181603
        node1Index = -1
        node2Index = -1
        currentIndex = -1
        lastValue = 0
        CMaxParam ------>
        keyword = RV
        description = Maximum voltage
        maxOpStatus = 101
        maxOpValue = 1e+35
        maxOpMask = 7
        errorLevel = 1
        peakDeratedMax = 1e+35
        averageDeratedMax = 1e+35
        rmsDeratedMax = 1e+35
        peak = -1e+100
        average = 0
        rms = 0
        peakPercent = 0
        averagePercent = 0
        rmsPercent = 0
        node1Index = -1
        node1 = 1
        node2Index = -1
        node2 = 2
        currentIndex = -1
        lastValue = 0
        CMaxParam ------>
        keyword = TB
        description = Maximum breakdown temperature
        maxOpStatus = 100
        maxOpValue = 200
        maxOpMask = 3
        errorLevel = 0
        peakDeratedMax = 200
        averageDeratedMax = 200
        rmsDeratedMax = 200
        peak = 27.3138
        average = 27.3136
        rms = 27.3136
        peakPercent = 13.6569
        averagePercent = 13.6568
        rmsPercent = 13.6568
        node1Index = -1
        node2Index = -1
        currentIndex = -1
        lastValue = 0
CMaxStruct --->
devName = R
devType = RES
topLevelRefDes = R29
refDes = R29
spiceDesig = R
scaldPath = R29
simTemp = 27
simTime = 0.1
        CMaxParam ------>
        keyword = PDM
        description = Maximum power dissipation
        maxOpStatus = 100
        maxOpValue = 0.25
        maxOpMask = 6
        errorLevel = 0
        peakDeratedMax = 0.215858
        averageDeratedMax = 0.215858
        rmsDeratedMax = 0.215858
        peak = 0.000392328
        average = 0.000392039
        rms = 0.000392039
        peakPercent = 0.181753
        averagePercent = 0.181619
        rmsPercent = 0.181619
        node1Index = -1
        node2Index = -1
        currentIndex = -1
        lastValue = 0
        CMaxParam ------>
        keyword = RV
        description = Maximum voltage
        maxOpStatus = 101
        maxOpValue = 1e+35
        maxOpMask = 7
        errorLevel = 1
        peakDeratedMax = 1e+35
        averageDeratedMax = 1e+35
        rmsDeratedMax = 1e+35
        peak = -1e+100
        average = 0
        rms = 0
        peakPercent = 0
        averagePercent = 0
        rmsPercent = 0
        node1Index = -1
        node1 = 1
        node2Index = -1
        node2 = 2
        currentIndex = -1
        lastValue = 0
        CMaxParam ------>
        keyword = TB
        description = Maximum breakdown temperature
        maxOpStatus = 100
        maxOpValue = 200
        maxOpMask = 3
        errorLevel = 0
        peakDeratedMax = 200
        averageDeratedMax = 200
        rmsDeratedMax = 200
        peak = 27.3139
        average = 27.3136
        rms = 27.3136
        peakPercent = 13.6569
        averagePercent = 13.6568
        rmsPercent = 13.6568
        node1Index = -1
        node2Index = -1
        currentIndex = -1
        lastValue = 0
CMaxStruct --->
devName = C
devType = CAP
topLevelRefDes = C2
refDes = C2
spiceDesig = C
scaldPath = C2
simTemp = 27
simTime = 0.1
        CMaxParam ------>
        keyword = CV
        description = Maximum voltage
        maxOpStatus = 100
        maxOpValue = 50
        maxOpMask = 7
        errorLevel = 0
        peakDeratedMax = 50
        averageDeratedMax = 50
        rmsDeratedMax = 50
        peak = 0.263951
        average = 0.0639142
        rms = 0.155169
        peakPercent = 0.527902
        averagePercent = 0.127828
        rmsPercent = 0.310338
        node1Index = -1
        node1 = 1
        node2Index = -1
        node2 = 2
        currentIndex = -1
        lastValue = 0
        CMaxParam ------>
        keyword = CI
        description = Maximum current
        maxOpStatus = 100
        maxOpValue = 1
        maxOpMask = 7
        errorLevel = 0
        peakDeratedMax = 1
        averageDeratedMax = 1
        rmsDeratedMax = 1
        peak = 6.00694e-07
        average = 3.76928e-13
        rms = 4.17549e-07
        peakPercent = 6.00694e-05
        averagePercent = 3.76921e-11
        rmsPercent = 4.17549e-05
        node1Index = -1
        node2Index = -1
        currentIndex = 0
        portName = 1
        lastValue = 0
CMaxStruct --->
devName = C
devType = CAP
topLevelRefDes = C1
refDes = C1
spiceDesig = C
scaldPath = C1
simTemp = 27
simTime = 0.1
        CMaxParam ------>
        keyword = CV
        description = Maximum voltage
        maxOpStatus = 100
        maxOpValue = 50
        maxOpMask = 7
        errorLevel = 0
        peakDeratedMax = 50
        averageDeratedMax = 50
        rmsDeratedMax = 50
        peak = 0.0633827
        average = 0.0630139
        rms = 0.0630143
        peakPercent = 0.126765
        averagePercent = 0.126028
        rmsPercent = 0.126029
        node1Index = -1
        node1 = 1
        node2Index = -1
        node2 = 2
        currentIndex = -1
        lastValue = 0
        CMaxParam ------>
        keyword = CI
        description = Maximum current
        maxOpStatus = 100
        maxOpValue = 1
        maxOpMask = 7
        errorLevel = 0
        peakDeratedMax = 1
        averageDeratedMax = 1
        rmsDeratedMax = 1
        peak = 6.10719e-06
        average = 5.8106e-09
        rms = 4.30992e-06
        peakPercent = 0.000610719
        averagePercent = 5.8106e-07
        rmsPercent = 0.000430992
        node1Index = -1
        node2Index = -1
        currentIndex = 0
        portName = 1
        lastValue = 0
CMaxStruct --->
devName = R
devType = RES
topLevelRefDes = R4
refDes = R4
spiceDesig = R
scaldPath = R4
simTemp = 27
simTime = 0.1
        CMaxParam ------>
        keyword = PDM
        description = Maximum power dissipation
        maxOpStatus = 100
        maxOpValue = 0.25
        maxOpMask = 6
        errorLevel = 0
        peakDeratedMax = 0.21625
        averageDeratedMax = 0.21625
        rmsDeratedMax = 0.21625
        peak = 2.96131e-09
        average = 1.80693e-09
        rms = 1.95936e-09
        peakPercent = 1.36939e-06
        averagePercent = 8.35574e-07
        rmsPercent = 9.06065e-07
        node1Index = -1
        node2Index = -1
        currentIndex = -1
        lastValue = 0
        CMaxParam ------>
        keyword = RV
        description = Maximum voltage
        maxOpStatus = 101
        maxOpValue = 1e+35
        maxOpMask = 7
        errorLevel = 1
        peakDeratedMax = 1e+35
        averageDeratedMax = 1e+35
        rmsDeratedMax = 1e+35
        peak = -1e+100
        average = 0
        rms = 0
        peakPercent = 0
        averagePercent = 0
        rmsPercent = 0
        node1Index = -1
        node1 = 1
        node2Index = -1
        node2 = 2
        currentIndex = -1
        lastValue = 0
        CMaxParam ------>
        keyword = TB
        description = Maximum breakdown temperature
        maxOpStatus = 100
        maxOpValue = 200
        maxOpMask = 3
        errorLevel = 0
        peakDeratedMax = 200
        averageDeratedMax = 200
        rmsDeratedMax = 200
        peak = 27
        average = 27
        rms = 27
        peakPercent = 13.5
        averagePercent = 13.5
        rmsPercent = 13.5
        node1Index = -1
        node2Index = -1
        currentIndex = -1
        lastValue = 0
CMaxStruct --->
devName = R
devType = RES
topLevelRefDes = R3
refDes = R3
spiceDesig = R
scaldPath = R3
simTemp = 27
simTime = 0.1
        CMaxParam ------>
        keyword = PDM
        description = Maximum power dissipation
        maxOpStatus = 100
        maxOpValue = 0.25
        maxOpMask = 6
        errorLevel = 0
        peakDeratedMax = 0.216248
        averageDeratedMax = 0.216249
        rmsDeratedMax = 0.216249
        peak = 2.09688e-06
        average = 7.26172e-07
        rms = 1.00122e-06
        peakPercent = 0.000969663
        averagePercent = 0.000335803
        rmsPercent = 0.000462995
        node1Index = -1
        node2Index = -1
        currentIndex = -1
        lastValue = 0
        CMaxParam ------>
        keyword = RV
        description = Maximum voltage
        maxOpStatus = 101
        maxOpValue = 1e+35
        maxOpMask = 7
        errorLevel = 1
        peakDeratedMax = 1e+35
        averageDeratedMax = 1e+35
        rmsDeratedMax = 1e+35
        peak = -1e+100
        average = 0
        rms = 0
        peakPercent = 0
        averagePercent = 0
        rmsPercent = 0
        node1Index = -1
        node1 = 1
        node2Index = -1
        node2 = 2
        currentIndex = -1
        lastValue = 0
        CMaxParam ------>
        keyword = TB
        description = Maximum breakdown temperature
        maxOpStatus = 100
        maxOpValue = 200
        maxOpMask = 3
        errorLevel = 0
        peakDeratedMax = 200
        averageDeratedMax = 200
        rmsDeratedMax = 200
        peak = 27.0017
        average = 27.0006
        rms = 27.0008
        peakPercent = 13.5008
        averagePercent = 13.5003
        rmsPercent = 13.5004
        node1Index = -1
        node2Index = -1
        currentIndex = -1
        lastValue = 0
CMaxStruct --->
devName = R
devType = RES
topLevelRefDes = R35
refDes = R35
spiceDesig = R
scaldPath = R35
simTemp = 27
simTime = 0.1
        CMaxParam ------>
        keyword = PDM
        description = Maximum power dissipation
        maxOpStatus = 100
        maxOpValue = 0.25
        maxOpMask = 6
        errorLevel = 0
        peakDeratedMax = 0.215724
        averageDeratedMax = 0.215724
        rmsDeratedMax = 0.215724
        peak = 0.000526167
        average = 0.000525547
        rms = 0.000525548
        peakPercent = 0.243908
        averagePercent = 0.24362
        rmsPercent = 0.24362
        node1Index = -1
        node2Index = -1
        currentIndex = -1
        lastValue = 0
        CMaxParam ------>
        keyword = RV
        description = Maximum voltage
        maxOpStatus = 101
        maxOpValue = 1e+35
        maxOpMask = 7
        errorLevel = 1
        peakDeratedMax = 1e+35
        averageDeratedMax = 1e+35
        rmsDeratedMax = 1e+35
        peak = -1e+100
        average = 0
        rms = 0
        peakPercent = 0
        averagePercent = 0
        rmsPercent = 0
        node1Index = -1
        node1 = 1
        node2Index = -1
        node2 = 2
        currentIndex = -1
        lastValue = 0
        CMaxParam ------>
        keyword = TB
        description = Maximum breakdown temperature
        maxOpStatus = 100
        maxOpValue = 200
        maxOpMask = 3
        errorLevel = 0
        peakDeratedMax = 200
        averageDeratedMax = 200
        rmsDeratedMax = 200
        peak = 27.4209
        average = 27.4204
        rms = 27.4204
        peakPercent = 13.7105
        averagePercent = 13.7102
        rmsPercent = 13.7102
        node1Index = -1
        node2Index = -1
        currentIndex = -1
        lastValue = 0
CMaxStruct --->
devName = BC846BW/PLP
devType = NPN
topLevelRefDes = Q29
refDes = Q29
spiceDesig = X
scaldPath = Q29
simTemp = 27
simTime = 0.1
        CMaxParam ------>
        keyword = IC
        description = Max collector current
        maxOpStatus = 100
        maxOpValue = 0.1
        maxOpMask = 3
        errorLevel = 0
        peakDeratedMax = 0.1
        averageDeratedMax = 0.1
        rmsDeratedMax = 0.1
        peak = 0.00197713
        average = 0.00197645
        rms = 0.00197645
        peakPercent = 1.97713
        averagePercent = 1.97645
        rmsPercent = 1.97645
        node1Index = -1
        node2Index = -1
        currentIndex = -1
        portName = C
        lastValue = 0
        CMaxParam ------>
        keyword = IB
        description = Max base current
        maxOpStatus = 101
        maxOpValue = 1e+35
        maxOpMask = 2
        errorLevel = 1
        peakDeratedMax = 1e+35
        averageDeratedMax = 1e+35
        rmsDeratedMax = 1e+35
        peak = -1e+100
        average = 0
        rms = 0
        peakPercent = 0
        averagePercent = 0
        rmsPercent = 0
        node1Index = -1
        node2Index = -1
        currentIndex = -1
        portName = B
        lastValue = 0
        CMaxParam ------>
        keyword = PDM
        description = Maximum power dissipation
        maxOpStatus = 100
        maxOpValue = 0.2
        maxOpMask = 6
        errorLevel = 2
        peakDeratedMax = 0.2
        averageDeratedMax = 0.2
        rmsDeratedMax = 0.2
        peak = 0.00252421
        average = 0.00252331
        rms = 0.00252331
        peakPercent = 1.2621
        averagePercent = 1.26166
        rmsPercent = 1.26166
        node1Index = -1
        node2Index = -1
        currentIndex = -1
        lastValue = 0
        CMaxParam ------>
        keyword = SB
        description = Maximum secondary breakdown
        maxOpStatus = 101
        maxOpValue = 1e+35
        maxOpMask = 2
        errorLevel = 1
        peakDeratedMax = 1e+35
        averageDeratedMax = 1e+35
        rmsDeratedMax = 1e+35
        peak = -1e+100
        average = 0
        rms = 0
        peakPercent = 0
        averagePercent = 0
        rmsPercent = 0
        node1Index = -1
        node1 = C
        node2Index = -1
        node2 = E
        currentIndex = -1
        portName = C
        lastValue = 0
        CMaxParam ------>
        keyword = TJ
        description = Maximum junction temperature
        maxOpStatus = 100
        maxOpValue = 150
        maxOpMask = 3
        errorLevel = 0
        peakDeratedMax = 150
        averageDeratedMax = 150
        rmsDeratedMax = 150
        peak = 27
        average = 27
        rms = 27
        peakPercent = 18
        averagePercent = 18
        rmsPercent = 18
        node1Index = -1
        node2Index = -1
        currentIndex = -1
        lastValue = 0
        CMaxParam ------>
        keyword = VCB
        description = Max C-B voltage
        maxOpStatus = 100
        maxOpValue = 80
        maxOpMask = 1
        errorLevel = 0
        peakDeratedMax = 80
        averageDeratedMax = 80
        rmsDeratedMax = 80
        peak = 0.619264
        average = 0.619261
        rms = 0.619261
        peakPercent = 0.77408
        averagePercent = 0.774076
        rmsPercent = 0.774076
        node1Index = -1
        node1 = C
        node2Index = -1
        node2 = B
        currentIndex = -1
        lastValue = 0
        CMaxParam ------>
        keyword = VCE
        description = Max C-E voltage
        maxOpStatus = 100
        maxOpValue = 65
        maxOpMask = 1
        errorLevel = 0
        peakDeratedMax = 65
        averageDeratedMax = 65
        rmsDeratedMax = 65
        peak = 1.27457
        average = 1.27456
        rms = 1.27456
        peakPercent = 1.96088
        averagePercent = 1.96086
        rmsPercent = 1.96086
        node1Index = -1
        node1 = C
        node2Index = -1
        node2 = E
        currentIndex = -1
        lastValue = 0
        CMaxParam ------>
        keyword = VEB
        description = Max E-B voltage
        maxOpStatus = 100
        maxOpValue = 5
        maxOpMask = 1
        errorLevel = 0
        peakDeratedMax = 5
        averageDeratedMax = 5
        rmsDeratedMax = 5
        peak = -0.65529
        average = -0.6553
        rms = 0.6553
        peakPercent = 0
        averagePercent = 0
        rmsPercent = 13.106
        node1Index = -1
        node1 = E
        node2Index = -1
        node2 = B
        currentIndex = -1
        lastValue = 0
CMaxStruct --->
devName = BC846BW/PLP
devType = NPN
topLevelRefDes = Q30
refDes = Q30
spiceDesig = X
scaldPath = Q30
simTemp = 27
simTime = 0.1
        CMaxParam ------>
        keyword = IC
        description = Max collector current
        maxOpStatus = 100
        maxOpValue = 0.1
        maxOpMask = 3
        errorLevel = 0
        peakDeratedMax = 0.1
        averageDeratedMax = 0.1
        rmsDeratedMax = 0.1
        peak = 0.00197696
        average = 0.00197629
        rms = 0.00197629
        peakPercent = 1.97696
        averagePercent = 1.97629
        rmsPercent = 1.97629
        node1Index = -1
        node2Index = -1
        currentIndex = -1
        portName = C
        lastValue = 0
        CMaxParam ------>
        keyword = IB
        description = Max base current
        maxOpStatus = 101
        maxOpValue = 1e+35
        maxOpMask = 2
        errorLevel = 1
        peakDeratedMax = 1e+35
        averageDeratedMax = 1e+35
        rmsDeratedMax = 1e+35
        peak = -1e+100
        average = 0
        rms = 0
        peakPercent = 0
        averagePercent = 0
        rmsPercent = 0
        node1Index = -1
        node2Index = -1
        currentIndex = -1
        portName = B
        lastValue = 0
        CMaxParam ------>
        keyword = PDM
        description = Maximum power dissipation
        maxOpStatus = 100
        maxOpValue = 0.2
        maxOpMask = 6
        errorLevel = 2
        peakDeratedMax = 0.2
        averageDeratedMax = 0.2
        rmsDeratedMax = 0.2
        peak = 0.00244443
        average = 0.00244347
        rms = 0.00244347
        peakPercent = 1.22221
        averagePercent = 1.22174
        rmsPercent = 1.22174
        node1Index = -1
        node2Index = -1
        currentIndex = -1
        lastValue = 0
        CMaxParam ------>
        keyword = SB
        description = Maximum secondary breakdown
        maxOpStatus = 101
        maxOpValue = 1e+35
        maxOpMask = 2
        errorLevel = 1
        peakDeratedMax = 1e+35
        averageDeratedMax = 1e+35
        rmsDeratedMax = 1e+35
        peak = -1e+100
        average = 0
        rms = 0
        peakPercent = 0
        averagePercent = 0
        rmsPercent = 0
        node1Index = -1
        node1 = C
        node2Index = -1
        node2 = E
        currentIndex = -1
        portName = C
        lastValue = 0
        CMaxParam ------>
        keyword = TJ
        description = Maximum junction temperature
        maxOpStatus = 100
        maxOpValue = 150
        maxOpMask = 3
        errorLevel = 0
        peakDeratedMax = 150
        averageDeratedMax = 150
        rmsDeratedMax = 150
        peak = 27
        average = 27
        rms = 27
        peakPercent = 18
        averagePercent = 18
        rmsPercent = 18
        node1Index = -1
        node2Index = -1
        currentIndex = -1
        lastValue = 0
        CMaxParam ------>
        keyword = VCB
        description = Max C-B voltage
        maxOpStatus = 100
        maxOpValue = 80
        maxOpMask = 1
        errorLevel = 0
        peakDeratedMax = 80
        averageDeratedMax = 80
        rmsDeratedMax = 80
        peak = 0.579441
        average = 0.578957
        rms = 0.578957
        peakPercent = 0.724301
        averagePercent = 0.723697
        rmsPercent = 0.723697
        node1Index = -1
        node1 = C
        node2Index = -1
        node2 = B
        currentIndex = -1
        lastValue = 0
        CMaxParam ------>
        keyword = VCE
        description = Max C-E voltage
        maxOpStatus = 100
        maxOpValue = 65
        maxOpMask = 1
        errorLevel = 0
        peakDeratedMax = 65
        averageDeratedMax = 65
        rmsDeratedMax = 65
        peak = 1.23475
        average = 1.23427
        rms = 1.23427
        peakPercent = 1.89962
        averagePercent = 1.89887
        rmsPercent = 1.89887
        node1Index = -1
        node1 = C
        node2Index = -1
        node2 = E
        currentIndex = -1
        lastValue = 0
        CMaxParam ------>
        keyword = VEB
        description = Max E-B voltage
        maxOpStatus = 100
        maxOpValue = 5
        maxOpMask = 1
        errorLevel = 0
        peakDeratedMax = 5
        averageDeratedMax = 5
        rmsDeratedMax = 5
        peak = -0.655301
        average = -0.655311
        rms = 0.655311
        peakPercent = 0
        averagePercent = 0
        rmsPercent = 13.1062
        node1Index = -1
        node1 = E
        node2Index = -1
        node2 = B
        currentIndex = -1
        lastValue = 0
CMaxStruct --->
devName = R
devType = RES
topLevelRefDes = R38
refDes = R38
spiceDesig = R
scaldPath = R38
simTemp = 27
simTime = 0.1
        CMaxParam ------>
        keyword = PDM
        description = Maximum power dissipation
        maxOpStatus = 100
        maxOpValue = 0.25
        maxOpMask = 6
        errorLevel = 0
        peakDeratedMax = 0.170548
        averageDeratedMax = 0.17055
        rmsDeratedMax = 0.17055
        peak = 0.0457015
        average = 0.0456997
        rms = 0.0456997
        peakPercent = 26.7968
        averagePercent = 26.7954
        rmsPercent = 26.7954
        node1Index = -1
        node2Index = -1
        currentIndex = -1
        lastValue = 0
        CMaxParam ------>
        keyword = RV
        description = Maximum voltage
        maxOpStatus = 101
        maxOpValue = 1e+35
        maxOpMask = 7
        errorLevel = 1
        peakDeratedMax = 1e+35
        averageDeratedMax = 1e+35
        rmsDeratedMax = 1e+35
        peak = -1e+100
        average = 0
        rms = 0
        peakPercent = 0
        averagePercent = 0
        rmsPercent = 0
        node1Index = -1
        node1 = 1
        node2Index = -1
        node2 = 2
        currentIndex = -1
        lastValue = 0
        CMaxParam ------>
        keyword = TB
        description = Maximum breakdown temperature
        maxOpStatus = 100
        maxOpValue = 200
        maxOpMask = 3
        errorLevel = 0
        peakDeratedMax = 200
        averageDeratedMax = 200
        rmsDeratedMax = 200
        peak = 63.5612
        average = 63.5597
        rms = 63.5597
        peakPercent = 31.7806
        averagePercent = 31.7799
        rmsPercent = 31.7799
        node1Index = -1
        node2Index = -1
        currentIndex = -1
        lastValue = 0
CMaxStruct --->
devName = BC556B
devType = PNP
topLevelRefDes = Q31
refDes = Q31
spiceDesig = X
scaldPath = Q31
simTemp = 27
simTime = 0.1
        CMaxParam ------>
        keyword = IC
        description = Max collector current
        maxOpStatus = 100
        maxOpValue = 0.1
        maxOpMask = 3
        errorLevel = 0
        peakDeratedMax = 0.1
        averageDeratedMax = 0.1
        rmsDeratedMax = 0.1
        peak = 0.000950926
        average = 0.000949478
        rms = 0.000949478
        peakPercent = 0.950926
        averagePercent = 0.949478
        rmsPercent = 0.949478
        node1Index = -1
        node2Index = -1
        currentIndex = -1
        portName = C
        lastValue = 0
        CMaxParam ------>
        keyword = IB
        description = Max base current
        maxOpStatus = 101
        maxOpValue = 1e+35
        maxOpMask = 2
        errorLevel = 1
        peakDeratedMax = 1e+35
        averageDeratedMax = 1e+35
        rmsDeratedMax = 1e+35
        peak = -1e+100
        average = 0
        rms = 0
        peakPercent = 0
        averagePercent = 0
        rmsPercent = 0
        node1Index = -1
        node2Index = -1
        currentIndex = -1
        portName = B
        lastValue = 0
        CMaxParam ------>
        keyword = PDM
        description = Maximum power dissipation
        maxOpStatus = 100
        maxOpValue = 0.615
        maxOpMask = 6
        errorLevel = 0
        peakDeratedMax = 0.615
        averageDeratedMax = 0.615
        rmsDeratedMax = 0.615
        peak = 0.00133363
        average = 0.00133246
        rms = 0.00133246
        peakPercent = 0.216851
        averagePercent = 0.21666
        rmsPercent = 0.21666
        node1Index = -1
        node2Index = -1
        currentIndex = -1
        lastValue = 0
        CMaxParam ------>
        keyword = SB
        description = Maximum secondary breakdown
        maxOpStatus = 101
        maxOpValue = 1e+35
        maxOpMask = 2
        errorLevel = 1
        peakDeratedMax = 1e+35
        averageDeratedMax = 1e+35
        rmsDeratedMax = 1e+35
        peak = -1e+100
        average = 0
        rms = 0
        peakPercent = 0
        averagePercent = 0
        rmsPercent = 0
        node1Index = -1
        node1 = C
        node2Index = -1
        node2 = E
        currentIndex = -1
        portName = C
        lastValue = 0
        CMaxParam ------>
        keyword = TJ
        description = Maximum junction temperature
        maxOpStatus = 100
        maxOpValue = 150
        maxOpMask = 3
        errorLevel = 0
        peakDeratedMax = 150
        averageDeratedMax = 150
        rmsDeratedMax = 150
        peak = 27.2667
        average = 27.2665
        rms = 27.2665
        peakPercent = 18.1778
        averagePercent = 18.1777
        rmsPercent = 18.1777
        node1Index = -1
        node2Index = -1
        currentIndex = -1
        lastValue = 0
        CMaxParam ------>
        keyword = VCB
        description = Max C-B voltage
        maxOpStatus = 100
        maxOpValue = 80
        maxOpMask = 1
        errorLevel = 0
        peakDeratedMax = 80
        averageDeratedMax = 80
        rmsDeratedMax = 80
        peak = 0.689226
        average = 0.688249
        rms = 0.688249
        peakPercent = 0.861532
        averagePercent = 0.860311
        rmsPercent = 0.860312
        node1Index = -1
        node1 = B
        node2Index = -1
        node2 = C
        currentIndex = -1
        lastValue = 0
        CMaxParam ------>
        keyword = VCE
        description = Max C-E voltage
        maxOpStatus = 100
        maxOpValue = 65
        maxOpMask = 1
        errorLevel = 0
        peakDeratedMax = 65
        averageDeratedMax = 65
        rmsDeratedMax = 65
        peak = 1.40193
        average = 1.40099
        rms = 1.40099
        peakPercent = 2.15682
        averagePercent = 2.15537
        rmsPercent = 2.15538
        node1Index = -1
        node1 = E
        node2Index = -1
        node2 = C
        currentIndex = -1
        lastValue = 0
        CMaxParam ------>
        keyword = VEB
        description = Max E-B voltage
        maxOpStatus = 100
        maxOpValue = 5
        maxOpMask = 1
        errorLevel = 0
        peakDeratedMax = 5
        averageDeratedMax = 5
        rmsDeratedMax = 5
        peak = -0.712706
        average = -0.712745
        rms = 0.712745
        peakPercent = 0
        averagePercent = 0
        rmsPercent = 14.2549
        node1Index = -1
        node1 = B
        node2Index = -1
        node2 = E
        currentIndex = -1
        lastValue = 0
CMaxStruct --->
devName = R
devType = RES
topLevelRefDes = R37
refDes = R37
spiceDesig = R
scaldPath = R37
simTemp = 27
simTime = 0.1
        CMaxParam ------>
        keyword = PDM
        description = Maximum power dissipation
        maxOpStatus = 100
        maxOpValue = 0.25
        maxOpMask = 6
        errorLevel = 0
        peakDeratedMax = 0.209476
        averageDeratedMax = 0.209477
        rmsDeratedMax = 0.209477
        peak = 0.0067741
        average = 0.0067734
        rms = 0.0067734
        peakPercent = 3.23383
        averagePercent = 3.23349
        rmsPercent = 3.23349
        node1Index = -1
        node2Index = -1
        currentIndex = -1
        lastValue = 0
        CMaxParam ------>
        keyword = RV
        description = Maximum voltage
        maxOpStatus = 101
        maxOpValue = 1e+35
        maxOpMask = 7
        errorLevel = 1
        peakDeratedMax = 1e+35
        averageDeratedMax = 1e+35
        rmsDeratedMax = 1e+35
        peak = -1e+100
        average = 0
        rms = 0
        peakPercent = 0
        averagePercent = 0
        rmsPercent = 0
        node1Index = -1
        node1 = 1
        node2Index = -1
        node2 = 2
        currentIndex = -1
        lastValue = 0
        CMaxParam ------>
        keyword = TB
        description = Maximum breakdown temperature
        maxOpStatus = 100
        maxOpValue = 200
        maxOpMask = 3
        errorLevel = 0
        peakDeratedMax = 200
        averageDeratedMax = 200
        rmsDeratedMax = 200
        peak = 32.4193
        average = 32.4187
        rms = 32.4187
        peakPercent = 16.2096
        averagePercent = 16.2094
        rmsPercent = 16.2094
        node1Index = -1
        node2Index = -1
        currentIndex = -1
        lastValue = 0
CMaxStruct --->
devName = BC846B
devType = NPN
topLevelRefDes = Q43
refDes = Q43
spiceDesig = X
scaldPath = Q43
simTemp = 27
simTime = 0.1
        CMaxParam ------>
        keyword = IC
        description = Max collector current
        maxOpStatus = 100
        maxOpValue = 0.1
        maxOpMask = 3
        errorLevel = 0
        peakDeratedMax = 0.1
        averageDeratedMax = 0.1
        rmsDeratedMax = 0.1
        peak = 0.000804659
        average = 0.00080287
        rms = 0.000802871
        peakPercent = 0.804659
        averagePercent = 0.80287
        rmsPercent = 0.802871
        node1Index = -1
        node2Index = -1
        currentIndex = -1
        portName = C
        lastValue = 0
        CMaxParam ------>
        keyword = IB
        description = Max base current
        maxOpStatus = 101
        maxOpValue = 1e+35
        maxOpMask = 2
        errorLevel = 1
        peakDeratedMax = 1e+35
        averageDeratedMax = 1e+35
        rmsDeratedMax = 1e+35
        peak = -1e+100
        average = 0
        rms = 0
        peakPercent = 0
        averagePercent = 0
        rmsPercent = 0
        node1Index = -1
        node2Index = -1
        currentIndex = -1
        portName = B
        lastValue = 0
        CMaxParam ------>
        keyword = PDM
        description = Maximum power dissipation
        maxOpStatus = 100
        maxOpValue = 0.33
        maxOpMask = 6
        errorLevel = 0
        peakDeratedMax = 0.33
        averageDeratedMax = 0.33
        rmsDeratedMax = 0.33
        peak = 0.0378677
        average = 0.0377839
        rms = 0.0377839
        peakPercent = 11.4751
        averagePercent = 11.4497
        rmsPercent = 11.4497
        node1Index = -1
        node2Index = -1
        currentIndex = -1
        lastValue = 0
        CMaxParam ------>
        keyword = SB
        description = Maximum secondary breakdown
        maxOpStatus = 101
        maxOpValue = 1e+35
        maxOpMask = 2
        errorLevel = 1
        peakDeratedMax = 1e+35
        averageDeratedMax = 1e+35
        rmsDeratedMax = 1e+35
        peak = -1e+100
        average = 0
        rms = 0
        peakPercent = 0
        averagePercent = 0
        rmsPercent = 0
        node1Index = -1
        node1 = C
        node2Index = -1
        node2 = E
        currentIndex = -1
        portName = C
        lastValue = 0
        CMaxParam ------>
        keyword = TJ
        description = Maximum junction temperature
        maxOpStatus = 100
        maxOpValue = 150
        maxOpMask = 3
        errorLevel = 0
        peakDeratedMax = 150
        averageDeratedMax = 150
        rmsDeratedMax = 150
        peak = 38.739
        average = 38.713
        rms = 38.713
        peakPercent = 25.826
        averagePercent = 25.8087
        rmsPercent = 25.8087
        node1Index = -1
        node2Index = -1
        currentIndex = -1
        lastValue = 0
        CMaxParam ------>
        keyword = VCB
        description = Max C-B voltage
        maxOpStatus = 100
        maxOpValue = 80
        maxOpMask = 1
        errorLevel = 0
        peakDeratedMax = 80
        averageDeratedMax = 80
        rmsDeratedMax = 80
        peak = 46.416
        average = 46.4155
        rms = 46.4155
        peakPercent = 58.02
        averagePercent = 58.0194
        rmsPercent = 58.0194
        node1Index = -1
        node1 = C
        node2Index = -1
        node2 = B
        currentIndex = -1
        lastValue = 0
        CMaxParam ------>
        keyword = VCE
        description = Max C-E voltage
        maxOpStatus = 100
        maxOpValue = 65
        maxOpMask = 1
        errorLevel = 0
        peakDeratedMax = 65
        averageDeratedMax = 65
        rmsDeratedMax = 65
        peak = 47.0601
        average = 47.0597
        rms = 47.0597
        peakPercent = 72.4001
        averagePercent = 72.3995
        rmsPercent = 72.3995
        node1Index = -1
        node1 = C
        node2Index = -1
        node2 = E
        currentIndex = -1
        lastValue = 0
        CMaxParam ------>
        keyword = VEB
        description = Max E-B voltage
        maxOpStatus = 100
        maxOpValue = 6
        maxOpMask = 1
        errorLevel = 0
        peakDeratedMax = 6
        averageDeratedMax = 6
        rmsDeratedMax = 6
        peak = -0.644099
        average = -0.644146
        rms = 0.644146
        peakPercent = 0
        averagePercent = 0
        rmsPercent = 10.7358
        node1Index = -1
        node1 = E
        node2Index = -1
        node2 = B
        currentIndex = -1
        lastValue = 0
CMaxStruct --->
devName = C
devType = CAP
topLevelRefDes = C26
refDes = C26
spiceDesig = C
scaldPath = C26
simTemp = 27
simTime = 0.1
        CMaxParam ------>
        keyword = CV
        description = Maximum voltage
        maxOpStatus = 100
        maxOpValue = 50
        maxOpMask = 7
        errorLevel = 0
        peakDeratedMax = 50
        averageDeratedMax = 50
        rmsDeratedMax = 50
        peak = 53.6306
        average = 45.584
        rms = 45.9414
        peakPercent = 107.261
        averagePercent = 91.1681
        rmsPercent = 91.8827
        node1Index = -1
        node1 = 1
        node2Index = -1
        node2 = 2
        currentIndex = -1
        lastValue = 0
        CMaxParam ------>
        keyword = CI
        description = Maximum current
        maxOpStatus = 100
        maxOpValue = 1
        maxOpMask = 7
        errorLevel = 0
        peakDeratedMax = 1
        averageDeratedMax = 1
        rmsDeratedMax = 1
        peak = 1.46673e-06
        average = 9.57756e-13
        rms = 9.70443e-07
        peakPercent = 0.000146673
        averagePercent = 9.57789e-11
        rmsPercent = 9.70443e-05
        node1Index = -1
        node2Index = -1
        currentIndex = 0
        portName = 1
        lastValue = 0
CMaxStruct --->
devName = R
devType = RES
topLevelRefDes = R39
refDes = R39
spiceDesig = R
scaldPath = R39
simTemp = 27
simTime = 0.1
        CMaxParam ------>
        keyword = PDM
        description = Maximum power dissipation
        maxOpStatus = 100
        maxOpValue = 0.25
        maxOpMask = 6
        errorLevel = 0
        peakDeratedMax = 0.21625
        averageDeratedMax = 0.21625
        rmsDeratedMax = 0.21625
        peak = 3.72978e-11
        average = 1.85754e-11
        rms = 2.27509e-11
        peakPercent = 1.72475e-08
        averagePercent = 8.58977e-09
        rmsPercent = 1.05207e-08
        node1Index = -1
        node2Index = -1
        currentIndex = -1
        lastValue = 0
        CMaxParam ------>
        keyword = RV
        description = Maximum voltage
        maxOpStatus = 101
        maxOpValue = 1e+35
        maxOpMask = 7
        errorLevel = 1
        peakDeratedMax = 1e+35
        averageDeratedMax = 1e+35
        rmsDeratedMax = 1e+35
        peak = -1e+100
        average = 0
        rms = 0
        peakPercent = 0
        averagePercent = 0
        rmsPercent = 0
        node1Index = -1
        node1 = 1
        node2Index = -1
        node2 = 2
        currentIndex = -1
        lastValue = 0
        CMaxParam ------>
        keyword = TB
        description = Maximum breakdown temperature
        maxOpStatus = 100
        maxOpValue = 200
        maxOpMask = 3
        errorLevel = 0
        peakDeratedMax = 200
        averageDeratedMax = 200
        rmsDeratedMax = 200
        peak = 27
        average = 27
        rms = 27
        peakPercent = 13.5
        averagePercent = 13.5
        rmsPercent = 13.5
        node1Index = -1
        node2Index = -1
        currentIndex = -1
        lastValue = 0
CMaxStruct --->
devName = C
devType = CAP
topLevelRefDes = C29
refDes = C29
spiceDesig = C
scaldPath = C29
simTemp = 27
simTime = 0.1
        CMaxParam ------>
        keyword = CV
        description = Maximum voltage
        maxOpStatus = 100
        maxOpValue = 50
        maxOpMask = 7
        errorLevel = 0
        peakDeratedMax = 50
        averageDeratedMax = 50
        rmsDeratedMax = 50
        peak = 6.69348
        average = 0.0747314
        rms = 4.66661
        peakPercent = 13.387
        averagePercent = 0.149463
        rmsPercent = 9.33322
        node1Index = -1
        node1 = 1
        node2Index = -1
        node2 = 2
        currentIndex = -1
        lastValue = 0
        CMaxParam ------>
        keyword = CI
        description = Maximum current
        maxOpStatus = 100
        maxOpValue = 1
        maxOpMask = 7
        errorLevel = 0
        peakDeratedMax = 1
        averageDeratedMax = 1
        rmsDeratedMax = 1
        peak = 7.70323e-07
        average = 7.43553e-13
        rms = 5.27721e-07
        peakPercent = 7.70323e-05
        averagePercent = 7.43516e-11
        rmsPercent = 5.27721e-05
        node1Index = -1
        node2Index = -1
        currentIndex = 0
        portName = 1
        lastValue = 0
